Archive member included because of file (symbol)

c:/381/quartus/nios2eds/bin/gnu/h-i686-mingw32/bin/../lib/gcc/nios2-elf/4.1.2/../../../../nios2-elf/lib/mno-hw-mul\libc.a(lib_a-malloc.o)
                              obj/default/hello_world.o (free)
c:/381/quartus/nios2eds/bin/gnu/h-i686-mingw32/bin/../lib/gcc/nios2-elf/4.1.2/../../../../nios2-elf/lib/mno-hw-mul\libc.a(lib_a-mallocr.o)
                              c:/381/quartus/nios2eds/bin/gnu/h-i686-mingw32/bin/../lib/gcc/nios2-elf/4.1.2/../../../../nios2-elf/lib/mno-hw-mul\libc.a(lib_a-malloc.o) (_malloc_r)
c:/381/quartus/nios2eds/bin/gnu/h-i686-mingw32/bin/../lib/gcc/nios2-elf/4.1.2/../../../../nios2-elf/lib/mno-hw-mul\libc.a(lib_a-printf.o)
                              obj/default/hello_world.o (printf)
c:/381/quartus/nios2eds/bin/gnu/h-i686-mingw32/bin/../lib/gcc/nios2-elf/4.1.2/../../../../nios2-elf/lib/mno-hw-mul\libc.a(lib_a-putchar.o)
                              obj/default/hello_world.o (putchar)
c:/381/quartus/nios2eds/bin/gnu/h-i686-mingw32/bin/../lib/gcc/nios2-elf/4.1.2/../../../../nios2-elf/lib/mno-hw-mul\libc.a(lib_a-puts.o)
                              obj/default/hello_world.o (puts)
c:/381/quartus/nios2eds/bin/gnu/h-i686-mingw32/bin/../lib/gcc/nios2-elf/4.1.2/../../../../nios2-elf/lib/mno-hw-mul\libc.a(lib_a-sbrkr.o)
                              c:/381/quartus/nios2eds/bin/gnu/h-i686-mingw32/bin/../lib/gcc/nios2-elf/4.1.2/../../../../nios2-elf/lib/mno-hw-mul\libc.a(lib_a-mallocr.o) (_sbrk_r)
c:/381/quartus/nios2eds/bin/gnu/h-i686-mingw32/bin/../lib/gcc/nios2-elf/4.1.2/../../../../nios2-elf/lib/mno-hw-mul\libc.a(lib_a-strcpy.o)
                              obj/default/hello_world.o (strcpy)
c:/381/quartus/nios2eds/bin/gnu/h-i686-mingw32/bin/../lib/gcc/nios2-elf/4.1.2/../../../../nios2-elf/lib/mno-hw-mul\libc.a(lib_a-strlen.o)
                              c:/381/quartus/nios2eds/bin/gnu/h-i686-mingw32/bin/../lib/gcc/nios2-elf/4.1.2/../../../../nios2-elf/lib/mno-hw-mul\libc.a(lib_a-puts.o) (strlen)
c:/381/quartus/nios2eds/bin/gnu/h-i686-mingw32/bin/../lib/gcc/nios2-elf/4.1.2/../../../../nios2-elf/lib/mno-hw-mul\libc.a(lib_a-strstr.o)
                              obj/default/hello_world.o (strstr)
c:/381/quartus/nios2eds/bin/gnu/h-i686-mingw32/bin/../lib/gcc/nios2-elf/4.1.2/../../../../nios2-elf/lib/mno-hw-mul\libc.a(lib_a-vfprintf.o)
                              c:/381/quartus/nios2eds/bin/gnu/h-i686-mingw32/bin/../lib/gcc/nios2-elf/4.1.2/../../../../nios2-elf/lib/mno-hw-mul\libc.a(lib_a-printf.o) (___vfprintf_internal_r)
c:/381/quartus/nios2eds/bin/gnu/h-i686-mingw32/bin/../lib/gcc/nios2-elf/4.1.2/../../../../nios2-elf/lib/mno-hw-mul\libc.a(lib_a-wsetup.o)
                              c:/381/quartus/nios2eds/bin/gnu/h-i686-mingw32/bin/../lib/gcc/nios2-elf/4.1.2/../../../../nios2-elf/lib/mno-hw-mul\libc.a(lib_a-vfprintf.o) (__swsetup_r)
c:/381/quartus/nios2eds/bin/gnu/h-i686-mingw32/bin/../lib/gcc/nios2-elf/4.1.2/../../../../nios2-elf/lib/mno-hw-mul\libc.a(lib_a-dtoa.o)
                              c:/381/quartus/nios2eds/bin/gnu/h-i686-mingw32/bin/../lib/gcc/nios2-elf/4.1.2/../../../../nios2-elf/lib/mno-hw-mul\libc.a(lib_a-vfprintf.o) (_dtoa_r)
c:/381/quartus/nios2eds/bin/gnu/h-i686-mingw32/bin/../lib/gcc/nios2-elf/4.1.2/../../../../nios2-elf/lib/mno-hw-mul\libc.a(lib_a-fflush.o)
                              c:/381/quartus/nios2eds/bin/gnu/h-i686-mingw32/bin/../lib/gcc/nios2-elf/4.1.2/../../../../nios2-elf/lib/mno-hw-mul\libc.a(lib_a-vfprintf.o) (_fflush_r)
c:/381/quartus/nios2eds/bin/gnu/h-i686-mingw32/bin/../lib/gcc/nios2-elf/4.1.2/../../../../nios2-elf/lib/mno-hw-mul\libc.a(lib_a-findfp.o)
                              c:/381/quartus/nios2eds/bin/gnu/h-i686-mingw32/bin/../lib/gcc/nios2-elf/4.1.2/../../../../nios2-elf/lib/mno-hw-mul\libc.a(lib_a-vfprintf.o) (__sinit)
c:/381/quartus/nios2eds/bin/gnu/h-i686-mingw32/bin/../lib/gcc/nios2-elf/4.1.2/../../../../nios2-elf/lib/mno-hw-mul\libc.a(lib_a-freer.o)
                              c:/381/quartus/nios2eds/bin/gnu/h-i686-mingw32/bin/../lib/gcc/nios2-elf/4.1.2/../../../../nios2-elf/lib/mno-hw-mul\libc.a(lib_a-malloc.o) (_free_r)
c:/381/quartus/nios2eds/bin/gnu/h-i686-mingw32/bin/../lib/gcc/nios2-elf/4.1.2/../../../../nios2-elf/lib/mno-hw-mul\libc.a(lib_a-fvwrite.o)
                              c:/381/quartus/nios2eds/bin/gnu/h-i686-mingw32/bin/../lib/gcc/nios2-elf/4.1.2/../../../../nios2-elf/lib/mno-hw-mul\libc.a(lib_a-puts.o) (__sfvwrite_r)
c:/381/quartus/nios2eds/bin/gnu/h-i686-mingw32/bin/../lib/gcc/nios2-elf/4.1.2/../../../../nios2-elf/lib/mno-hw-mul\libc.a(lib_a-fwalk.o)
                              c:/381/quartus/nios2eds/bin/gnu/h-i686-mingw32/bin/../lib/gcc/nios2-elf/4.1.2/../../../../nios2-elf/lib/mno-hw-mul\libc.a(lib_a-fflush.o) (_fwalk_reent)
c:/381/quartus/nios2eds/bin/gnu/h-i686-mingw32/bin/../lib/gcc/nios2-elf/4.1.2/../../../../nios2-elf/lib/mno-hw-mul\libc.a(lib_a-impure.o)
[...]
Memory Configuration

Name             Origin             Length             Attributes
reset            0x00800000         0x00000020
sdram            0x00800020         0x007fffe0
onchip_memory2_0 0x01083000         0x00001000
*default*        0x00000000         0xffffffff

Linker script and memory map

LOAD ../tutorial1d//obj/HAL/src/crt0.o
LOAD obj/default/hello_world.o
LOAD c:/381/quartus/nios2eds/bin/gnu/h-i686-mingw32/bin/../lib/gcc/nios2-elf/4.1.2/../../../../nios2-elf/lib/mno-hw-mul\libstdc++.a
LOAD c:/381/quartus/nios2eds/bin/gnu/h-i686-mingw32/bin/../lib/gcc/nios2-elf/4.1.2/../../../../nios2-elf/lib/mno-hw-mul\libm.a
LOAD c:/381/quartus/nios2eds/bin/gnu/h-i686-mingw32/bin/../lib/gcc/nios2-elf/4.1.2/mno-hw-mul\libgcc.a
START GROUP
LOAD c:/381/quartus/nios2eds/bin/gnu/h-i686-mingw32/bin/../lib/gcc/nios2-elf/4.1.2/../../../../nios2-elf/lib/mno-hw-mul\libc.a
LOAD c:/381/quartus/nios2eds/bin/gnu/h-i686-mingw32/bin/../lib/gcc/nios2-elf/4.1.2/mno-hw-mul\libgcc.a
LOAD ../tutorial1d/\libhal_bsp.a
END GROUP
LOAD c:/381/quartus/nios2eds/bin/gnu/h-i686-mingw32/bin/../lib/gcc/nios2-elf/4.1.2/mno-hw-mul\libgcc.a
                0x00800000                __alt_mem_sdram = 0x800000
                0x01083000                __alt_mem_onchip_memory2_0 = 0x1083000

.entry          0x00800000       0x20
 *(.entry)
 .entry         0x00800000       0x20 ../tutorial1d//obj/HAL/src/crt0.o
                0x00800000                __reset

.exceptions     0x00800020      0x198
                0x00800020                PROVIDE (__ram_exceptions_start, ABSOLUTE (.))
                0x00800020                . = ALIGN (0x20)
 *(.irq)
 *(.exceptions.entry.label)
 .exceptions.entry.label
                0x00800020        0x0 ../tutorial1d/\libhal_bsp.a(alt_irq_entry.o)
                0x00800020                alt_irq_entry
 .exceptions.entry.label
                0x00800020        0x0 ../tutorial1d/\libhal_bsp.a(alt_exception_entry.o)
                0x00800020                alt_exception
 *(.exceptions.entry.user)
 *(.exceptions.entry)
 .exceptions.entry
                0x00800020       0x54 ../tutorial1d/\libhal_bsp.a(alt_exception_entry.o)
 *(.exceptions.irqtest.user)
 *(.exceptions.irqtest)
 .exceptions.irqtest
                0x00800074       0x10 ../tutorial1d/\libhal_bsp.a(alt_irq_entry.o)
 *(.exceptions.irqhandler.user)
 *(.exceptions.irqhandler)
 .exceptions.irqhandler
                0x00800084        0x4 ../tutorial1d/\libhal_bsp.a(alt_irq_entry.o)
 *(.exceptions.irqreturn.user)
 *(.exceptions.irqreturn)
 .exceptions.irqreturn
                0x00800088        0x4 ../tutorial1d/\libhal_bsp.a(alt_irq_entry.o)
 *(.exceptions.notirq.label)
 .exceptions.notirq.label
                0x0080008c        0x0 ../tutorial1d/\libhal_bsp.a(alt_irq_entry.o)
 *(.exceptions.notirq.user)
 *(.exceptions.notirq)
 .exceptions.notirq
                0x0080008c        0x8 ../tutorial1d/\libhal_bsp.a(alt_exception_entry.o)
 *(.exceptions.soft.user)
 *(.exceptions.soft)
 *(.exceptions.unknown.user)
 *(.exceptions.unknown)
 .exceptions.unknown
                0x00800094        0x4 ../tutorial1d/\libhal_bsp.a(alt_exception_entry.o)
 *(.exceptions.exit.label)
 .exceptions.exit.label
                0x00800098        0x0 ../tutorial1d/\libhal_bsp.a(alt_irq_entry.o)
 .exceptions.exit.label
                0x00800098        0x0 ../tutorial1d/\libhal_bsp.a(alt_exception_entry.o)
 *(.exceptions.exit.user)
 *(.exceptions.exit)
 .exceptions.exit
                0x00800098       0x54 ../tutorial1d/\libhal_bsp.a(alt_exception_entry.o)
 *(.exceptions)
 .exceptions    0x008000ec       0xcc ../tutorial1d/\libhal_bsp.a(alt_irq_handler.o)
                0x008000ec                alt_irq_handler
                0x008001b8                PROVIDE (__ram_exceptions_end, ABSOLUTE (.))
                0x00800020                PROVIDE (__flash_exceptions_start, LOADADDR (.exceptions))

.text           0x008001b8    0x1477c
                0x008001b8                PROVIDE (stext, ABSOLUTE (.))
 *(.interp)
 *(.hash)
 *(.dynsym)
 *(.dynstr)
 *(.gnu.version)
 *(.gnu.version_d)
 *(.gnu.version_r)
 *(.rel.init)
 *(.rela.init)
 *(.rel.text .rel.text.* .rel.gnu.linkonce.t.*)
 *(.rela.text .rela.text.* .rela.gnu.linkonce.t.*)
 *(.rel.fini)
 *(.rela.fini)
 *(.rel.rodata .rel.rodata.* .rel.gnu.linkonce.r.*)
 *(.rela.rodata .rela.rodata.* .rela.gnu.linkonce.r.*)
 *(.rel.data .rel.data.* .rel.gnu.linkonce.d.*)
 *(.rela.data .rela.data.* .rela.gnu.linkonce.d.*)
 *(.rel.tdata .rel.tdata.* .rel.gnu.linkonce.td.*)
 *(.rela.tdata .rela.tdata.* .rela.gnu.linkonce.td.*)
 *(.rel.tbss .rel.tbss.* .rel.gnu.linkonce.tb.*)
 *(.rela.tbss .rela.tbss.* .rela.gnu.linkonce.tb.*)
 *(.rel.ctors)
 *(.rela.ctors)
 *(.rel.dtors)
 *(.rela.dtors)
 *(.rel.got)
 *(.rela.got)
 *(.rel.sdata .rel.sdata.* .rel.gnu.linkonce.s.*)
 *(.rela.sdata .rela.sdata.* .rela.gnu.linkonce.s.*)
 *(.rel.sbss .rel.sbss.* .rel.gnu.linkonce.sb.*)
 *(.rela.sbss .rela.sbss.* .rela.gnu.linkonce.sb.*)
 *(.rel.sdata2 .rel.sdata2.* .rel.gnu.linkonce.s2.*)
 *(.rela.sdata2 .rela.sdata2.* .rela.gnu.linkonce.s2.*)
 *(.rel.sbss2 .rel.sbss2.* .rel.gnu.linkonce.sb2.*)
 *(.rela.sbss2 .rela.sbss2.* .rela.gnu.linkonce.sb2.*)
 *(.rel.bss .rel.bss.* .rel.gnu.linkonce.b.*)
 *(.rela.bss .rela.bss.* .rela.gnu.linkonce.b.*)
 *(.rel.plt)
 *(.rela.plt)
 *(.rel.dyn)
 *(.init)
 *(.plt)
 *(.text .stub .text.* .gnu.linkonce.t.*)
 .text          0x008001b8       0x3c ../tutorial1d//obj/HAL/src/crt0.o
                0x008001b8                _start
 .text          0x008001f4      0xac8 obj/default/hello_world.o
                0x0080023c                play_wav
                0x008002dc                stop_sound
                0x0080030c                pause_sound
                0x00800338                resume_sound
                0x00800364                read_wav
                0x0080046c                readWavFromSDCARD
                0x008005d8                configure_audio
                0x00800664                AddItem
                0x00800750                RemoveItem
                0x00800790                getItem
                0x008007e8                PrintQueue
                0x00800880                getItemAt
                0x00800944                readSongsFromSDCard
                0x00800bb0                main
 .text          0x00800cbc       0x28 c:/381/quartus/nios2eds/bin/gnu/h-i686-mingw32/bin/../lib/gcc/nios2-elf/4.1.2/../../../../nios2-elf/lib/mno-hw-mul\libc.a(lib_a-malloc.o)
                0x00800cbc                free
                0x00800cd0                malloc
 .text          0x00800ce4      0x740 c:/381/quartus/nios2eds/bin/gnu/h-i686-mingw32/bin/../lib/gcc/nios2-elf/4.1.2/../../../../nios2-elf/lib/mno-hw-mul\libc.a(lib_a-mallocr.o)
                0x00800ce4                _malloc_r
 .text          0x00801424       0x78 c:/381/quartus/nios2eds/bin/gnu/h-i686-mingw32/bin/../lib/gcc/nios2-elf/4.1.2/../../../../nios2-elf/lib/mno-hw-mul\libc.a(lib_a-printf.o)
                0x00801424                printf
                0x00801468                _printf_r
 .text          0x0080149c       0x24 c:/381/quartus/nios2eds/bin/gnu/h-i686-mingw32/bin/../lib/gcc/nios2-elf/4.1.2/../../../../nios2-elf/lib/mno-hw-mul\libc.a(lib_a-putchar.o)
                0x0080149c                putchar
                0x008014b8                _putchar_r
 .text          0x008014c0       0xb4 c:/381/quartus/nios2eds/bin/gnu/h-i686-mingw32/bin/../lib/gcc/nios2-elf/4.1.2/../../../../nios2-elf/lib/mno-hw-mul\libc.a(lib_a-puts.o)
                0x008014c0                _puts_r
                0x00801560                puts
 .text          0x00801574       0x70 c:/381/quartus/nios2eds/bin/gnu/h-i686-mingw32/bin/../lib/gcc/nios2-elf/4.1.2/../../../../nios2-elf/lib/mno-hw-mul\libc.a(lib_a-sbrkr.o)
                0x00801574                _sbrk_r
 .text          0x008015e4       0x8c c:/381/quartus/nios2eds/bin/gnu/h-i686-mingw32/bin/../lib/gcc/nios2-elf/4.1.2/../../../../nios2-elf/lib/mno-hw-mul\libc.a(lib_a-strcpy.o)
                0x008015e4                strcpy
 .text          0x00801670       0x74 c:/381/quartus/nios2eds/bin/gnu/h-i686-mingw32/bin/../lib/gcc/nios2-elf/4.1.2/../../../../nios2-elf/lib/mno-hw-mul\libc.a(lib_a-strlen.o)
                0x00801670                strlen
 .text          0x008016e4      0x794 c:/381/quartus/nios2eds/bin/gnu/h-i686-mingw32/bin/../lib/gcc/nios2-elf/4.1.2/../../../../nios2-elf/lib/mno-hw-mul\libc.a(lib_a-strstr.o)
                0x00801818                strstr
 .text          0x00801e78     0x1f40 c:/381/quartus/nios2eds/bin/gnu/h-i686-mingw32/bin/../lib/gcc/nios2-elf/4.1.2/../../../../nios2-elf/lib/mno-hw-mul\libc.a(lib_a-vfprintf.o)
                0x00801ed0                ___vfprintf_internal_r
                0x00803d94                __vfprintf_internal
 .text          0x00803db8      0x13c c:/381/quartus/nios2eds/bin/gnu/h-i686-mingw32/bin/../lib/gcc/nios2-elf/4.1.2/../../../../nios2-elf/lib/mno-hw-mul\libc.a(lib_a-wsetup.o)
                0x00803db8                __swsetup_r
 .text          0x00803ef4     0x17f8 c:/381/quartus/nios2eds/bin/gnu/h-i686-mingw32/bin/../lib/gcc/nios2-elf/4.1.2/../../../../nios2-elf/lib/mno-hw-mul\libc.a(lib_a-dtoa.o)
                0x00804138                _dtoa_r
 .text          0x008056ec      0x230 c:/381/quartus/nios2eds/bin/gnu/h-i686-mingw32/bin/../lib/gcc/nios2-elf/4.1.2/../../../../nios2-elf/lib/mno-hw-mul\libc.a(lib_a-fflush.o)
                0x008056ec                _fflush_r
                0x008058e8                fflush
 .text          0x0080591c      0x2f4 c:/381/quartus/nios2eds/bin/gnu/h-i686-mingw32/bin/../lib/gcc/nios2-elf/4.1.2/../../../../nios2-elf/lib/mno-hw-mul\libc.a(lib_a-findfp.o)
                0x00805974                __sfp_lock_acquire
                0x00805978                __sfp_lock_release
                0x0080597c                __sinit_lock_acquire
                0x00805980                __sinit_lock_release
                0x00805984                __sinit
                0x00805a38                __fp_unlock_all
                0x00805a50                __fp_lock_all
                0x00805a68                _cleanup_r
                0x00805a74                _cleanup
                0x00805a84                __sfmoreglue
                0x00805b20                __sfp
 .text          0x00805c10      0x440 c:/381/quartus/nios2eds/bin/gnu/h-i686-mingw32/bin/../lib/gcc/nios2-elf/4.1.2/../../../../nios2-elf/lib/mno-hw-mul\libc.a(lib_a-freer.o)
                0x00805c10                _malloc_trim_r
                0x00805d3c                _free_r
 .text          0x00806050      0x49c c:/381/quartus/nios2eds/bin/gnu/h-i686-mingw32/bin/../lib/gcc/nios2-elf/4.1.2/../../../../nios2-elf/lib/mno-hw-mul\libc.a(lib_a-fvwrite.o)
                0x00806050                __sfvwrite_r
 .text          0x008064ec      0x180 c:/381/quartus/nios2eds/bin/gnu/h-i686-mingw32/bin/../lib/gcc/nios2-elf/4.1.2/../../../../nios2-elf/lib/mno-hw-mul\libc.a(lib_a-fwalk.o)
                0x008064ec                _fwalk_reent
                0x008065b4                _fwalk
 .text          0x0080666c        0x0 c:/381/quartus/nios2eds/bin/gnu/h-i686-mingw32/bin/../lib/gcc/nios2-elf/4.1.2/../../../../nios2-elf/lib/mno-hw-mul\libc.a(lib_a-impure.o)
 .text          0x0080666c        0x0 c:/381/quartus/nios2eds/bin/gnu/h-i686-mingw32/bin/../lib/gcc/nios2-elf/4.1.2/../../../../nios2-elf/lib/mno-hw-mul\libc.a(lib_a-int_errno.o)
 .text          0x0080666c       0xc4 c:/381/quartus/nios2eds/bin/gnu/h-i686-mingw32/bin/../lib/gcc/nios2-elf/4.1.2/../../../../nios2-elf/lib/mno-hw-mul\libc.a(lib_a-locale.o)
                0x0080666c                __locale_charset
                0x00806674                _localeconv_r
                0x00806680                localeconv
                0x00806690                _setlocale_r
                0x00806714                setlocale
 .text          0x00806730      0x194 c:/381/quartus/nios2eds/bin/gnu/h-i686-mingw32/bin/../lib/gcc/nios2-elf/4.1.2/../../../../nios2-elf/lib/mno-hw-mul\libc.a(lib_a-makebuf.o)
                0x00806730                __smakebuf_r
 .text          0x008068c4       0xe4 c:/381/quartus/nios2eds/bin/gnu/h-i686-mingw32/bin/../lib/gcc/nios2-elf/4.1.2/../../../../nios2-elf/lib/mno-hw-mul\libc.a(lib_a-memchr.o)
                0x008068c4                memchr
 .text          0x008069a8       0x74 c:/381/quartus/nios2eds/bin/gnu/h-i686-mingw32/bin/../lib/gcc/nios2-elf/4.1.2/../../../../nios2-elf/lib/mno-hw-mul\libc.a(lib_a-memcmp.o)
                0x008069a8                memcmp
 .text          0x00806a1c       0xa0 c:/381/quartus/nios2eds/bin/gnu/h-i686-mingw32/bin/../lib/gcc/nios2-elf/4.1.2/../../../../nios2-elf/lib/mno-hw-mul\libc.a(lib_a-memcpy.o)
                0x00806a1c                memcpy
 .text          0x00806abc       0xe0 c:/381/quartus/nios2eds/bin/gnu/h-i686-mingw32/bin/../lib/gcc/nios2-elf/4.1.2/../../../../nios2-elf/lib/mno-hw-mul\libc.a(lib_a-memmove.o)
                0x00806abc                memmove
 .text          0x00806b9c       0x98 c:/381/quartus/nios2eds/bin/gnu/h-i686-mingw32/bin/../lib/gcc/nios2-elf/4.1.2/../../../../nios2-elf/lib/mno-hw-mul\libc.a(lib_a-memset.o)
                0x00806b9c                memset
 .text          0x00806c34     0x108c c:/381/quartus/nios2eds/bin/gnu/h-i686-mingw32/bin/../lib/gcc/nios2-elf/4.1.2/../../../../nios2-elf/lib/mno-hw-mul\libc.a(lib_a-mprec.o)
                0x00806c34                _Bfree
                0x00806c5c                __hi0bits
                0x00806ccc                __lo0bits
                0x00806d90                __mcmp
                0x00806df0                __ulp
                0x00806e70                __b2d
                0x00806f90                __ratio
                0x00807040                _mprec_log10
                0x008070d4                __copybits
                0x0080712c                __any_on
                0x008071b4                _Balloc
                0x00807270                __d2b
                0x008073ec                __mdiff
                0x00807578                __lshift
                0x008076c4                __multiply
                0x00807918                __i2b
                0x00807954                __multadd
                0x00807a80                __pow5mult
                0x00807ba0                __s2b
 .text          0x00807cc0      0x1ec c:/381/quartus/nios2eds/bin/gnu/h-i686-mingw32/bin/../lib/gcc/nios2-elf/4.1.2/../../../../nios2-elf/lib/mno-hw-mul\libc.a(lib_a-putc.o)
                0x00807cc0                putc
                0x00807dc4                _putc_r
 .text          0x00807eac      0x5f4 c:/381/quartus/nios2eds/bin/gnu/h-i686-mingw32/bin/../lib/gcc/nios2-elf/4.1.2/../../../../nios2-elf/lib/mno-hw-mul\libc.a(lib_a-reallocr.o)
                0x00807eac                _realloc_r
 .text          0x008084a0       0x40 c:/381/quartus/nios2eds/bin/gnu/h-i686-mingw32/bin/../lib/gcc/nios2-elf/4.1.2/../../../../nios2-elf/lib/mno-hw-mul\libc.a(lib_a-s_isinfd.o)
                0x008084a0                __isinfd
 .text          0x008084e0       0x30 c:/381/quartus/nios2eds/bin/gnu/h-i686-mingw32/bin/../lib/gcc/nios2-elf/4.1.2/../../../../nios2-elf/lib/mno-hw-mul\libc.a(lib_a-s_isnand.o)
                0x008084e0                __isnand
 .text          0x00808510      0x14c c:/381/quartus/nios2eds/bin/gnu/h-i686-mingw32/bin/../lib/gcc/nios2-elf/4.1.2/../../../../nios2-elf/lib/mno-hw-mul\libc.a(lib_a-stdio.o)
                0x00808510                __sclose
                0x00808518                __sseek
                0x00808580                __swrite
                0x008085fc                __sread
 .text          0x0080865c       0xe0 c:/381/quartus/nios2eds/bin/gnu/h-i686-mingw32/bin/../lib/gcc/nios2-elf/4.1.2/../../../../nios2-elf/lib/mno-hw-mul\libc.a(lib_a-strchr.o)
                0x0080865c                strchr
 .text          0x0080873c       0xbc c:/381/quartus/nios2eds/bin/gnu/h-i686-mingw32/bin/../lib/gcc/nios2-elf/4.1.2/../../../../nios2-elf/lib/mno-hw-mul\libc.a(lib_a-strcmp.o)
                0x0080873c                strcmp
 .text          0x008087f8      0x14c c:/381/quartus/nios2eds/bin/gnu/h-i686-mingw32/bin/../lib/gcc/nios2-elf/4.1.2/../../../../nios2-elf/lib/mno-hw-mul\libc.a(lib_a-wbuf.o)
                0x008087f8                __swbuf_r
                0x00808928                __swbuf
 .text          0x00808944       0x78 c:/381/quartus/nios2eds/bin/gnu/h-i686-mingw32/bin/../lib/gcc/nios2-elf/4.1.2/../../../../nios2-elf/lib/mno-hw-mul\libc.a(lib_a-writer.o)
                0x00808944                _write_r
 .text          0x008089bc       0xc8 c:/381/quartus/nios2eds/bin/gnu/h-i686-mingw32/bin/../lib/gcc/nios2-elf/4.1.2/../../../../nios2-elf/lib/mno-hw-mul\libc.a(lib_a-callocr.o)
                0x008089bc                _calloc_r
 .text          0x00808a84       0x70 c:/381/quartus/nios2eds/bin/gnu/h-i686-mingw32/bin/../lib/gcc/nios2-elf/4.1.2/../../../../nios2-elf/lib/mno-hw-mul\libc.a(lib_a-closer.o)
                0x00808a84                _close_r
 .text          0x00808af4      0x124 c:/381/quartus/nios2eds/bin/gnu/h-i686-mingw32/bin/../lib/gcc/nios2-elf/4.1.2/../../../../nios2-elf/lib/mno-hw-mul\libc.a(lib_a-fclose.o)
                0x00808af4                _fclose_r
                0x00808c04                fclose
 .text          0x00808c18       0x74 c:/381/quartus/nios2eds/bin/gnu/h-i686-mingw32/bin/../lib/gcc/nios2-elf/4.1.2/../../../../nios2-elf/lib/mno-hw-mul\libc.a(lib_a-fstatr.o)
                0x00808c18                _fstat_r
 .text          0x00808c8c       0x70 c:/381/quartus/nios2eds/bin/gnu/h-i686-mingw32/bin/../lib/gcc/nios2-elf/4.1.2/../../../../nios2-elf/lib/mno-hw-mul\libc.a(lib_a-isattyr.o)
                0x00808c8c                _isatty_r
 .text          0x00808cfc       0x78 c:/381/quartus/nios2eds/bin/gnu/h-i686-mingw32/bin/../lib/gcc/nios2-elf/4.1.2/../../../../nios2-elf/lib/mno-hw-mul\libc.a(lib_a-lseekr.o)
                0x00808cfc                _lseek_r
 .text          0x00808d74       0x78 c:/381/quartus/nios2eds/bin/gnu/h-i686-mingw32/bin/../lib/gcc/nios2-elf/4.1.2/../../../../nios2-elf/lib/mno-hw-mul\libc.a(lib_a-readr.o)
                0x00808d74                _read_r
 .text          0x00808dec      0x66c c:/381/quartus/nios2eds/bin/gnu/h-i686-mingw32/bin/../lib/gcc/nios2-elf/4.1.2/mno-hw-mul\libgcc.a(_udivdi3.o)
                0x00808dec                __udivdi3
 .text          0x00809458      0x660 c:/381/quartus/nios2eds/bin/gnu/h-i686-mingw32/bin/../lib/gcc/nios2-elf/4.1.2/mno-hw-mul\libgcc.a(_umoddi3.o)
                0x00809458                __umoddi3
 .text          0x00809ab8      0x504 c:/381/quartus/nios2eds/bin/gnu/h-i686-mingw32/bin/../lib/gcc/nios2-elf/4.1.2/mno-hw-mul\libgcc.a(_addsub_df.o)
                0x00809ec8                __subdf3
                0x00809f48                __adddf3
 .text          0x00809fbc      0x3c4 c:/381/quartus/nios2eds/bin/gnu/h-i686-mingw32/bin/../lib/gcc/nios2-elf/4.1.2/mno-hw-mul\libgcc.a(_mul_df.o)
                0x00809fbc                __muldf3
 .text          0x0080a380      0x258 c:/381/quartus/nios2eds/bin/gnu/h-i686-mingw32/bin/../lib/gcc/nios2-elf/4.1.2/mno-hw-mul\libgcc.a(_div_df.o)
                0x0080a380                __divdf3
 .text          0x0080a5d8       0x88 c:/381/quartus/nios2eds/bin/gnu/h-i686-mingw32/bin/../lib/gcc/nios2-elf/4.1.2/mno-hw-mul\libgcc.a(_eq_df.o)
                0x0080a5d8                __eqdf2
 .text          0x0080a660       0x88 c:/381/quartus/nios2eds/bin/gnu/h-i686-mingw32/bin/../lib/gcc/nios2-elf/4.1.2/mno-hw-mul\libgcc.a(_ne_df.o)
                0x0080a660                __nedf2
 .text          0x0080a6e8       0x88 c:/381/quartus/nios2eds/bin/gnu/h-i686-mingw32/bin/../lib/gcc/nios2-elf/4.1.2/mno-hw-mul\libgcc.a(_gt_df.o)
                0x0080a6e8                __gtdf2
 .text          0x0080a770       0x88 c:/381/quartus/nios2eds/bin/gnu/h-i686-mingw32/bin/../lib/gcc/nios2-elf/4.1.2/mno-hw-mul\libgcc.a(_ge_df.o)
                0x0080a770                __gedf2
 .text          0x0080a7f8       0x88 c:/381/quartus/nios2eds/bin/gnu/h-i686-mingw32/bin/../lib/gcc/nios2-elf/4.1.2/mno-hw-mul\libgcc.a(_lt_df.o)
                0x0080a7f8                __ltdf2
 .text          0x0080a880       0xf8 c:/381/quartus/nios2eds/bin/gnu/h-i686-mingw32/bin/../lib/gcc/nios2-elf/4.1.2/mno-hw-mul\libgcc.a(_si_to_df.o)
                0x0080a880                __floatsidf
 .text          0x0080a978       0xd8 c:/381/quartus/nios2eds/bin/gnu/h-i686-mingw32/bin/../lib/gcc/nios2-elf/4.1.2/mno-hw-mul\libgcc.a(_df_to_si.o)
                0x0080a978                __fixdfsi
 .text          0x0080aa50        0x0 c:/381/quartus/nios2eds/bin/gnu/h-i686-mingw32/bin/../lib/gcc/nios2-elf/4.1.2/mno-hw-mul\libgcc.a(_thenan_df.o)
 .text          0x0080aa50      0x194 c:/381/quartus/nios2eds/bin/gnu/h-i686-mingw32/bin/../lib/gcc/nios2-elf/4.1.2/mno-hw-mul\libgcc.a(_usi_to_df.o)
                0x0080aa50                __floatunsidf
 .text          0x0080abe4      0x14c c:/381/quartus/nios2eds/bin/gnu/h-i686-mingw32/bin/../lib/gcc/nios2-elf/4.1.2/mno-hw-mul\libgcc.a(lib2-divmod.o)
                0x0080ac60                __divsi3
                0x0080acc0                __modsi3
                0x0080ad20                __udivsi3
                0x0080ad28                __umodsi3
 .text          0x0080ad30       0x38 c:/381/quartus/nios2eds/bin/gnu/h-i686-mingw32/bin/../lib/gcc/nios2-elf/4.1.2/mno-hw-mul\libgcc.a(lib2-mul.o)
                0x0080ad30                __mulsi3
 .text          0x0080ad68      0x124 c:/381/quartus/nios2eds/bin/gnu/h-i686-mingw32/bin/../lib/gcc/nios2-elf/4.1.2/mno-hw-mul\libgcc.a(_muldi3.o)
                0x0080ad68                __muldi3
 .text          0x0080ae8c        0x0 c:/381/quartus/nios2eds/bin/gnu/h-i686-mingw32/bin/../lib/gcc/nios2-elf/4.1.2/mno-hw-mul\libgcc.a(_clz.o)
 .text          0x0080ae8c       0x80 c:/381/quartus/nios2eds/bin/gnu/h-i686-mingw32/bin/../lib/gcc/nios2-elf/4.1.2/mno-hw-mul\libgcc.a(_clzsi2.o)
                0x0080ae8c                __clzsi2
 .text          0x0080af0c      0x314 c:/381/quartus/nios2eds/bin/gnu/h-i686-mingw32/bin/../lib/gcc/nios2-elf/4.1.2/mno-hw-mul\libgcc.a(_pack_df.o)
                0x0080af0c                __pack_d
 .text          0x0080b220      0x138 c:/381/quartus/nios2eds/bin/gnu/h-i686-mingw32/bin/../lib/gcc/nios2-elf/4.1.2/mno-hw-mul\libgcc.a(_unpack_df.o)
                0x0080b220                __unpack_d
 .text          0x0080b358       0xc8 c:/381/quartus/nios2eds/bin/gnu/h-i686-mingw32/bin/../lib/gcc/nios2-elf/4.1.2/mno-hw-mul\libgcc.a(_fpcmp_parts_df.o)
                0x0080b358                __fpcmp_parts_d
 .text          0x0080b420      0x160 ../tutorial1d/\libhal_bsp.a(alt_close.o)
                0x0080b420                close
 .text          0x0080b580       0x2c ../tutorial1d/\libhal_bsp.a(alt_dev.o)
 .text          0x0080b5ac        0x0 ../tutorial1d/\libhal_bsp.a(alt_errno.o)
 .text          0x0080b5ac      0x138 ../tutorial1d/\libhal_bsp.a(alt_fstat.o)
                0x0080b5ac                fstat
 .text          0x0080b6e4      0x1c0 ../tutorial1d/\libhal_bsp.a(alt_irq_register.o)
                0x0080b6e4                alt_irq_register
 .text          0x0080b8a4        0x0 ../tutorial1d/\libhal_bsp.a(alt_irq_vars.o)
 .text          0x0080b8a4      0x124 ../tutorial1d/\libhal_bsp.a(alt_isatty.o)
                0x0080b8a4                isatty
 .text          0x0080b9c8       0xec ../tutorial1d/\libhal_bsp.a(alt_load.o)
                0x0080b9c8                alt_load
 .text          0x0080bab4      0x154 ../tutorial1d/\libhal_bsp.a(alt_lseek.o)
                0x0080bab4                lseek
 .text          0x0080bc08       0x6c ../tutorial1d/\libhal_bsp.a(alt_main.o)
                0x0080bc08                alt_main
 .text          0x0080bc74       0x40 ../tutorial1d/\libhal_bsp.a(alt_malloc_lock.o)
                0x0080bc74                __malloc_lock
                0x0080bc94                __malloc_unlock
 .text          0x0080bcb4      0x258 ../tutorial1d/\libhal_bsp.a(alt_printf.o)
                0x0080bcb4                alt_printf
 .text          0x0080bf0c       0x40 ../tutorial1d/\libhal_bsp.a(alt_putchar.o)
                0x0080bf0c                alt_putchar
 .text          0x0080bf4c      0x184 ../tutorial1d/\libhal_bsp.a(alt_read.o)
                0x0080bf4c                read
 .text          0x0080c0d0       0x78 ../tutorial1d/\libhal_bsp.a(alt_release_fd.o)
                0x0080c0d0                alt_release_fd
 .text          0x0080c148       0xbc ../tutorial1d/\libhal_bsp.a(alt_sbrk.o)
                0x0080c148                sbrk
 .text          0x0080c204      0x184 ../tutorial1d/\libhal_bsp.a(alt_write.o)
                0x0080c204                write
 .text          0x0080c388      0x3d0 ../tutorial1d/\libhal_bsp.a(alt_sys_init.o)
                0x0080c388                alt_irq_init
                0x0080c3bc                alt_sys_init
 .text          0x0080c758      0x148 ../tutorial1d/\libhal_bsp.a(altera_avalon_jtag_uart_fd.o)
                0x0080c758                altera_avalon_jtag_uart_read_fd
                0x0080c7b0                altera_avalon_jtag_uart_write_fd
                0x0080c808                altera_avalon_jtag_uart_close_fd
                0x0080c850                altera_avalon_jtag_uart_ioctl_fd
 .text          0x0080c8a0      0x408 ../tutorial1d/\libhal_bsp.a(altera_avalon_jtag_uart_init.o)
                0x0080c8a0                altera_avalon_jtag_uart_init
                0x0080cc34                altera_avalon_jtag_uart_close
 .text          0x0080cca8       0xf4 ../tutorial1d/\libhal_bsp.a(altera_avalon_jtag_uart_ioctl.o)
                0x0080cca8                altera_avalon_jtag_uart_ioctl
 .text          0x0080cd9c      0x224 ../tutorial1d/\libhal_bsp.a(altera_avalon_jtag_uart_read.o)
                0x0080cd9c                altera_avalon_jtag_uart_read
 .text          0x0080cfc0      0x240 ../tutorial1d/\libhal_bsp.a(altera_avalon_jtag_uart_write.o)
                0x0080cfc0                altera_avalon_jtag_uart_write
 .text          0x0080d200      0x80c ../tutorial1d/\libhal_bsp.a(altera_up_avalon_audio.o)
                0x0080d200                alt_up_audio_open_dev
                0x0080d240                alt_up_audio_enable_read_interrupt
                0x0080d28c                alt_up_audio_disable_read_interrupt
                0x0080d2dc                alt_up_audio_enable_write_interrupt
                0x0080d328                alt_up_audio_disable_write_interrupt
                0x0080d378                alt_up_audio_read_interrupt_pending
                0x0080d3b4                alt_up_audio_write_interrupt_pending
                0x0080d3f0                alt_up_audio_reset_audio_core
                0x0080d478                alt_up_audio_read_fifo_avail
                0x0080d4e8                alt_up_audio_record_r
                0x0080d558                alt_up_audio_record_l
                0x0080d5c8                alt_up_audio_write_fifo_space
                0x0080d63c                alt_up_audio_play_r
                0x0080d6ac                alt_up_audio_play_l
                0x0080d71c                alt_up_audio_read_fifo
                0x0080d820                alt_up_audio_write_fifo
                0x0080d94c                alt_up_audio_read_fifo_head
                0x0080d9ac                alt_up_audio_write_fifo_head
 .text          0x0080da0c      0x788 ../tutorial1d/\libhal_bsp.a(altera_up_avalon_audio_and_video_config.o)
                0x0080da0c                alt_up_av_config_open_dev
                0x0080da70                alt_up_av_config_write_data
                0x0080dad4                alt_up_av_config_read_data
                0x0080db60                alt_up_av_config_reset
                0x0080db98                alt_up_av_config_enable_interrupt
                0x0080dbd0                alt_up_av_config_disable_interrupt
                0x0080dc00                alt_up_av_config_read_acknowledge
                0x0080dc68                alt_up_av_config_read_ready
                0x0080dca0                alt_up_av_config_write_audio_cfg_register
                0x0080dd4c                alt_up_av_config_read_video_cfg_register
                0x0080de44                alt_up_av_config_write_video_cfg_register
                0x0080df3c                alt_up_av_config_read_DC2_cfg_register
                0x0080dfa0                alt_up_av_config_write_DC2_cfg_register
                0x0080e004                alt_up_av_config_read_D5M_cfg_register
                0x0080e068                alt_up_av_config_write_D5M_cfg_register
                0x0080e0cc                alt_up_av_config_read_LTM_cfg_register
                0x0080e130                alt_up_av_config_write_LTM_cfg_register
 .text          0x0080e194      0x530 ../tutorial1d/\libhal_bsp.a(altera_up_avalon_character_lcd.o)
                0x0080e194                get_DDRAM_addr
                0x0080e210                alt_up_character_lcd_send_cmd
                0x0080e244                alt_up_character_lcd_init
                0x0080e278                alt_up_character_lcd_open_dev
                0x0080e2b8                alt_up_character_lcd_write
                0x0080e330                alt_up_character_lcd_string
                0x0080e3a8                alt_up_character_lcd_write_fd
                0x0080e3f4                alt_up_character_lcd_set_cursor_pos
                0x0080e46c                alt_up_character_lcd_shift_cursor
                0x0080e51c                alt_up_character_lcd_shift_display
                0x0080e5cc                alt_up_character_lcd_erase_pos
                0x0080e65c                alt_up_character_lcd_cursor_off
                0x0080e690                alt_up_character_lcd_cursor_blink_on
 .text          0x0080e6c4      0x700 ../tutorial1d/\libhal_bsp.a(altera_up_avalon_ps2.o)
                0x0080e6c4                read_RI_bit
                0x0080e6f8                read_RE_bit
                0x0080e728                read_CE_bit
                0x0080e75c                read_num_bytes_available
                0x0080e790                read_data_valid
                0x0080e7c4                read_data_byte
                0x0080e7f0                alt_up_ps2_init
                0x0080e8bc                alt_up_ps2_enable_read_interrupt
                0x0080e910                alt_up_ps2_disable_read_interrupt
                0x0080e968                alt_up_ps2_write_data_byte
                0x0080e9e0                alt_up_ps2_wait_for_ack
                0x0080ea50                alt_up_ps2_write_data_byte_with_ack
                0x0080eabc                alt_up_ps2_read_data_byte_timeout
                0x0080eb6c                alt_up_ps2_read_data_byte
                0x0080ebe8                alt_up_ps2_clear_fifo
                0x0080ec40                alt_up_ps2_read_fd
                0x0080ecdc                alt_up_ps2_write_fd
                0x0080ed84                alt_up_ps2_open_dev
 .text          0x0080edc4      0x398 ../tutorial1d/\libhal_bsp.a(altera_up_avalon_rs232.o)
                0x0080edc4                alt_up_rs232_enable_read_interrupt
                0x0080ee18                alt_up_rs232_disable_read_interrupt
                0x0080ee70                alt_up_rs232_get_used_space_in_read_FIFO
                0x0080eeac                alt_up_rs232_get_available_space_in_write_FIFO
                0x0080eeec                alt_up_rs232_check_parity
                0x0080ef3c                alt_up_rs232_write_data
                0x0080ef84                alt_up_rs232_read_data
                0x0080eff8                alt_up_rs232_read_fd
                0x0080f088                alt_up_rs232_write_fd
                0x0080f11c                alt_up_rs232_open_dev
 .text          0x0080f15c      0x304 ../tutorial1d/\libhal_bsp.a(altera_up_avalon_video_character_buffer_with_dma.o)
                0x0080f15c                alt_up_char_buffer_init
                0x0080f1e0                alt_up_char_buffer_open_dev
                0x0080f220                alt_up_char_buffer_draw
                0x0080f2f0                alt_up_char_buffer_string
                0x0080f404                alt_up_char_buffer_clear
 .text          0x0080f460     0x4448 ../tutorial1d/\libhal_bsp.a(altera_up_sd_card_avalon_interface.o)
                0x0080f460                Write_Sector_Data
                0x0080f528                Save_Modified_Sector
                0x0080f578                Read_Sector_Data
                0x0080f674                get_cluster_flag
                0x0080f72c                mark_cluster
                0x0080f810                Check_for_Master_Boot_Record
                0x0080f9c0                Read_File_Record_At_Offset
                0x0080fc44                Write_File_Record_At_Offset
                0x0080fefc                Check_for_DOS_FAT
                0x00810544                Look_for_FAT16
                0x0081063c                filename_to_upper_case
                0x0081070c                check_file_name_for_FAT16_compliance
                0x0081099c                get_dir_divider_location
                0x00810a5c                match_file_record_to_name_ext
                0x00810d48                get_home_directory_cluster_for_file
                0x0081125c                find_file_in_directory
                0x008116c0                find_first_empty_cluster
                0x00811864                find_first_empty_record_in_a_subdirectory
                0x00811ab0                find_first_empty_record_in_root_directory
                0x00811bdc                convert_filename_to_name_extension
                0x00811d94                create_file
                0x00812070                copy_file_record_name_to_string
                0x008121c4                alt_up_sd_card_open_dev
                0x00812288                alt_up_sd_card_is_Present
                0x00812350                alt_up_sd_card_is_FAT16
                0x008123c4                alt_up_sd_card_find_first
                0x00812498                alt_up_sd_card_find_next
                0x00812848                alt_up_sd_card_fopen
                0x00812bf0                alt_up_sd_card_set_attributes
                0x00812c80                alt_up_sd_card_get_attributes
                0x00812d0c                alt_up_sd_card_read
                0x008130b0                alt_up_sd_card_write
                0x008136d4                alt_up_sd_card_fclose
 .text          0x008138a8      0x154 ../tutorial1d/\libhal_bsp.a(alt_alarm_start.o)
                0x008138a8                alt_alarm_start
 .text          0x008139fc       0x1c ../tutorial1d/\libhal_bsp.a(alt_dcache_flush_all.o)
                0x008139fc                alt_dcache_flush_all
 .text          0x00813a18      0x114 ../tutorial1d/\libhal_bsp.a(alt_dev_llist_insert.o)
                0x00813a18                alt_dev_llist_insert
 .text          0x00813b2c       0x64 ../tutorial1d/\libhal_bsp.a(alt_do_ctors.o)
                0x00813b2c                _do_ctors
 .text          0x00813b90       0x64 ../tutorial1d/\libhal_bsp.a(alt_do_dtors.o)
                0x00813b90                _do_dtors
 .text          0x00813bf4       0x94 ../tutorial1d/\libhal_bsp.a(alt_find_dev.o)
                0x00813bf4                alt_find_dev
 .text          0x00813c88       0x30 ../tutorial1d/\libhal_bsp.a(alt_icache_flush_all.o)
                0x00813c88                alt_icache_flush_all
 .text          0x00813cb8      0x150 ../tutorial1d/\libhal_bsp.a(alt_io_redirect.o)
                0x00813d90                alt_io_redirect
 .text          0x00813e08        0x0 ../tutorial1d/\libhal_bsp.a(alt_irq_entry.o)
 .text          0x00813e08        0x0 ../tutorial1d/\libhal_bsp.a(alt_irq_handler.o)
 .text          0x00813e08      0x2e4 ../tutorial1d/\libhal_bsp.a(alt_open.o)
                0x00813f00                open
 .text          0x008140ec      0x1a4 ../tutorial1d/\libhal_bsp.a(alt_tick.o)
                0x008140ec                alt_alarm_stop
                0x00814184                alt_tick
 .text          0x00814290       0x20 ../tutorial1d/\libhal_bsp.a(altera_nios2_qsys_irq.o)
                0x00814290                altera_nios2_qsys_irq_init
 .text          0x008142b0        0x0 ../tutorial1d/\libhal_bsp.a(alt_exception_entry.o)
 .text          0x008142b0      0x120 ../tutorial1d/\libhal_bsp.a(alt_find_file.o)
                0x008142b0                alt_find_file
 .text          0x008143d0       0xd0 ../tutorial1d/\libhal_bsp.a(alt_get_fd.o)
                0x008143d0                alt_get_fd
 .text          0x008144a0       0x90 ../tutorial1d/\libhal_bsp.a(alt_icache_flush.o)
                0x008144a0                alt_icache_flush
 .text          0x00814530       0x14 c:/381/quartus/nios2eds/bin/gnu/h-i686-mingw32/bin/../lib/gcc/nios2-elf/4.1.2/../../../../nios2-elf/lib/mno-hw-mul\libc.a(lib_a-atexit.o)
                0x00814530                atexit
 .text          0x00814544       0x38 c:/381/quartus/nios2eds/bin/gnu/h-i686-mingw32/bin/../lib/gcc/nios2-elf/4.1.2/../../../../nios2-elf/lib/mno-hw-mul\libc.a(lib_a-exit.o)
                0x00814544                exit
 .text          0x0081457c      0x134 c:/381/quartus/nios2eds/bin/gnu/h-i686-mingw32/bin/../lib/gcc/nios2-elf/4.1.2/../../../../nios2-elf/lib/mno-hw-mul\libc.a(lib_a-__atexit.o)
                0x0081457c                __register_exitproc
 .text          0x008146b0      0x1b4 c:/381/quartus/nios2eds/bin/gnu/h-i686-mingw32/bin/../lib/gcc/nios2-elf/4.1.2/../../../../nios2-elf/lib/mno-hw-mul\libc.a(lib_a-__call_atexit.o)
                0x008146b4                __call_exitprocs
 .text          0x00814864       0x60 ../tutorial1d/\libhal_bsp.a(alt_exit.o)
                0x008148a4                _exit
 *(.gnu.warning.*)
 *(.fini)
                0x008148c4                PROVIDE (__etext, ABSOLUTE (.))
                0x008148c4                PROVIDE (_etext, ABSOLUTE (.))
                0x008148c4                PROVIDE (etext, ABSOLUTE (.))
 *(.eh_frame_hdr)
                0x008148c4                . = ALIGN (0x4)
                0x008148c4                PROVIDE (__preinit_array_start, ABSOLUTE (.))
 *(.preinit_array)
                0x008148c4                PROVIDE (__preinit_array_end, ABSOLUTE (.))
                0x008148c4                PROVIDE (__init_array_start, ABSOLUTE (.))
 *(.init_array)
                0x008148c4                PROVIDE (__init_array_end, ABSOLUTE (.))
                0x008148c4                PROVIDE (__fini_array_start, ABSOLUTE (.))
 *(.fini_array)
                0x008148c4                PROVIDE (__fini_array_end, ABSOLUTE (.))
 *(.eh_frame)
 .eh_frame      0x008148c4       0x40 c:/381/quartus/nios2eds/bin/gnu/h-i686-mingw32/bin/../lib/gcc/nios2-elf/4.1.2/mno-hw-mul\libgcc.a(_udivdi3.o)
 .eh_frame      0x00814904       0x2c c:/381/quartus/nios2eds/bin/gnu/h-i686-mingw32/bin/../lib/gcc/nios2-elf/4.1.2/mno-hw-mul\libgcc.a(_umoddi3.o)
                                 0x40 (size before relaxing)
 *(.gcc_except_table)
 *(.dynamic)
                0x00814930                PROVIDE (__CTOR_LIST__, ABSOLUTE (.))
 *(.ctors)
 *(SORT(.ctors.*))
 .ctors.65535   0x00814930        0x4 c:/381/quartus/nios2eds/bin/gnu/h-i686-mingw32/bin/../lib/gcc/nios2-elf/4.1.2/../../../../nios2-elf/lib/mno-hw-mul\libc.a(lib_a-__call_atexit.o)
                0x00814934                PROVIDE (__CTOR_END__, ABSOLUTE (.))
                0x00814934                PROVIDE (__DTOR_LIST__, ABSOLUTE (.))
 *(.dtors)
 *(SORT(.dtors.*))
                0x00814934                PROVIDE (__DTOR_END__, ABSOLUTE (.))
 *(.jcr)
                0x00814934                . = ALIGN (0x4)

.rodata         0x00814934      0x5e8
                0x00814934                PROVIDE (__ram_rodata_start, ABSOLUTE (.))
                0x00814934                . = ALIGN (0x4)
 *(.rodata .rodata.* .gnu.linkonce.r.*)
 .rodata        0x00814934      0x180 obj/default/hello_world.o
 .rodata.str1.4
                0x00814ab4        0x2 c:/381/quartus/nios2eds/bin/gnu/h-i686-mingw32/bin/../lib/gcc/nios2-elf/4.1.2/../../../../nios2-elf/lib/mno-hw-mul\libc.a(lib_a-puts.o)
                                  0x4 (size before relaxing)
 *fill*         0x00814ab6        0x2 00
 .rodata.str1.4
                0x00814ab8       0x5e c:/381/quartus/nios2eds/bin/gnu/h-i686-mingw32/bin/../lib/gcc/nios2-elf/4.1.2/../../../../nios2-elf/lib/mno-hw-mul\libc.a(lib_a-vfprintf.o)
                                 0x60 (size before relaxing)
 .rodata        0x00814b16       0x20 c:/381/quartus/nios2eds/bin/gnu/h-i686-mingw32/bin/../lib/gcc/nios2-elf/4.1.2/../../../../nios2-elf/lib/mno-hw-mul\libc.a(lib_a-vfprintf.o)
 *fill*         0x00814b36        0x2 00
 .rodata.str1.4
                0x00814b38       0x10 c:/381/quartus/nios2eds/bin/gnu/h-i686-mingw32/bin/../lib/gcc/nios2-elf/4.1.2/../../../../nios2-elf/lib/mno-hw-mul\libc.a(lib_a-dtoa.o)
                                 0x14 (size before relaxing)
 .rodata.str1.4
                0x00814b48        0x2 c:/381/quartus/nios2eds/bin/gnu/h-i686-mingw32/bin/../lib/gcc/nios2-elf/4.1.2/../../../../nios2-elf/lib/mno-hw-mul\libc.a(lib_a-impure.o)
                                  0x4 (size before relaxing)
 *fill*         0x00814b4a        0x2 00
 .rodata.str1.4
                0x00814b4c       0x10 c:/381/quartus/nios2eds/bin/gnu/h-i686-mingw32/bin/../lib/gcc/nios2-elf/4.1.2/../../../../nios2-elf/lib/mno-hw-mul\libc.a(lib_a-locale.o)
                                 0x18 (size before relaxing)
 .rodata        0x00814b5c       0x30 c:/381/quartus/nios2eds/bin/gnu/h-i686-mingw32/bin/../lib/gcc/nios2-elf/4.1.2/../../../../nios2-elf/lib/mno-hw-mul\libc.a(lib_a-locale.o)
 .rodata        0x00814b8c      0x124 c:/381/quartus/nios2eds/bin/gnu/h-i686-mingw32/bin/../lib/gcc/nios2-elf/4.1.2/../../../../nios2-elf/lib/mno-hw-mul\libc.a(lib_a-mprec.o)
                0x00814b8c                __mprec_tens
                0x00814c54                __mprec_bigtens
                0x00814c7c                __mprec_tinytens
 .rodata        0x00814cb0       0x14 c:/381/quartus/nios2eds/bin/gnu/h-i686-mingw32/bin/../lib/gcc/nios2-elf/4.1.2/mno-hw-mul\libgcc.a(_thenan_df.o)
                0x00814cb0                __thenan_df
 .rodata        0x00814cc4      0x100 c:/381/quartus/nios2eds/bin/gnu/h-i686-mingw32/bin/../lib/gcc/nios2-elf/4.1.2/mno-hw-mul\libgcc.a(_clz.o)
                0x00814cc4                __clz_tab
 .rodata        0x00814dc4        0xc ../tutorial1d/\libhal_bsp.a(alt_dev.o)
 .rodata        0x00814dd0       0x14 ../tutorial1d/\libhal_bsp.a(alt_main.o)
 .rodata        0x00814de4      0x11c ../tutorial1d/\libhal_bsp.a(alt_sys_init.o)
 .rodata        0x00814f00       0x1c ../tutorial1d/\libhal_bsp.a(altera_up_avalon_video_character_buffer_with_dma.o)
 *(.rodata1)
                0x00814f1c                . = ALIGN (0x4)
                0x00814f1c                PROVIDE (__ram_rodata_end, ABSOLUTE (.))
                0x00814934                PROVIDE (__flash_rodata_start, LOADADDR (.rodata))

.rwdata         0x00814f1c     0x1c44 load address 0x00816b60
                0x00814f1c                PROVIDE (__ram_rwdata_start, ABSOLUTE (.))
                0x00814f1c                . = ALIGN (0x4)
 *(.got.plt)
 *(.got)
 *(.data1)
 *(.data .data.* .gnu.linkonce.d.*)
 .data          0x00814f1c        0x0 ../tutorial1d//obj/HAL/src/crt0.o
 .data          0x00814f1c        0x0 obj/default/hello_world.o
 .data          0x00814f1c        0x0 c:/381/quartus/nios2eds/bin/gnu/h-i686-mingw32/bin/../lib/gcc/nios2-elf/4.1.2/../../../../nios2-elf/lib/mno-hw-mul\libc.a(lib_a-malloc.o)
 .data          0x00814f1c      0x408 c:/381/quartus/nios2eds/bin/gnu/h-i686-mingw32/bin/../lib/gcc/nios2-elf/4.1.2/../../../../nios2-elf/lib/mno-hw-mul\libc.a(lib_a-mallocr.o)
                0x00814f1c                __malloc_av_
 .data          0x00815324        0x0 c:/381/quartus/nios2eds/bin/gnu/h-i686-mingw32/bin/../lib/gcc/nios2-elf/4.1.2/../../../../nios2-elf/lib/mno-hw-mul\libc.a(lib_a-printf.o)
 .data          0x00815324        0x0 c:/381/quartus/nios2eds/bin/gnu/h-i686-mingw32/bin/../lib/gcc/nios2-elf/4.1.2/../../../../nios2-elf/lib/mno-hw-mul\libc.a(lib_a-putchar.o)
 .data          0x00815324        0x0 c:/381/quartus/nios2eds/bin/gnu/h-i686-mingw32/bin/../lib/gcc/nios2-elf/4.1.2/../../../../nios2-elf/lib/mno-hw-mul\libc.a(lib_a-puts.o)
 .data          0x00815324        0x0 c:/381/quartus/nios2eds/bin/gnu/h-i686-mingw32/bin/../lib/gcc/nios2-elf/4.1.2/../../../../nios2-elf/lib/mno-hw-mul\libc.a(lib_a-sbrkr.o)
 .data          0x00815324        0x0 c:/381/quartus/nios2eds/bin/gnu/h-i686-mingw32/bin/../lib/gcc/nios2-elf/4.1.2/../../../../nios2-elf/lib/mno-hw-mul\libc.a(lib_a-strcpy.o)
 .data          0x00815324        0x0 c:/381/quartus/nios2eds/bin/gnu/h-i686-mingw32/bin/../lib/gcc/nios2-elf/4.1.2/../../../../nios2-elf/lib/mno-hw-mul\libc.a(lib_a-strlen.o)
 .data          0x00815324        0x0 c:/381/quartus/nios2eds/bin/gnu/h-i686-mingw32/bin/../lib/gcc/nios2-elf/4.1.2/../../../../nios2-elf/lib/mno-hw-mul\libc.a(lib_a-strstr.o)
 .data          0x00815324        0x0 c:/381/quartus/nios2eds/bin/gnu/h-i686-mingw32/bin/../lib/gcc/nios2-elf/4.1.2/../../../../nios2-elf/lib/mno-hw-mul\libc.a(lib_a-vfprintf.o)
 .data          0x00815324        0x0 c:/381/quartus/nios2eds/bin/gnu/h-i686-mingw32/bin/../lib/gcc/nios2-elf/4.1.2/../../../../nios2-elf/lib/mno-hw-mul\libc.a(lib_a-wsetup.o)
 .data          0x00815324        0x0 c:/381/quartus/nios2eds/bin/gnu/h-i686-mingw32/bin/../lib/gcc/nios2-elf/4.1.2/../../../../nios2-elf/lib/mno-hw-mul\libc.a(lib_a-dtoa.o)
 .data          0x00815324        0x0 c:/381/quartus/nios2eds/bin/gnu/h-i686-mingw32/bin/../lib/gcc/nios2-elf/4.1.2/../../../../nios2-elf/lib/mno-hw-mul\libc.a(lib_a-fflush.o)
 .data          0x00815324        0x0 c:/381/quartus/nios2eds/bin/gnu/h-i686-mingw32/bin/../lib/gcc/nios2-elf/4.1.2/../../../../nios2-elf/lib/mno-hw-mul\libc.a(lib_a-findfp.o)
 .data          0x00815324        0x0 c:/381/quartus/nios2eds/bin/gnu/h-i686-mingw32/bin/../lib/gcc/nios2-elf/4.1.2/../../../../nios2-elf/lib/mno-hw-mul\libc.a(lib_a-freer.o)
 .data          0x00815324        0x0 c:/381/quartus/nios2eds/bin/gnu/h-i686-mingw32/bin/../lib/gcc/nios2-elf/4.1.2/../../../../nios2-elf/lib/mno-hw-mul\libc.a(lib_a-fvwrite.o)
 .data          0x00815324        0x0 c:/381/quartus/nios2eds/bin/gnu/h-i686-mingw32/bin/../lib/gcc/nios2-elf/4.1.2/../../../../nios2-elf/lib/mno-hw-mul\libc.a(lib_a-fwalk.o)
 .data          0x00815324      0x400 c:/381/quartus/nios2eds/bin/gnu/h-i686-mingw32/bin/../lib/gcc/nios2-elf/4.1.2/../../../../nios2-elf/lib/mno-hw-mul\libc.a(lib_a-impure.o)
 .data          0x00815724        0x0 c:/381/quartus/nios2eds/bin/gnu/h-i686-mingw32/bin/../lib/gcc/nios2-elf/4.1.2/../../../../nios2-elf/lib/mno-hw-mul\libc.a(lib_a-int_errno.o)
 .data          0x00815724        0xc c:/381/quartus/nios2eds/bin/gnu/h-i686-mingw32/bin/../lib/gcc/nios2-elf/4.1.2/../../../../nios2-elf/lib/mno-hw-mul\libc.a(lib_a-locale.o)
                0x00815724                __lc_ctype
 .data          0x00815730        0x0 c:/381/quartus/nios2eds/bin/gnu/h-i686-mingw32/bin/../lib/gcc/nios2-elf/4.1.2/../../../../nios2-elf/lib/mno-hw-mul\libc.a(lib_a-makebuf.o)
 .data          0x00815730        0x0 c:/381/quartus/nios2eds/bin/gnu/h-i686-mingw32/bin/../lib/gcc/nios2-elf/4.1.2/../../../../nios2-elf/lib/mno-hw-mul\libc.a(lib_a-memchr.o)
 .data          0x00815730        0x0 c:/381/quartus/nios2eds/bin/gnu/h-i686-mingw32/bin/../lib/gcc/nios2-elf/4.1.2/../../../../nios2-elf/lib/mno-hw-mul\libc.a(lib_a-memcmp.o)
 .data          0x00815730        0x0 c:/381/quartus/nios2eds/bin/gnu/h-i686-mingw32/bin/../lib/gcc/nios2-elf/4.1.2/../../../../nios2-elf/lib/mno-hw-mul\libc.a(lib_a-memcpy.o)
 .data          0x00815730        0x0 c:/381/quartus/nios2eds/bin/gnu/h-i686-mingw32/bin/../lib/gcc/nios2-elf/4.1.2/../../../../nios2-elf/lib/mno-hw-mul\libc.a(lib_a-memmove.o)
 .data          0x00815730        0x0 c:/381/quartus/nios2eds/bin/gnu/h-i686-mingw32/bin/../lib/gcc/nios2-elf/4.1.2/../../../../nios2-elf/lib/mno-hw-mul\libc.a(lib_a-memset.o)
 .data          0x00815730        0x0 c:/381/quartus/nios2eds/bin/gnu/h-i686-mingw32/bin/../lib/gcc/nios2-elf/4.1.2/../../../../nios2-elf/lib/mno-hw-mul\libc.a(lib_a-mprec.o)
 .data          0x00815730        0x0 c:/381/quartus/nios2eds/bin/gnu/h-i686-mingw32/bin/../lib/gcc/nios2-elf/4.1.2/../../../../nios2-elf/lib/mno-hw-mul\libc.a(lib_a-putc.o)
 .data          0x00815730        0x0 c:/381/quartus/nios2eds/bin/gnu/h-i686-mingw32/bin/../lib/gcc/nios2-elf/4.1.2/../../../../nios2-elf/lib/mno-hw-mul\libc.a(lib_a-reallocr.o)
 .data          0x00815730        0x0 c:/381/quartus/nios2eds/bin/gnu/h-i686-mingw32/bin/../lib/gcc/nios2-elf/4.1.2/../../../../nios2-elf/lib/mno-hw-mul\libc.a(lib_a-s_isinfd.o)
 .data          0x00815730        0x0 c:/381/quartus/nios2eds/bin/gnu/h-i686-mingw32/bin/../lib/gcc/nios2-elf/4.1.2/../../../../nios2-elf/lib/mno-hw-mul\libc.a(lib_a-s_isnand.o)
 .data          0x00815730        0x0 c:/381/quartus/nios2eds/bin/gnu/h-i686-mingw32/bin/../lib/gcc/nios2-elf/4.1.2/../../../../nios2-elf/lib/mno-hw-mul\libc.a(lib_a-stdio.o)
 .data          0x00815730        0x0 c:/381/quartus/nios2eds/bin/gnu/h-i686-mingw32/bin/../lib/gcc/nios2-elf/4.1.2/../../../../nios2-elf/lib/mno-hw-mul\libc.a(lib_a-strchr.o)
 .data          0x00815730        0x0 c:/381/quartus/nios2eds/bin/gnu/h-i686-mingw32/bin/../lib/gcc/nios2-elf/4.1.2/../../../../nios2-elf/lib/mno-hw-mul\libc.a(lib_a-strcmp.o)
 .data          0x00815730        0x0 c:/381/quartus/nios2eds/bin/gnu/h-i686-mingw32/bin/../lib/gcc/nios2-elf/4.1.2/../../../../nios2-elf/lib/mno-hw-mul\libc.a(lib_a-wbuf.o)
 .data          0x00815730        0x0 c:/381/quartus/nios2eds/bin/gnu/h-i686-mingw32/bin/../lib/gcc/nios2-elf/4.1.2/../../../../nios2-elf/lib/mno-hw-mul\libc.a(lib_a-writer.o)
 .data          0x00815730        0x0 c:/381/quartus/nios2eds/bin/gnu/h-i686-mingw32/bin/../lib/gcc/nios2-elf/4.1.2/../../../../nios2-elf/lib/mno-hw-mul\libc.a(lib_a-callocr.o)
 .data          0x00815730        0x0 c:/381/quartus/nios2eds/bin/gnu/h-i686-mingw32/bin/../lib/gcc/nios2-elf/4.1.2/../../../../nios2-elf/lib/mno-hw-mul\libc.a(lib_a-closer.o)
 .data          0x00815730        0x0 c:/381/quartus/nios2eds/bin/gnu/h-i686-mingw32/bin/../lib/gcc/nios2-elf/4.1.2/../../../../nios2-elf/lib/mno-hw-mul\libc.a(lib_a-fclose.o)
 .data          0x00815730        0x0 c:/381/quartus/nios2eds/bin/gnu/h-i686-mingw32/bin/../lib/gcc/nios2-elf/4.1.2/../../../../nios2-elf/lib/mno-hw-mul\libc.a(lib_a-fstatr.o)
 .data          0x00815730        0x0 c:/381/quartus/nios2eds/bin/gnu/h-i686-mingw32/bin/../lib/gcc/nios2-elf/4.1.2/../../../../nios2-elf/lib/mno-hw-mul\libc.a(lib_a-isattyr.o)
 .data          0x00815730        0x0 c:/381/quartus/nios2eds/bin/gnu/h-i686-mingw32/bin/../lib/gcc/nios2-elf/4.1.2/../../../../nios2-elf/lib/mno-hw-mul\libc.a(lib_a-lseekr.o)
 .data          0x00815730        0x0 c:/381/quartus/nios2eds/bin/gnu/h-i686-mingw32/bin/../lib/gcc/nios2-elf/4.1.2/../../../../nios2-elf/lib/mno-hw-mul\libc.a(lib_a-readr.o)
 .data          0x00815730        0x0 c:/381/quartus/nios2eds/bin/gnu/h-i686-mingw32/bin/../lib/gcc/nios2-elf/4.1.2/mno-hw-mul\libgcc.a(_udivdi3.o)
 .data          0x00815730        0x0 c:/381/quartus/nios2eds/bin/gnu/h-i686-mingw32/bin/../lib/gcc/nios2-elf/4.1.2/mno-hw-mul\libgcc.a(_umoddi3.o)
 .data          0x00815730        0x0 c:/381/quartus/nios2eds/bin/gnu/h-i686-mingw32/bin/../lib/gcc/nios2-elf/4.1.2/mno-hw-mul\libgcc.a(_addsub_df.o)
 .data          0x00815730        0x0 c:/381/quartus/nios2eds/bin/gnu/h-i686-mingw32/bin/../lib/gcc/nios2-elf/4.1.2/mno-hw-mul\libgcc.a(_mul_df.o)
 .data          0x00815730        0x0 c:/381/quartus/nios2eds/bin/gnu/h-i686-mingw32/bin/../lib/gcc/nios2-elf/4.1.2/mno-hw-mul\libgcc.a(_div_df.o)
 .data          0x00815730        0x0 c:/381/quartus/nios2eds/bin/gnu/h-i686-mingw32/bin/../lib/gcc/nios2-elf/4.1.2/mno-hw-mul\libgcc.a(_eq_df.o)
 .data          0x00815730        0x0 c:/381/quartus/nios2eds/bin/gnu/h-i686-mingw32/bin/../lib/gcc/nios2-elf/4.1.2/mno-hw-mul\libgcc.a(_ne_df.o)
 .data          0x00815730        0x0 c:/381/quartus/nios2eds/bin/gnu/h-i686-mingw32/bin/../lib/gcc/nios2-elf/4.1.2/mno-hw-mul\libgcc.a(_gt_df.o)
 .data          0x00815730        0x0 c:/381/quartus/nios2eds/bin/gnu/h-i686-mingw32/bin/../lib/gcc/nios2-elf/4.1.2/mno-hw-mul\libgcc.a(_ge_df.o)
 .data          0x00815730        0x0 c:/381/quartus/nios2eds/bin/gnu/h-i686-mingw32/bin/../lib/gcc/nios2-elf/4.1.2/mno-hw-mul\libgcc.a(_lt_df.o)
 .data          0x00815730        0x0 c:/381/quartus/nios2eds/bin/gnu/h-i686-mingw32/bin/../lib/gcc/nios2-elf/4.1.2/mno-hw-mul\libgcc.a(_si_to_df.o)
 .data          0x00815730        0x0 c:/381/quartus/nios2eds/bin/gnu/h-i686-mingw32/bin/../lib/gcc/nios2-elf/4.1.2/mno-hw-mul\libgcc.a(_df_to_si.o)
 .data          0x00815730        0x0 c:/381/quartus/nios2eds/bin/gnu/h-i686-mingw32/bin/../lib/gcc/nios2-elf/4.1.2/mno-hw-mul\libgcc.a(_thenan_df.o)
 .data          0x00815730        0x0 c:/381/quartus/nios2eds/bin/gnu/h-i686-mingw32/bin/../lib/gcc/nios2-elf/4.1.2/mno-hw-mul\libgcc.a(_usi_to_df.o)
 .data          0x00815730        0x0 c:/381/quartus/nios2eds/bin/gnu/h-i686-mingw32/bin/../lib/gcc/nios2-elf/4.1.2/mno-hw-mul\libgcc.a(lib2-divmod.o)
 .data          0x00815730        0x0 c:/381/quartus/nios2eds/bin/gnu/h-i686-mingw32/bin/../lib/gcc/nios2-elf/4.1.2/mno-hw-mul\libgcc.a(lib2-mul.o)
 .data          0x00815730        0x0 c:/381/quartus/nios2eds/bin/gnu/h-i686-mingw32/bin/../lib/gcc/nios2-elf/4.1.2/mno-hw-mul\libgcc.a(_muldi3.o)
 .data          0x00815730        0x0 c:/381/quartus/nios2eds/bin/gnu/h-i686-mingw32/bin/../lib/gcc/nios2-elf/4.1.2/mno-hw-mul\libgcc.a(_clz.o)
 .data          0x00815730        0x0 c:/381/quartus/nios2eds/bin/gnu/h-i686-mingw32/bin/../lib/gcc/nios2-elf/4.1.2/mno-hw-mul\libgcc.a(_clzsi2.o)
 .data          0x00815730        0x0 c:/381/quartus/nios2eds/bin/gnu/h-i686-mingw32/bin/../lib/gcc/nios2-elf/4.1.2/mno-hw-mul\libgcc.a(_pack_df.o)
 .data          0x00815730        0x0 c:/381/quartus/nios2eds/bin/gnu/h-i686-mingw32/bin/../lib/gcc/nios2-elf/4.1.2/mno-hw-mul\libgcc.a(_unpack_df.o)
 .data          0x00815730        0x0 c:/381/quartus/nios2eds/bin/gnu/h-i686-mingw32/bin/../lib/gcc/nios2-elf/4.1.2/mno-hw-mul\libgcc.a(_fpcmp_parts_df.o)
 .data          0x00815730        0x0 ../tutorial1d/\libhal_bsp.a(alt_close.o)
 .data          0x00815730      0x1a8 ../tutorial1d/\libhal_bsp.a(alt_dev.o)
                0x00815730                alt_dev_null
                0x00815758                alt_fd_list
 .data          0x008158d8        0x0 ../tutorial1d/\libhal_bsp.a(alt_errno.o)
 .data          0x008158d8        0x0 ../tutorial1d/\libhal_bsp.a(alt_fstat.o)
 .data          0x008158d8        0x0 ../tutorial1d/\libhal_bsp.a(alt_irq_register.o)
 .data          0x008158d8        0x0 ../tutorial1d/\libhal_bsp.a(alt_irq_vars.o)
 .data          0x008158d8        0x0 ../tutorial1d/\libhal_bsp.a(alt_isatty.o)
 .data          0x008158d8        0x0 ../tutorial1d/\libhal_bsp.a(alt_load.o)
 .data          0x008158d8        0x0 ../tutorial1d/\libhal_bsp.a(alt_lseek.o)
 .data          0x008158d8        0x0 ../tutorial1d/\libhal_bsp.a(alt_main.o)
 .data          0x008158d8        0x0 ../tutorial1d/\libhal_bsp.a(alt_malloc_lock.o)
 .data          0x008158d8        0x0 ../tutorial1d/\libhal_bsp.a(alt_printf.o)
 .data          0x008158d8        0x0 ../tutorial1d/\libhal_bsp.a(alt_putchar.o)
 .data          0x008158d8        0x0 ../tutorial1d/\libhal_bsp.a(alt_read.o)
 .data          0x008158d8        0x0 ../tutorial1d/\libhal_bsp.a(alt_release_fd.o)
 .data          0x008158d8        0x0 ../tutorial1d/\libhal_bsp.a(alt_sbrk.o)
 .data          0x008158d8        0x0 ../tutorial1d/\libhal_bsp.a(alt_write.o)
 .data          0x008158d8     0x1244 ../tutorial1d/\libhal_bsp.a(alt_sys_init.o)
 .data          0x00816b1c        0x0 ../tutorial1d/\libhal_bsp.a(altera_avalon_jtag_uart_fd.o)
 .data          0x00816b1c        0x0 ../tutorial1d/\libhal_bsp.a(altera_avalon_jtag_uart_init.o)
 .data          0x00816b1c        0x0 ../tutorial1d/\libhal_bsp.a(altera_avalon_jtag_uart_ioctl.o)
 .data          0x00816b1c        0x0 ../tutorial1d/\libhal_bsp.a(altera_avalon_jtag_uart_read.o)
 .data          0x00816b1c        0x0 ../tutorial1d/\libhal_bsp.a(altera_avalon_jtag_uart_write.o)
 .data          0x00816b1c        0x0 ../tutorial1d/\libhal_bsp.a(altera_up_avalon_audio.o)
 .data          0x00816b1c        0x0 ../tutorial1d/\libhal_bsp.a(altera_up_avalon_audio_and_video_config.o)
 .data          0x00816b1c        0x0 ../tutorial1d/\libhal_bsp.a(altera_up_avalon_character_lcd.o)
 .data          0x00816b1c        0x0 ../tutorial1d/\libhal_bsp.a(altera_up_avalon_ps2.o)
 .data          0x00816b1c        0x0 ../tutorial1d/\libhal_bsp.a(altera_up_avalon_rs232.o)
 .data          0x00816b1c        0x0 ../tutorial1d/\libhal_bsp.a(altera_up_avalon_video_character_buffer_with_dma.o)
 .data          0x00816b1c        0x0 ../tutorial1d/\libhal_bsp.a(altera_up_sd_card_avalon_interface.o)
 .data          0x00816b1c        0x0 ../tutorial1d/\libhal_bsp.a(alt_alarm_start.o)
 .data          0x00816b1c        0x0 ../tutorial1d/\libhal_bsp.a(alt_dcache_flush_all.o)
 .data          0x00816b1c        0x0 ../tutorial1d/\libhal_bsp.a(alt_dev_llist_insert.o)
 .data          0x00816b1c        0x0 ../tutorial1d/\libhal_bsp.a(alt_do_ctors.o)
 .data          0x00816b1c        0x0 ../tutorial1d/\libhal_bsp.a(alt_do_dtors.o)
 .data          0x00816b1c        0x0 ../tutorial1d/\libhal_bsp.a(alt_find_dev.o)
 .data          0x00816b1c        0x0 ../tutorial1d/\libhal_bsp.a(alt_icache_flush_all.o)
 .data          0x00816b1c        0x0 ../tutorial1d/\libhal_bsp.a(alt_io_redirect.o)
 .data          0x00816b1c        0x0 ../tutorial1d/\libhal_bsp.a(alt_irq_entry.o)
 .data          0x00816b1c        0x0 ../tutorial1d/\libhal_bsp.a(alt_irq_handler.o)
 .data          0x00816b1c        0x0 ../tutorial1d/\libhal_bsp.a(alt_open.o)
 .data          0x00816b1c        0x0 ../tutorial1d/\libhal_bsp.a(alt_tick.o)
 .data          0x00816b1c        0x0 ../tutorial1d/\libhal_bsp.a(altera_nios2_qsys_irq.o)
 .data          0x00816b1c        0x0 ../tutorial1d/\libhal_bsp.a(alt_exception_entry.o)
 .data          0x00816b1c        0x0 ../tutorial1d/\libhal_bsp.a(alt_find_file.o)
 .data          0x00816b1c        0x0 ../tutorial1d/\libhal_bsp.a(alt_get_fd.o)
 .data          0x00816b1c        0x0 ../tutorial1d/\libhal_bsp.a(alt_icache_flush.o)
 .data          0x00816b1c        0x0 c:/381/quartus/nios2eds/bin/gnu/h-i686-mingw32/bin/../lib/gcc/nios2-elf/4.1.2/../../../../nios2-elf/lib/mno-hw-mul\libc.a(lib_a-atexit.o)
 .data          0x00816b1c        0x0 c:/381/quartus/nios2eds/bin/gnu/h-i686-mingw32/bin/../lib/gcc/nios2-elf/4.1.2/../../../../nios2-elf/lib/mno-hw-mul\libc.a(lib_a-exit.o)
 .data          0x00816b1c        0x0 c:/381/quartus/nios2eds/bin/gnu/h-i686-mingw32/bin/../lib/gcc/nios2-elf/4.1.2/../../../../nios2-elf/lib/mno-hw-mul\libc.a(lib_a-__atexit.o)
 .data          0x00816b1c        0x0 c:/381/quartus/nios2eds/bin/gnu/h-i686-mingw32/bin/../lib/gcc/nios2-elf/4.1.2/../../../../nios2-elf/lib/mno-hw-mul\libc.a(lib_a-__call_atexit.o)
 .data          0x00816b1c        0x0 ../tutorial1d/\libhal_bsp.a(alt_exit.o)
                0x0081eb1c                _gp = ABSOLUTE ((. + 0x8000))
                0x0081eb1c                PROVIDE (gp, _gp)
 *(.rwdata .rwdata.*)
 *(.sdata .sdata.* .gnu.linkonce.s.*)
 .sdata         0x00816b1c        0x4 obj/default/hello_world.o
                0x00816b1c                i
 .sdata         0x00816b20        0x8 c:/381/quartus/nios2eds/bin/gnu/h-i686-mingw32/bin/../lib/gcc/nios2-elf/4.1.2/../../../../nios2-elf/lib/mno-hw-mul\libc.a(lib_a-mallocr.o)
                0x00816b20                __malloc_trim_threshold
                0x00816b24                __malloc_sbrk_base
 .sdata         0x00816b28        0x8 c:/381/quartus/nios2eds/bin/gnu/h-i686-mingw32/bin/../lib/gcc/nios2-elf/4.1.2/../../../../nios2-elf/lib/mno-hw-mul\libc.a(lib_a-impure.o)
                0x00816b28                _impure_ptr
                0x00816b2c                _global_impure_ptr
 .sdata         0x00816b30        0x8 c:/381/quartus/nios2eds/bin/gnu/h-i686-mingw32/bin/../lib/gcc/nios2-elf/4.1.2/../../../../nios2-elf/lib/mno-hw-mul\libc.a(lib_a-locale.o)
                0x00816b30                __mb_cur_max
 .sdata         0x00816b38       0x14 ../tutorial1d/\libhal_bsp.a(alt_dev.o)
                0x00816b38                alt_fs_list
                0x00816b40                alt_dev_list
                0x00816b48                alt_max_fd
 .sdata         0x00816b4c        0x4 ../tutorial1d/\libhal_bsp.a(alt_errno.o)
                0x00816b4c                alt_errno
 .sdata         0x00816b50        0x4 ../tutorial1d/\libhal_bsp.a(alt_irq_vars.o)
                0x00816b50                alt_priority_mask
 .sdata         0x00816b54        0x4 ../tutorial1d/\libhal_bsp.a(alt_sbrk.o)
 .sdata         0x00816b58        0x8 ../tutorial1d/\libhal_bsp.a(alt_tick.o)
                0x00816b58                alt_alarm_list
 *(.sdata2 .sdata2.* .gnu.linkonce.s2.*)
                0x00816b60                . = ALIGN (0x4)
                0x00816b60                _edata = ABSOLUTE (.)
                0x00816b60                PROVIDE (edata, ABSOLUTE (.))
                0x00816b60                PROVIDE (__ram_rwdata_end, ABSOLUTE (.))
                0x00816b60                PROVIDE (__flash_rwdata_start, LOADADDR (.rwdata))

.bss            0x008187a4      0x8bc
                0x008187a4                __bss_start = ABSOLUTE (.)
                0x008187a4                PROVIDE (__sbss_start, ABSOLUTE (.))
                0x008187a4                PROVIDE (___sbss_start, ABSOLUTE (.))
 *(.dynsbss)
 *(.sbss .sbss.* .gnu.linkonce.sb.*)
 .sbss          0x008187a4       0x18 obj/default/hello_world.o
                0x008187a4                k
                0x008187a8                audio_dev
                0x008187ac                number_bytes
                0x008187b0                size
                0x008187b4                size_wav
                0x008187b8                temp_array_play
 .sbss          0x008187bc       0x1c obj/default/hello_world.o
                0x008187bc                ding
                0x008187c0                song_list
                0x008187c4                songlist
                0x008187c8                bricks
                0x008187cc                laser
                0x008187d0                paddle
                0x008187d4                num_songs
 .sbss          0x008187d8        0xc c:/381/quartus/nios2eds/bin/gnu/h-i686-mingw32/bin/../lib/gcc/nios2-elf/4.1.2/../../../../nios2-elf/lib/mno-hw-mul\libc.a(lib_a-mallocr.o)
                0x008187d8                __malloc_top_pad
                0x008187dc                __malloc_max_sbrked_mem
                0x008187e0                __malloc_max_total_mem
 .sbss          0x008187e4        0x4 c:/381/quartus/nios2eds/bin/gnu/h-i686-mingw32/bin/../lib/gcc/nios2-elf/4.1.2/../../../../nios2-elf/lib/mno-hw-mul\libc.a(lib_a-int_errno.o)
                0x008187e4                errno
 .sbss          0x008187e8        0xc c:/381/quartus/nios2eds/bin/gnu/h-i686-mingw32/bin/../lib/gcc/nios2-elf/4.1.2/../../../../nios2-elf/lib/mno-hw-mul\libc.a(lib_a-locale.o)
                0x008187e8                __nlocale_changed
                0x008187ec                __mlocale_changed
                0x008187f0                _PathLocale
 .sbss          0x008187f4        0x4 ../tutorial1d/\libhal_bsp.a(alt_irq_vars.o)
                0x008187f4                alt_irq_active
 .sbss          0x008187f8        0xc ../tutorial1d/\libhal_bsp.a(alt_main.o)
                0x008187f8                alt_argc
                0x008187fc                alt_argv
                0x00818800                alt_envp
 .sbss          0x00818804       0x34 ../tutorial1d/\libhal_bsp.a(altera_up_sd_card_avalon_interface.o)
                0x00818804                initialized
                0x00818808                is_sd_card_formated_as_FAT16
                0x0081880c                aux_status_register
                0x00818810                status_register
                0x00818814                CSD_register_w0
                0x00818818                command_register
                0x0081881c                command_argument_register
                0x00818820                buffer_memory
                0x00818824                fat_partition_offset_in_512_byte_sectors
                0x00818828                fat_partition_size_in_512_byte_sectors
                0x0081882c                device_pointer
                0x00818830                current_sector_modified
                0x00818834                current_sector_index
 .sbss          0x00818838        0x8 ../tutorial1d/\libhal_bsp.a(alt_tick.o)
                0x00818838                _alt_tick_rate
                0x0081883c                _alt_nticks
 *(.sbss2 .sbss2.* .gnu.linkonce.sb2.*)
 *(.scommon)
                0x00818840                PROVIDE (__sbss_end, ABSOLUTE (.))
                0x00818840                PROVIDE (___sbss_end, ABSOLUTE (.))
 *(.dynbss)
 *(.bss .bss.* .gnu.linkonce.b.*)
 .bss           0x00818840        0x0 ../tutorial1d//obj/HAL/src/crt0.o
 .bss           0x00818840        0x0 obj/default/hello_world.o
 .bss           0x00818840        0x0 c:/381/quartus/nios2eds/bin/gnu/h-i686-mingw32/bin/../lib/gcc/nios2-elf/4.1.2/../../../../nios2-elf/lib/mno-hw-mul\libc.a(lib_a-malloc.o)
 .bss           0x00818840       0x28 c:/381/quartus/nios2eds/bin/gnu/h-i686-mingw32/bin/../lib/gcc/nios2-elf/4.1.2/../../../../nios2-elf/lib/mno-hw-mul\libc.a(lib_a-mallocr.o)
                0x00818840                __malloc_current_mallinfo
 .bss           0x00818868        0x0 c:/381/quartus/nios2eds/bin/gnu/h-i686-mingw32/bin/../lib/gcc/nios2-elf/4.1.2/../../../../nios2-elf/lib/mno-hw-mul\libc.a(lib_a-printf.o)
 .bss           0x00818868        0x0 c:/381/quartus/nios2eds/bin/gnu/h-i686-mingw32/bin/../lib/gcc/nios2-elf/4.1.2/../../../../nios2-elf/lib/mno-hw-mul\libc.a(lib_a-putchar.o)
 .bss           0x00818868        0x0 c:/381/quartus/nios2eds/bin/gnu/h-i686-mingw32/bin/../lib/gcc/nios2-elf/4.1.2/../../../../nios2-elf/lib/mno-hw-mul\libc.a(lib_a-puts.o)
 .bss           0x00818868        0x0 c:/381/quartus/nios2eds/bin/gnu/h-i686-mingw32/bin/../lib/gcc/nios2-elf/4.1.2/../../../../nios2-elf/lib/mno-hw-mul\libc.a(lib_a-sbrkr.o)
 .bss           0x00818868        0x0 c:/381/quartus/nios2eds/bin/gnu/h-i686-mingw32/bin/../lib/gcc/nios2-elf/4.1.2/../../../../nios2-elf/lib/mno-hw-mul\libc.a(lib_a-strcpy.o)
 .bss           0x00818868        0x0 c:/381/quartus/nios2eds/bin/gnu/h-i686-mingw32/bin/../lib/gcc/nios2-elf/4.1.2/../../../../nios2-elf/lib/mno-hw-mul\libc.a(lib_a-strlen.o)
 .bss           0x00818868        0x0 c:/381/quartus/nios2eds/bin/gnu/h-i686-mingw32/bin/../lib/gcc/nios2-elf/4.1.2/../../../../nios2-elf/lib/mno-hw-mul\libc.a(lib_a-strstr.o)
 .bss           0x00818868        0x0 c:/381/quartus/nios2eds/bin/gnu/h-i686-mingw32/bin/../lib/gcc/nios2-elf/4.1.2/../../../../nios2-elf/lib/mno-hw-mul\libc.a(lib_a-vfprintf.o)
 .bss           0x00818868        0x0 c:/381/quartus/nios2eds/bin/gnu/h-i686-mingw32/bin/../lib/gcc/nios2-elf/4.1.2/../../../../nios2-elf/lib/mno-hw-mul\libc.a(lib_a-wsetup.o)
 .bss           0x00818868        0x0 c:/381/quartus/nios2eds/bin/gnu/h-i686-mingw32/bin/../lib/gcc/nios2-elf/4.1.2/../../../../nios2-elf/lib/mno-hw-mul\libc.a(lib_a-dtoa.o)
 .bss           0x00818868        0x0 c:/381/quartus/nios2eds/bin/gnu/h-i686-mingw32/bin/../lib/gcc/nios2-elf/4.1.2/../../../../nios2-elf/lib/mno-hw-mul\libc.a(lib_a-fflush.o)
 .bss           0x00818868        0x0 c:/381/quartus/nios2eds/bin/gnu/h-i686-mingw32/bin/../lib/gcc/nios2-elf/4.1.2/../../../../nios2-elf/lib/mno-hw-mul\libc.a(lib_a-findfp.o)
 .bss           0x00818868        0x0 c:/381/quartus/nios2eds/bin/gnu/h-i686-mingw32/bin/../lib/gcc/nios2-elf/4.1.2/../../../../nios2-elf/lib/mno-hw-mul\libc.a(lib_a-freer.o)
 .bss           0x00818868        0x0 c:/381/quartus/nios2eds/bin/gnu/h-i686-mingw32/bin/../lib/gcc/nios2-elf/4.1.2/../../../../nios2-elf/lib/mno-hw-mul\libc.a(lib_a-fvwrite.o)
 .bss           0x00818868        0x0 c:/381/quartus/nios2eds/bin/gnu/h-i686-mingw32/bin/../lib/gcc/nios2-elf/4.1.2/../../../../nios2-elf/lib/mno-hw-mul\libc.a(lib_a-fwalk.o)
 .bss           0x00818868        0x0 c:/381/quartus/nios2eds/bin/gnu/h-i686-mingw32/bin/../lib/gcc/nios2-elf/4.1.2/../../../../nios2-elf/lib/mno-hw-mul\libc.a(lib_a-impure.o)
 .bss           0x00818868        0x0 c:/381/quartus/nios2eds/bin/gnu/h-i686-mingw32/bin/../lib/gcc/nios2-elf/4.1.2/../../../../nios2-elf/lib/mno-hw-mul\libc.a(lib_a-int_errno.o)
 .bss           0x00818868        0x0 c:/381/quartus/nios2eds/bin/gnu/h-i686-mingw32/bin/../lib/gcc/nios2-elf/4.1.2/../../../../nios2-elf/lib/mno-hw-mul\libc.a(lib_a-locale.o)
 .bss           0x00818868        0x0 c:/381/quartus/nios2eds/bin/gnu/h-i686-mingw32/bin/../lib/gcc/nios2-elf/4.1.2/../../../../nios2-elf/lib/mno-hw-mul\libc.a(lib_a-makebuf.o)
 .bss           0x00818868        0x0 c:/381/quartus/nios2eds/bin/gnu/h-i686-mingw32/bin/../lib/gcc/nios2-elf/4.1.2/../../../../nios2-elf/lib/mno-hw-mul\libc.a(lib_a-memchr.o)
 .bss           0x00818868        0x0 c:/381/quartus/nios2eds/bin/gnu/h-i686-mingw32/bin/../lib/gcc/nios2-elf/4.1.2/../../../../nios2-elf/lib/mno-hw-mul\libc.a(lib_a-memcmp.o)
 .bss           0x00818868        0x0 c:/381/quartus/nios2eds/bin/gnu/h-i686-mingw32/bin/../lib/gcc/nios2-elf/4.1.2/../../../../nios2-elf/lib/mno-hw-mul\libc.a(lib_a-memcpy.o)
 .bss           0x00818868        0x0 c:/381/quartus/nios2eds/bin/gnu/h-i686-mingw32/bin/../lib/gcc/nios2-elf/4.1.2/../../../../nios2-elf/lib/mno-hw-mul\libc.a(lib_a-memmove.o)
 .bss           0x00818868        0x0 c:/381/quartus/nios2eds/bin/gnu/h-i686-mingw32/bin/../lib/gcc/nios2-elf/4.1.2/../../../../nios2-elf/lib/mno-hw-mul\libc.a(lib_a-memset.o)
 .bss           0x00818868        0x0 c:/381/quartus/nios2eds/bin/gnu/h-i686-mingw32/bin/../lib/gcc/nios2-elf/4.1.2/../../../../nios2-elf/lib/mno-hw-mul\libc.a(lib_a-mprec.o)
 .bss           0x00818868        0x0 c:/381/quartus/nios2eds/bin/gnu/h-i686-mingw32/bin/../lib/gcc/nios2-elf/4.1.2/../../../../nios2-elf/lib/mno-hw-mul\libc.a(lib_a-putc.o)
 .bss           0x00818868        0x0 c:/381/quartus/nios2eds/bin/gnu/h-i686-mingw32/bin/../lib/gcc/nios2-elf/4.1.2/../../../../nios2-elf/lib/mno-hw-mul\libc.a(lib_a-reallocr.o)
 .bss           0x00818868        0x0 c:/381/quartus/nios2eds/bin/gnu/h-i686-mingw32/bin/../lib/gcc/nios2-elf/4.1.2/../../../../nios2-elf/lib/mno-hw-mul\libc.a(lib_a-s_isinfd.o)
 .bss           0x00818868        0x0 c:/381/quartus/nios2eds/bin/gnu/h-i686-mingw32/bin/../lib/gcc/nios2-elf/4.1.2/../../../../nios2-elf/lib/mno-hw-mul\libc.a(lib_a-s_isnand.o)
 .bss           0x00818868        0x0 c:/381/quartus/nios2eds/bin/gnu/h-i686-mingw32/bin/../lib/gcc/nios2-elf/4.1.2/../../../../nios2-elf/lib/mno-hw-mul\libc.a(lib_a-stdio.o)
 .bss           0x00818868        0x0 c:/381/quartus/nios2eds/bin/gnu/h-i686-mingw32/bin/../lib/gcc/nios2-elf/4.1.2/../../../../nios2-elf/lib/mno-hw-mul\libc.a(lib_a-strchr.o)
 .bss           0x00818868        0x0 c:/381/quartus/nios2eds/bin/gnu/h-i686-mingw32/bin/../lib/gcc/nios2-elf/4.1.2/../../../../nios2-elf/lib/mno-hw-mul\libc.a(lib_a-strcmp.o)
 .bss           0x00818868        0x0 c:/381/quartus/nios2eds/bin/gnu/h-i686-mingw32/bin/../lib/gcc/nios2-elf/4.1.2/../../../../nios2-elf/lib/mno-hw-mul\libc.a(lib_a-wbuf.o)
 .bss           0x00818868        0x0 c:/381/quartus/nios2eds/bin/gnu/h-i686-mingw32/bin/../lib/gcc/nios2-elf/4.1.2/../../../../nios2-elf/lib/mno-hw-mul\libc.a(lib_a-writer.o)
 .bss           0x00818868        0x0 c:/381/quartus/nios2eds/bin/gnu/h-i686-mingw32/bin/../lib/gcc/nios2-elf/4.1.2/../../../../nios2-elf/lib/mno-hw-mul\libc.a(lib_a-callocr.o)
 .bss           0x00818868        0x0 c:/381/quartus/nios2eds/bin/gnu/h-i686-mingw32/bin/../lib/gcc/nios2-elf/4.1.2/../../../../nios2-elf/lib/mno-hw-mul\libc.a(lib_a-closer.o)
 .bss           0x00818868        0x0 c:/381/quartus/nios2eds/bin/gnu/h-i686-mingw32/bin/../lib/gcc/nios2-elf/4.1.2/../../../../nios2-elf/lib/mno-hw-mul\libc.a(lib_a-fclose.o)
 .bss           0x00818868        0x0 c:/381/quartus/nios2eds/bin/gnu/h-i686-mingw32/bin/../lib/gcc/nios2-elf/4.1.2/../../../../nios2-elf/lib/mno-hw-mul\libc.a(lib_a-fstatr.o)
 .bss           0x00818868        0x0 c:/381/quartus/nios2eds/bin/gnu/h-i686-mingw32/bin/../lib/gcc/nios2-elf/4.1.2/../../../../nios2-elf/lib/mno-hw-mul\libc.a(lib_a-isattyr.o)
 .bss           0x00818868        0x0 c:/381/quartus/nios2eds/bin/gnu/h-i686-mingw32/bin/../lib/gcc/nios2-elf/4.1.2/../../../../nios2-elf/lib/mno-hw-mul\libc.a(lib_a-lseekr.o)
 .bss           0x00818868        0x0 c:/381/quartus/nios2eds/bin/gnu/h-i686-mingw32/bin/../lib/gcc/nios2-elf/4.1.2/../../../../nios2-elf/lib/mno-hw-mul\libc.a(lib_a-readr.o)
 .bss           0x00818868        0x0 c:/381/quartus/nios2eds/bin/gnu/h-i686-mingw32/bin/../lib/gcc/nios2-elf/4.1.2/mno-hw-mul\libgcc.a(_udivdi3.o)
 .bss           0x00818868        0x0 c:/381/quartus/nios2eds/bin/gnu/h-i686-mingw32/bin/../lib/gcc/nios2-elf/4.1.2/mno-hw-mul\libgcc.a(_umoddi3.o)
 .bss           0x00818868        0x0 c:/381/quartus/nios2eds/bin/gnu/h-i686-mingw32/bin/../lib/gcc/nios2-elf/4.1.2/mno-hw-mul\libgcc.a(_addsub_df.o)
 .bss           0x00818868        0x0 c:/381/quartus/nios2eds/bin/gnu/h-i686-mingw32/bin/../lib/gcc/nios2-elf/4.1.2/mno-hw-mul\libgcc.a(_mul_df.o)
 .bss           0x00818868        0x0 c:/381/quartus/nios2eds/bin/gnu/h-i686-mingw32/bin/../lib/gcc/nios2-elf/4.1.2/mno-hw-mul\libgcc.a(_div_df.o)
 .bss           0x00818868        0x0 c:/381/quartus/nios2eds/bin/gnu/h-i686-mingw32/bin/../lib/gcc/nios2-elf/4.1.2/mno-hw-mul\libgcc.a(_eq_df.o)
 .bss           0x00818868        0x0 c:/381/quartus/nios2eds/bin/gnu/h-i686-mingw32/bin/../lib/gcc/nios2-elf/4.1.2/mno-hw-mul\libgcc.a(_ne_df.o)
 .bss           0x00818868        0x0 c:/381/quartus/nios2eds/bin/gnu/h-i686-mingw32/bin/../lib/gcc/nios2-elf/4.1.2/mno-hw-mul\libgcc.a(_gt_df.o)
 .bss           0x00818868        0x0 c:/381/quartus/nios2eds/bin/gnu/h-i686-mingw32/bin/../lib/gcc/nios2-elf/4.1.2/mno-hw-mul\libgcc.a(_ge_df.o)
 .bss           0x00818868        0x0 c:/381/quartus/nios2eds/bin/gnu/h-i686-mingw32/bin/../lib/gcc/nios2-elf/4.1.2/mno-hw-mul\libgcc.a(_lt_df.o)
 .bss           0x00818868        0x0 c:/381/quartus/nios2eds/bin/gnu/h-i686-mingw32/bin/../lib/gcc/nios2-elf/4.1.2/mno-hw-mul\libgcc.a(_si_to_df.o)
 .bss           0x00818868        0x0 c:/381/quartus/nios2eds/bin/gnu/h-i686-mingw32/bin/../lib/gcc/nios2-elf/4.1.2/mno-hw-mul\libgcc.a(_df_to_si.o)
 .bss           0x00818868        0x0 c:/381/quartus/nios2eds/bin/gnu/h-i686-mingw32/bin/../lib/gcc/nios2-elf/4.1.2/mno-hw-mul\libgcc.a(_thenan_df.o)
 .bss           0x00818868        0x0 c:/381/quartus/nios2eds/bin/gnu/h-i686-mingw32/bin/../lib/gcc/nios2-elf/4.1.2/mno-hw-mul\libgcc.a(_usi_to_df.o)
 .bss           0x00818868        0x0 c:/381/quartus/nios2eds/bin/gnu/h-i686-mingw32/bin/../lib/gcc/nios2-elf/4.1.2/mno-hw-mul\libgcc.a(lib2-divmod.o)
 .bss           0x00818868        0x0 c:/381/quartus/nios2eds/bin/gnu/h-i686-mingw32/bin/../lib/gcc/nios2-elf/4.1.2/mno-hw-mul\libgcc.a(lib2-mul.o)
 .bss           0x00818868        0x0 c:/381/quartus/nios2eds/bin/gnu/h-i686-mingw32/bin/../lib/gcc/nios2-elf/4.1.2/mno-hw-mul\libgcc.a(_muldi3.o)
 .bss           0x00818868        0x0 c:/381/quartus/nios2eds/bin/gnu/h-i686-mingw32/bin/../lib/gcc/nios2-elf/4.1.2/mno-hw-mul\libgcc.a(_clz.o)
 .bss           0x00818868        0x0 c:/381/quartus/nios2eds/bin/gnu/h-i686-mingw32/bin/../lib/gcc/nios2-elf/4.1.2/mno-hw-mul\libgcc.a(_clzsi2.o)
 .bss           0x00818868        0x0 c:/381/quartus/nios2eds/bin/gnu/h-i686-mingw32/bin/../lib/gcc/nios2-elf/4.1.2/mno-hw-mul\libgcc.a(_pack_df.o)
 .bss           0x00818868        0x0 c:/381/quartus/nios2eds/bin/gnu/h-i686-mingw32/bin/../lib/gcc/nios2-elf/4.1.2/mno-hw-mul\libgcc.a(_unpack_df.o)
 .bss           0x00818868        0x0 c:/381/quartus/nios2eds/bin/gnu/h-i686-mingw32/bin/../lib/gcc/nios2-elf/4.1.2/mno-hw-mul\libgcc.a(_fpcmp_parts_df.o)
 .bss           0x00818868        0x0 ../tutorial1d/\libhal_bsp.a(alt_close.o)
 .bss           0x00818868        0x0 ../tutorial1d/\libhal_bsp.a(alt_dev.o)
 .bss           0x00818868        0x0 ../tutorial1d/\libhal_bsp.a(alt_errno.o)
 .bss           0x00818868        0x0 ../tutorial1d/\libhal_bsp.a(alt_fstat.o)
 .bss           0x00818868        0x0 ../tutorial1d/\libhal_bsp.a(alt_irq_register.o)
 .bss           0x00818868        0x0 ../tutorial1d/\libhal_bsp.a(alt_irq_vars.o)
 .bss           0x00818868        0x0 ../tutorial1d/\libhal_bsp.a(alt_isatty.o)
 .bss           0x00818868        0x0 ../tutorial1d/\libhal_bsp.a(alt_load.o)
 .bss           0x00818868        0x0 ../tutorial1d/\libhal_bsp.a(alt_lseek.o)
 .bss           0x00818868        0x0 ../tutorial1d/\libhal_bsp.a(alt_main.o)
 .bss           0x00818868        0x0 ../tutorial1d/\libhal_bsp.a(alt_malloc_lock.o)
 .bss           0x00818868        0x0 ../tutorial1d/\libhal_bsp.a(alt_printf.o)
 .bss           0x00818868        0x0 ../tutorial1d/\libhal_bsp.a(alt_putchar.o)
 .bss           0x00818868        0x0 ../tutorial1d/\libhal_bsp.a(alt_read.o)
 .bss           0x00818868        0x0 ../tutorial1d/\libhal_bsp.a(alt_release_fd.o)
 .bss           0x00818868        0x0 ../tutorial1d/\libhal_bsp.a(alt_sbrk.o)
 .bss           0x00818868        0x0 ../tutorial1d/\libhal_bsp.a(alt_write.o)
 .bss           0x00818868        0x0 ../tutorial1d/\libhal_bsp.a(alt_sys_init.o)
 .bss           0x00818868        0x0 ../tutorial1d/\libhal_bsp.a(altera_avalon_jtag_uart_fd.o)
 .bss           0x00818868        0x0 ../tutorial1d/\libhal_bsp.a(altera_avalon_jtag_uart_init.o)
 .bss           0x00818868        0x0 ../tutorial1d/\libhal_bsp.a(altera_avalon_jtag_uart_ioctl.o)
 .bss           0x00818868        0x0 ../tutorial1d/\libhal_bsp.a(altera_avalon_jtag_uart_read.o)
 .bss           0x00818868        0x0 ../tutorial1d/\libhal_bsp.a(altera_avalon_jtag_uart_write.o)
 .bss           0x00818868        0x0 ../tutorial1d/\libhal_bsp.a(altera_up_avalon_audio.o)
 .bss           0x00818868        0x0 ../tutorial1d/\libhal_bsp.a(altera_up_avalon_audio_and_video_config.o)
 .bss           0x00818868        0x0 ../tutorial1d/\libhal_bsp.a(altera_up_avalon_character_lcd.o)
 .bss           0x00818868        0x0 ../tutorial1d/\libhal_bsp.a(altera_up_avalon_ps2.o)
 .bss           0x00818868        0x0 ../tutorial1d/\libhal_bsp.a(altera_up_avalon_rs232.o)
 .bss           0x00818868        0x0 ../tutorial1d/\libhal_bsp.a(altera_up_avalon_video_character_buffer_with_dma.o)
 .bss           0x00818868        0x0 ../tutorial1d/\libhal_bsp.a(altera_up_sd_card_avalon_interface.o)
 .bss           0x00818868        0x0 ../tutorial1d/\libhal_bsp.a(alt_alarm_start.o)
 .bss           0x00818868        0x0 ../tutorial1d/\libhal_bsp.a(alt_dcache_flush_all.o)
 .bss           0x00818868        0x0 ../tutorial1d/\libhal_bsp.a(alt_dev_llist_insert.o)
 .bss           0x00818868        0x0 ../tutorial1d/\libhal_bsp.a(alt_do_ctors.o)
 .bss           0x00818868        0x0 ../tutorial1d/\libhal_bsp.a(alt_do_dtors.o)
 .bss           0x00818868        0x0 ../tutorial1d/\libhal_bsp.a(alt_find_dev.o)
 .bss           0x00818868        0x0 ../tutorial1d/\libhal_bsp.a(alt_icache_flush_all.o)
 .bss           0x00818868        0x0 ../tutorial1d/\libhal_bsp.a(alt_io_redirect.o)
 .bss           0x00818868        0x0 ../tutorial1d/\libhal_bsp.a(alt_irq_entry.o)
 .bss           0x00818868        0x0 ../tutorial1d/\libhal_bsp.a(alt_irq_handler.o)
 .bss           0x00818868        0x0 ../tutorial1d/\libhal_bsp.a(alt_open.o)
 .bss           0x00818868        0x0 ../tutorial1d/\libhal_bsp.a(alt_tick.o)
 .bss           0x00818868        0x0 ../tutorial1d/\libhal_bsp.a(altera_nios2_qsys_irq.o)
 .bss           0x00818868        0x0 ../tutorial1d/\libhal_bsp.a(alt_exception_entry.o)
 .bss           0x00818868        0x0 ../tutorial1d/\libhal_bsp.a(alt_find_file.o)
 .bss           0x00818868        0x0 ../tutorial1d/\libhal_bsp.a(alt_get_fd.o)
 .bss           0x00818868        0x0 ../tutorial1d/\libhal_bsp.a(alt_icache_flush.o)
 .bss           0x00818868        0x0 c:/381/quartus/nios2eds/bin/gnu/h-i686-mingw32/bin/../lib/gcc/nios2-elf/4.1.2/../../../../nios2-elf/lib/mno-hw-mul\libc.a(lib_a-atexit.o)
 .bss           0x00818868        0x0 c:/381/quartus/nios2eds/bin/gnu/h-i686-mingw32/bin/../lib/gcc/nios2-elf/4.1.2/../../../../nios2-elf/lib/mno-hw-mul\libc.a(lib_a-exit.o)
 .bss           0x00818868        0x0 c:/381/quartus/nios2eds/bin/gnu/h-i686-mingw32/bin/../lib/gcc/nios2-elf/4.1.2/../../../../nios2-elf/lib/mno-hw-mul\libc.a(lib_a-__atexit.o)
 .bss           0x00818868        0x0 c:/381/quartus/nios2eds/bin/gnu/h-i686-mingw32/bin/../lib/gcc/nios2-elf/4.1.2/../../../../nios2-elf/lib/mno-hw-mul\libc.a(lib_a-__call_atexit.o)
 .bss           0x00818868        0x0 ../tutorial1d/\libhal_bsp.a(alt_exit.o)
 *(COMMON)
 COMMON         0x00818868      0x568 ../tutorial1d/\libhal_bsp.a(altera_up_sd_card_avalon_interface.o)
                0x00818868                search_data
                0x0081887c                boot_sector_data
                0x008188d0                active_files
 COMMON         0x00818dd0      0x100 ../tutorial1d/\libhal_bsp.a(alt_irq_handler.o)
                0x00818dd0                alt_irq
 COMMON         0x00818ed0      0x190 c:/381/quartus/nios2eds/bin/gnu/h-i686-mingw32/bin/../lib/gcc/nios2-elf/4.1.2/../../../../nios2-elf/lib/mno-hw-mul\libc.a(lib_a-atexit.o)
                0x00818ed0                _atexit0
                0x00819060                . = ALIGN (0x4)
                0x00819060                __bss_end = ABSOLUTE (.)

.sdram          0x00819060        0x0
                0x00819060                PROVIDE (_alt_partition_sdram_start, ABSOLUTE (.))
 *(.sdram. sdram.*)
                0x00819060                . = ALIGN (0x4)
                0x00819060                PROVIDE (_alt_partition_sdram_end, ABSOLUTE (.))
                0x00819060                _end = ABSOLUTE (.)
                0x00819060                end = ABSOLUTE (.)
                0x00819060                __alt_stack_base = ABSOLUTE (.)
                0x00819060                PROVIDE (_alt_partition_sdram_load_addr, LOADADDR (.sdram))

.onchip_memory2_0
                0x01083000        0x0 load address 0x00819060
                0x01083000                PROVIDE (_alt_partition_onchip_memory2_0_start, ABSOLUTE (.))
 *(.onchip_memory2_0. onchip_memory2_0.*)
                0x01083000                . = ALIGN (0x4)
                0x01083000                PROVIDE (_alt_partition_onchip_memory2_0_end, ABSOLUTE (.))
                0x00819060                PROVIDE (_alt_partition_onchip_memory2_0_load_addr, LOADADDR (.onchip_memory2_0))

.stab
 *(.stab)

.stabstr
 *(.stabstr)

.stab.excl
 *(.stab.excl)

.stab.exclstr
 *(.stab.exclstr)

.stab.index
 *(.stab.index)

.stab.indexstr
 *(.stab.indexstr)

.comment        0x00000000       0x26
 *(.comment)
 .comment       0x00000000       0x26 obj/default/hello_world.o
                                 0x27 (size before relaxing)
 .comment       0x00000000       0x27 c:/381/quartus/nios2eds/bin/gnu/h-i686-mingw32/bin/../lib/gcc/nios2-elf/4.1.2/../../../../nios2-elf/lib/mno-hw-mul\libc.a(lib_a-malloc.o)
 .comment       0x00000000       0x27 c:/381/quartus/nios2eds/bin/gnu/h-i686-mingw32/bin/../lib/gcc/nios2-elf/4.1.2/../../../../nios2-elf/lib/mno-hw-mul\libc.a(lib_a-mallocr.o)
 .comment       0x00000000       0x27 c:/381/quartus/nios2eds/bin/gnu/h-i686-mingw32/bin/../lib/gcc/nios2-elf/4.1.2/../../../../nios2-elf/lib/mno-hw-mul\libc.a(lib_a-printf.o)
 .comment       0x00000000       0x27 c:/381/quartus/nios2eds/bin/gnu/h-i686-mingw32/bin/../lib/gcc/nios2-elf/4.1.2/../../../../nios2-elf/lib/mno-hw-mul\libc.a(lib_a-putchar.o)
 .comment       0x00000000       0x27 c:/381/quartus/nios2eds/bin/gnu/h-i686-mingw32/bin/../lib/gcc/nios2-elf/4.1.2/../../../../nios2-elf/lib/mno-hw-mul\libc.a(lib_a-puts.o)
 .comment       0x00000000       0x27 c:/381/quartus/nios2eds/bin/gnu/h-i686-mingw32/bin/../lib/gcc/nios2-elf/4.1.2/../../../../nios2-elf/lib/mno-hw-mul\libc.a(lib_a-sbrkr.o)
 .comment       0x00000000       0x27 c:/381/quartus/nios2eds/bin/gnu/h-i686-mingw32/bin/../lib/gcc/nios2-elf/4.1.2/../../../../nios2-elf/lib/mno-hw-mul\libc.a(lib_a-strcpy.o)
 .comment       0x00000000       0x27 c:/381/quartus/nios2eds/bin/gnu/h-i686-mingw32/bin/../lib/gcc/nios2-elf/4.1.2/../../../../nios2-elf/lib/mno-hw-mul\libc.a(lib_a-strlen.o)
 .comment       0x00000000       0x27 c:/381/quartus/nios2eds/bin/gnu/h-i686-mingw32/bin/../lib/gcc/nios2-elf/4.1.2/../../../../nios2-elf/lib/mno-hw-mul\libc.a(lib_a-strstr.o)
 .comment       0x00000000       0x27 c:/381/quartus/nios2eds/bin/gnu/h-i686-mingw32/bin/../lib/gcc/nios2-elf/4.1.2/../../../../nios2-elf/lib/mno-hw-mul\libc.a(lib_a-vfprintf.o)
 .comment       0x00000000       0x27 c:/381/quartus/nios2eds/bin/gnu/h-i686-mingw32/bin/../lib/gcc/nios2-elf/4.1.2/../../../../nios2-elf/lib/mno-hw-mul\libc.a(lib_a-wsetup.o)
 .comment       0x00000000       0x27 c:/381/quartus/nios2eds/bin/gnu/h-i686-mingw32/bin/../lib/gcc/nios2-elf/4.1.2/../../../../nios2-elf/lib/mno-hw-mul\libc.a(lib_a-dtoa.o)
 .comment       0x00000000       0x27 c:/381/quartus/nios2eds/bin/gnu/h-i686-mingw32/bin/../lib/gcc/nios2-elf/4.1.2/../../../../nios2-elf/lib/mno-hw-mul\libc.a(lib_a-fflush.o)
 .comment       0x00000000       0x27 c:/381/quartus/nios2eds/bin/gnu/h-i686-mingw32/bin/../lib/gcc/nios2-elf/4.1.2/../../../../nios2-elf/lib/mno-hw-mul\libc.a(lib_a-findfp.o)
 .comment       0x00000000       0x27 c:/381/quartus/nios2eds/bin/gnu/h-i686-mingw32/bin/../lib/gcc/nios2-elf/4.1.2/../../../../nios2-elf/lib/mno-hw-mul\libc.a(lib_a-freer.o)
 .comment       0x00000000       0x27 c:/381/quartus/nios2eds/bin/gnu/h-i686-mingw32/bin/../lib/gcc/nios2-elf/4.1.2/../../../../nios2-elf/lib/mno-hw-mul\libc.a(lib_a-fvwrite.o)
 .comment       0x00000000       0x27 c:/381/quartus/nios2eds/bin/gnu/h-i686-mingw32/bin/../lib/gcc/nios2-elf/4.1.2/../../../../nios2-elf/lib/mno-hw-mul\libc.a(lib_a-fwalk.o)
 .comment       0x00000000       0x27 c:/381/quartus/nios2eds/bin/gnu/h-i686-mingw32/bin/../lib/gcc/nios2-elf/4.1.2/../../../../nios2-elf/lib/mno-hw-mul\libc.a(lib_a-impure.o)
 .comment       0x00000000       0x27 c:/381/quartus/nios2eds/bin/gnu/h-i686-mingw32/bin/../lib/gcc/nios2-elf/4.1.2/../../../../nios2-elf/lib/mno-hw-mul\libc.a(lib_a-int_errno.o)
 .comment       0x00000000       0x27 c:/381/quartus/nios2eds/bin/gnu/h-i686-mingw32/bin/../lib/gcc/nios2-elf/4.1.2/../../../../nios2-elf/lib/mno-hw-mul\libc.a(lib_a-locale.o)
 .comment       0x00000000       0x27 c:/381/quartus/nios2eds/bin/gnu/h-i686-mingw32/bin/../lib/gcc/nios2-elf/4.1.2/../../../../nios2-elf/lib/mno-hw-mul\libc.a(lib_a-makebuf.o)
 .comment       0x00000000       0x27 c:/381/quartus/nios2eds/bin/gnu/h-i686-mingw32/bin/../lib/gcc/nios2-elf/4.1.2/../../../../nios2-elf/lib/mno-hw-mul\libc.a(lib_a-memchr.o)
 .comment       0x00000000       0x27 c:/381/quartus/nios2eds/bin/gnu/h-i686-mingw32/bin/../lib/gcc/nios2-elf/4.1.2/../../../../nios2-elf/lib/mno-hw-mul\libc.a(lib_a-memcmp.o)
 .comment       0x00000000       0x27 c:/381/quartus/nios2eds/bin/gnu/h-i686-mingw32/bin/../lib/gcc/nios2-elf/4.1.2/../../../../nios2-elf/lib/mno-hw-mul\libc.a(lib_a-memcpy.o)
 .comment       0x00000000       0x27 c:/381/quartus/nios2eds/bin/gnu/h-i686-mingw32/bin/../lib/gcc/nios2-elf/4.1.2/../../../../nios2-elf/lib/mno-hw-mul\libc.a(lib_a-memmove.o)
 .comment       0x00000000       0x27 c:/381/quartus/nios2eds/bin/gnu/h-i686-mingw32/bin/../lib/gcc/nios2-elf/4.1.2/../../../../nios2-elf/lib/mno-hw-mul\libc.a(lib_a-memset.o)
 .comment       0x00000000       0x27 c:/381/quartus/nios2eds/bin/gnu/h-i686-mingw32/bin/../lib/gcc/nios2-elf/4.1.2/../../../../nios2-elf/lib/mno-hw-mul\libc.a(lib_a-mprec.o)
 .comment       0x00000000       0x27 c:/381/quartus/nios2eds/bin/gnu/h-i686-mingw32/bin/../lib/gcc/nios2-elf/4.1.2/../../../../nios2-elf/lib/mno-hw-mul\libc.a(lib_a-putc.o)
 .comment       0x00000000       0x27 c:/381/quartus/nios2eds/bin/gnu/h-i686-mingw32/bin/../lib/gcc/nios2-elf/4.1.2/../../../../nios2-elf/lib/mno-hw-mul\libc.a(lib_a-reallocr.o)
 .comment       0x00000000       0x27 c:/381/quartus/nios2eds/bin/gnu/h-i686-mingw32/bin/../lib/gcc/nios2-elf/4.1.2/../../../../nios2-elf/lib/mno-hw-mul\libc.a(lib_a-s_isinfd.o)
 .comment       0x00000000       0x27 c:/381/quartus/nios2eds/bin/gnu/h-i686-mingw32/bin/../lib/gcc/nios2-elf/4.1.2/../../../../nios2-elf/lib/mno-hw-mul\libc.a(lib_a-s_isnand.o)
 .comment       0x00000000       0x27 c:/381/quartus/nios2eds/bin/gnu/h-i686-mingw32/bin/../lib/gcc/nios2-elf/4.1.2/../../../../nios2-elf/lib/mno-hw-mul\libc.a(lib_a-stdio.o)
 .comment       0x00000000       0x27 c:/381/quartus/nios2eds/bin/gnu/h-i686-mingw32/bin/../lib/gcc/nios2-elf/4.1.2/../../../../nios2-elf/lib/mno-hw-mul\libc.a(lib_a-strchr.o)
 .comment       0x00000000       0x27 c:/381/quartus/nios2eds/bin/gnu/h-i686-mingw32/bin/../lib/gcc/nios2-elf/4.1.2/../../../../nios2-elf/lib/mno-hw-mul\libc.a(lib_a-strcmp.o)
 .comment       0x00000000       0x27 c:/381/quartus/nios2eds/bin/gnu/h-i686-mingw32/bin/../lib/gcc/nios2-elf/4.1.2/../../../../nios2-elf/lib/mno-hw-mul\libc.a(lib_a-wbuf.o)
 .comment       0x00000000       0x27 c:/381/quartus/nios2eds/bin/gnu/h-i686-mingw32/bin/../lib/gcc/nios2-elf/4.1.2/../../../../nios2-elf/lib/mno-hw-mul\libc.a(lib_a-writer.o)
 .comment       0x00000000       0x27 c:/381/quartus/nios2eds/bin/gnu/h-i686-mingw32/bin/../lib/gcc/nios2-elf/4.1.2/../../../../nios2-elf/lib/mno-hw-mul\libc.a(lib_a-callocr.o)
 .comment       0x00000000       0x27 c:/381/quartus/nios2eds/bin/gnu/h-i686-mingw32/bin/../lib/gcc/nios2-elf/4.1.2/../../../../nios2-elf/lib/mno-hw-mul\libc.a(lib_a-closer.o)
 .comment       0x00000000       0x27 c:/381/quartus/nios2eds/bin/gnu/h-i686-mingw32/bin/../lib/gcc/nios2-elf/4.1.2/../../../../nios2-elf/lib/mno-hw-mul\libc.a(lib_a-fclose.o)
 .comment       0x00000000       0x27 c:/381/quartus/nios2eds/bin/gnu/h-i686-mingw32/bin/../lib/gcc/nios2-elf/4.1.2/../../../../nios2-elf/lib/mno-hw-mul\libc.a(lib_a-fstatr.o)
 .comment       0x00000000       0x27 c:/381/quartus/nios2eds/bin/gnu/h-i686-mingw32/bin/../lib/gcc/nios2-elf/4.1.2/../../../../nios2-elf/lib/mno-hw-mul\libc.a(lib_a-isattyr.o)
 .comment       0x00000000       0x27 c:/381/quartus/nios2eds/bin/gnu/h-i686-mingw32/bin/../lib/gcc/nios2-elf/4.1.2/../../../../nios2-elf/lib/mno-hw-mul\libc.a(lib_a-lseekr.o)
 .comment       0x00000000       0x27 c:/381/quartus/nios2eds/bin/gnu/h-i686-mingw32/bin/../lib/gcc/nios2-elf/4.1.2/../../../../nios2-elf/lib/mno-hw-mul\libc.a(lib_a-readr.o)
 .comment       0x00000000       0x27 c:/381/quartus/nios2eds/bin/gnu/h-i686-mingw32/bin/../lib/gcc/nios2-elf/4.1.2/mno-hw-mul\libgcc.a(_udivdi3.o)
 .comment       0x00000000       0x27 c:/381/quartus/nios2eds/bin/gnu/h-i686-mingw32/bin/../lib/gcc/nios2-elf/4.1.2/mno-hw-mul\libgcc.a(_umoddi3.o)
 .comment       0x00000000       0x27 c:/381/quartus/nios2eds/bin/gnu/h-i686-mingw32/bin/../lib/gcc/nios2-elf/4.1.2/mno-hw-mul\libgcc.a(_addsub_df.o)
 .comment       0x00000000       0x27 c:/381/quartus/nios2eds/bin/gnu/h-i686-mingw32/bin/../lib/gcc/nios2-elf/4.1.2/mno-hw-mul\libgcc.a(_mul_df.o)
 .comment       0x00000000       0x27 c:/381/quartus/nios2eds/bin/gnu/h-i686-mingw32/bin/../lib/gcc/nios2-elf/4.1.2/mno-hw-mul\libgcc.a(_div_df.o)
 .comment       0x00000000       0x27 c:/381/quartus/nios2eds/bin/gnu/h-i686-mingw32/bin/../lib/gcc/nios2-elf/4.1.2/mno-hw-mul\libgcc.a(_eq_df.o)
 .comment       0x00000000       0x27 c:/381/quartus/nios2eds/bin/gnu/h-i686-mingw32/bin/../lib/gcc/nios2-elf/4.1.2/mno-hw-mul\libgcc.a(_ne_df.o)
 .comment       0x00000000       0x27 c:/381/quartus/nios2eds/bin/gnu/h-i686-mingw32/bin/../lib/gcc/nios2-elf/4.1.2/mno-hw-mul\libgcc.a(_gt_df.o)
 .comment       0x00000000       0x27 c:/381/quartus/nios2eds/bin/gnu/h-i686-mingw32/bin/../lib/gcc/nios2-elf/4.1.2/mno-hw-mul\libgcc.a(_ge_df.o)
 .comment       0x00000000       0x27 c:/381/quartus/nios2eds/bin/gnu/h-i686-mingw32/bin/../lib/gcc/nios2-elf/4.1.2/mno-hw-mul\libgcc.a(_lt_df.o)
 .comment       0x00000000       0x27 c:/381/quartus/nios2eds/bin/gnu/h-i686-mingw32/bin/../lib/gcc/nios2-elf/4.1.2/mno-hw-mul\libgcc.a(_si_to_df.o)
 .comment       0x00000000       0x27 c:/381/quartus/nios2eds/bin/gnu/h-i686-mingw32/bin/../lib/gcc/nios2-elf/4.1.2/mno-hw-mul\libgcc.a(_df_to_si.o)
 .comment       0x00000000       0x27 c:/381/quartus/nios2eds/bin/gnu/h-i686-mingw32/bin/../lib/gcc/nios2-elf/4.1.2/mno-hw-mul\libgcc.a(_thenan_df.o)
 .comment       0x00000000       0x27 c:/381/quartus/nios2eds/bin/gnu/h-i686-mingw32/bin/../lib/gcc/nios2-elf/4.1.2/mno-hw-mul\libgcc.a(_usi_to_df.o)
 .comment       0x00000000       0x27 c:/381/quartus/nios2eds/bin/gnu/h-i686-mingw32/bin/../lib/gcc/nios2-elf/4.1.2/mno-hw-mul\libgcc.a(lib2-divmod.o)
 .comment       0x00000000       0x27 c:/381/quartus/nios2eds/bin/gnu/h-i686-mingw32/bin/../lib/gcc/nios2-elf/4.1.2/mno-hw-mul\libgcc.a(lib2-mul.o)
 .comment       0x00000000       0x27 c:/381/quartus/nios2eds/bin/gnu/h-i686-mingw32/bin/../lib/gcc/nios2-elf/4.1.2/mno-hw-mul\libgcc.a(_muldi3.o)
 .comment       0x00000000       0x27 c:/381/quartus/nios2eds/bin/gnu/h-i686-mingw32/bin/../lib/gcc/nios2-elf/4.1.2/mno-hw-mul\libgcc.a(_clz.o)
 .comment       0x00000000       0x27 c:/381/quartus/nios2eds/bin/gnu/h-i686-mingw32/bin/../lib/gcc/nios2-elf/4.1.2/mno-hw-mul\libgcc.a(_clzsi2.o)
 .comment       0x00000000       0x27 c:/381/quartus/nios2eds/bin/gnu/h-i686-mingw32/bin/../lib/gcc/nios2-elf/4.1.2/mno-hw-mul\libgcc.a(_pack_df.o)
 .comment       0x00000000       0x27 c:/381/quartus/nios2eds/bin/gnu/h-i686-mingw32/bin/../lib/gcc/nios2-elf/4.1.2/mno-hw-mul\libgcc.a(_unpack_df.o)