Archive member included because of file (symbol)

c:/381/quartus/nios2eds/bin/gnu/h-i686-mingw32/bin/../lib/gcc/nios2-elf/4.1.2/../../../../nios2-elf/lib/mno-hw-mul\libc.a(lib_a-malloc.o)
                              obj/default/hello_world.o (malloc)
c:/381/quartus/nios2eds/bin/gnu/h-i686-mingw32/bin/../lib/gcc/nios2-elf/4.1.2/../../../../nios2-elf/lib/mno-hw-mul\libc.a(lib_a-mallocr.o)
                              c:/381/quartus/nios2eds/bin/gnu/h-i686-mingw32/bin/../lib/gcc/nios2-elf/4.1.2/../../../../nios2-elf/lib/mno-hw-mul\libc.a(lib_a-malloc.o) (_malloc_r)
c:/381/quartus/nios2eds/bin/gnu/h-i686-mingw32/bin/../lib/gcc/nios2-elf/4.1.2/../../../../nios2-elf/lib/mno-hw-mul\libc.a(lib_a-printf.o)
                              obj/default/hello_world.o (printf)
c:/381/quartus/nios2eds/bin/gnu/h-i686-mingw32/bin/../lib/gcc/nios2-elf/4.1.2/../../../../nios2-elf/lib/mno-hw-mul\libc.a(lib_a-puts.o)
                              obj/default/hello_world.o (puts)
c:/381/quartus/nios2eds/bin/gnu/h-i686-mingw32/bin/../lib/gcc/nios2-elf/4.1.2/../../../../nios2-elf/lib/mno-hw-mul\libc.a(lib_a-sbrkr.o)
                              c:/381/quartus/nios2eds/bin/gnu/h-i686-mingw32/bin/../lib/gcc/nios2-elf/4.1.2/../../../../nios2-elf/lib/mno-hw-mul\libc.a(lib_a-mallocr.o) (_sbrk_r)
c:/381/quartus/nios2eds/bin/gnu/h-i686-mingw32/bin/../lib/gcc/nios2-elf/4.1.2/../../../../nios2-elf/lib/mno-hw-mul\libc.a(lib_a-strlen.o)
                              c:/381/quartus/nios2eds/bin/gnu/h-i686-mingw32/bin/../lib/gcc/nios2-elf/4.1.2/../../../../nios2-elf/lib/mno-hw-mul\libc.a(lib_a-puts.o) (strlen)
c:/381/quartus/nios2eds/bin/gnu/h-i686-mingw32/bin/../lib/gcc/nios2-elf/4.1.2/../../../../nios2-elf/lib/mno-hw-mul\libc.a(lib_a-strstr.o)
                              obj/default/hello_world.o (strstr)
c:/381/quartus/nios2eds/bin/gnu/h-i686-mingw32/bin/../lib/gcc/nios2-elf/4.1.2/../../../../nios2-elf/lib/mno-hw-mul\libc.a(lib_a-vfprintf.o)
                              c:/381/quartus/nios2eds/bin/gnu/h-i686-mingw32/bin/../lib/gcc/nios2-elf/4.1.2/../../../../nios2-elf/lib/mno-hw-mul\libc.a(lib_a-printf.o) (___vfprintf_internal_r)
c:/381/quartus/nios2eds/bin/gnu/h-i686-mingw32/bin/../lib/gcc/nios2-elf/4.1.2/../../../../nios2-elf/lib/mno-hw-mul\libc.a(lib_a-wsetup.o)
                              c:/381/quartus/nios2eds/bin/gnu/h-i686-mingw32/bin/../lib/gcc/nios2-elf/4.1.2/../../../../nios2-elf/lib/mno-hw-mul\libc.a(lib_a-vfprintf.o) (__swsetup_r)
c:/381/quartus/nios2eds/bin/gnu/h-i686-mingw32/bin/../lib/gcc/nios2-elf/4.1.2/../../../../nios2-elf/lib/mno-hw-mul\libc.a(lib_a-dtoa.o)
                              c:/381/quartus/nios2eds/bin/gnu/h-i686-mingw32/bin/../lib/gcc/nios2-elf/4.1.2/../../../../nios2-elf/lib/mno-hw-mul\libc.a(lib_a-vfprintf.o) (_dtoa_r)
c:/381/quartus/nios2eds/bin/gnu/h-i686-mingw32/bin/../lib/gcc/nios2-elf/4.1.2/../../../../nios2-elf/lib/mno-hw-mul\libc.a(lib_a-fflush.o)
                              c:/381/quartus/nios2eds/bin/gnu/h-i686-mingw32/bin/../lib/gcc/nios2-elf/4.1.2/../../../../nios2-elf/lib/mno-hw-mul\libc.a(lib_a-vfprintf.o) (_fflush_r)
c:/381/quartus/nios2eds/bin/gnu/h-i686-mingw32/bin/../lib/gcc/nios2-elf/4.1.2/../../../../nios2-elf/lib/mno-hw-mul\libc.a(lib_a-findfp.o)
                              c:/381/quartus/nios2eds/bin/gnu/h-i686-mingw32/bin/../lib/gcc/nios2-elf/4.1.2/../../../../nios2-elf/lib/mno-hw-mul\libc.a(lib_a-vfprintf.o) (__sinit)
c:/381/quartus/nios2eds/bin/gnu/h-i686-mingw32/bin/../lib/gcc/nios2-elf/4.1.2/../../../../nios2-elf/lib/mno-hw-mul\libc.a(lib_a-freer.o)
                              c:/381/quartus/nios2eds/bin/gnu/h-i686-mingw32/bin/../lib/gcc/nios2-elf/4.1.2/../../../../nios2-elf/lib/mno-hw-mul\libc.a(lib_a-malloc.o) (_free_r)
c:/381/quartus/nios2eds/bin/gnu/h-i686-mingw32/bin/../lib/gcc/nios2-elf/4.1.2/../../../../nios2-elf/lib/mno-hw-mul\libc.a(lib_a-fvwrite.o)
                              c:/381/quartus/nios2eds/bin/gnu/h-i686-mingw32/bin/../lib/gcc/nios2-elf/4.1.2/../../../../nios2-elf/lib/mno-hw-mul\libc.a(lib_a-puts.o) (__sfvwrite_r)
c:/381/quartus/nios2eds/bin/gnu/h-i686-mingw32/bin/../lib/gcc/nios2-elf/4.1.2/../../../../nios2-elf/lib/mno-hw-mul\libc.a(lib_a-fwalk.o)
                              c:/381/quartus/nios2eds/bin/gnu/h-i686-mingw32/bin/../lib/gcc/nios2-elf/4.1.2/../../../../nios2-elf/lib/mno-hw-mul\libc.a(lib_a-fflush.o) (_fwalk_reent)
c:/381/quartus/nios2eds/bin/gnu/h-i686-mingw32/bin/../lib/gcc/nios2-elf/4.1.2/../../../../nios2-elf/lib/mno-hw-mul\libc.a(lib_a-impure.o)
                              c:/381/quartus/nios2eds/bin/gnu/h-i686-mingw32/bin/../lib/gcc/nios2-elf/4.1.2/../../../../nios2-elf/lib/mno-hw-mul\libc.a(lib_a-malloc.o) (_impure_ptr)
c:/381/quartus/nios2eds/bin/gnu/h-i686-mingw32/bin/../lib/gcc/nios2-elf/4.1.2/../../../../nios2-elf/lib/mno-hw-mul\libc.a(lib_a-int_errno.o)
[...]
Memory Configuration

Name             Origin             Length             Attributes
reset            0x00800000         0x00000020
sdram            0x00800020         0x007fffe0
onchip_memory2_0 0x01083000         0x00001000
*default*        0x00000000         0xffffffff

Linker script and memory map

LOAD ../tutorial1d//obj/HAL/src/crt0.o
LOAD obj/default/hello_world.o
LOAD c:/381/quartus/nios2eds/bin/gnu/h-i686-mingw32/bin/../lib/gcc/nios2-elf/4.1.2/../../../../nios2-elf/lib/mno-hw-mul\libstdc++.a
LOAD c:/381/quartus/nios2eds/bin/gnu/h-i686-mingw32/bin/../lib/gcc/nios2-elf/4.1.2/../../../../nios2-elf/lib/mno-hw-mul\libm.a
LOAD c:/381/quartus/nios2eds/bin/gnu/h-i686-mingw32/bin/../lib/gcc/nios2-elf/4.1.2/mno-hw-mul\libgcc.a
START GROUP
LOAD c:/381/quartus/nios2eds/bin/gnu/h-i686-mingw32/bin/../lib/gcc/nios2-elf/4.1.2/../../../../nios2-elf/lib/mno-hw-mul\libc.a
LOAD c:/381/quartus/nios2eds/bin/gnu/h-i686-mingw32/bin/../lib/gcc/nios2-elf/4.1.2/mno-hw-mul\libgcc.a
LOAD ../tutorial1d/\libhal_bsp.a
END GROUP
LOAD c:/381/quartus/nios2eds/bin/gnu/h-i686-mingw32/bin/../lib/gcc/nios2-elf/4.1.2/mno-hw-mul\libgcc.a
                0x00800000                __alt_mem_sdram = 0x800000
                0x01083000                __alt_mem_onchip_memory2_0 = 0x1083000

.entry          0x00800000       0x20
 *(.entry)
 .entry         0x00800000       0x20 ../tutorial1d//obj/HAL/src/crt0.o
                0x00800000                __reset

.exceptions     0x00800020      0x198
                0x00800020                PROVIDE (__ram_exceptions_start, ABSOLUTE (.))
                0x00800020                . = ALIGN (0x20)
 *(.irq)
 *(.exceptions.entry.label)
 .exceptions.entry.label
                0x00800020        0x0 ../tutorial1d/\libhal_bsp.a(alt_irq_entry.o)
                0x00800020                alt_irq_entry
 .exceptions.entry.label
                0x00800020        0x0 ../tutorial1d/\libhal_bsp.a(alt_exception_entry.o)
                0x00800020                alt_exception
 *(.exceptions.entry.user)
 *(.exceptions.entry)
 .exceptions.entry
                0x00800020       0x54 ../tutorial1d/\libhal_bsp.a(alt_exception_entry.o)
 *(.exceptions.irqtest.user)
 *(.exceptions.irqtest)
 .exceptions.irqtest
                0x00800074       0x10 ../tutorial1d/\libhal_bsp.a(alt_irq_entry.o)
 *(.exceptions.irqhandler.user)
 *(.exceptions.irqhandler)
 .exceptions.irqhandler
                0x00800084        0x4 ../tutorial1d/\libhal_bsp.a(alt_irq_entry.o)
 *(.exceptions.irqreturn.user)
 *(.exceptions.irqreturn)
 .exceptions.irqreturn
                0x00800088        0x4 ../tutorial1d/\libhal_bsp.a(alt_irq_entry.o)
 *(.exceptions.notirq.label)
 .exceptions.notirq.label
                0x0080008c        0x0 ../tutorial1d/\libhal_bsp.a(alt_irq_entry.o)
 *(.exceptions.notirq.user)
 *(.exceptions.notirq)
 .exceptions.notirq
                0x0080008c        0x8 ../tutorial1d/\libhal_bsp.a(alt_exception_entry.o)
 *(.exceptions.soft.user)
 *(.exceptions.soft)
 *(.exceptions.unknown.user)
 *(.exceptions.unknown)
 .exceptions.unknown
                0x00800094        0x4 ../tutorial1d/\libhal_bsp.a(alt_exception_entry.o)
 *(.exceptions.exit.label)
 .exceptions.exit.label
                0x00800098        0x0 ../tutorial1d/\libhal_bsp.a(alt_irq_entry.o)
 .exceptions.exit.label
                0x00800098        0x0 ../tutorial1d/\libhal_bsp.a(alt_exception_entry.o)
 *(.exceptions.exit.user)
 *(.exceptions.exit)
 .exceptions.exit
                0x00800098       0x54 ../tutorial1d/\libhal_bsp.a(alt_exception_entry.o)
 *(.exceptions)
 .exceptions    0x008000ec       0xcc ../tutorial1d/\libhal_bsp.a(alt_irq_handler.o)
                0x008000ec                alt_irq_handler
                0x008001b8                PROVIDE (__ram_exceptions_end, ABSOLUTE (.))
                0x00800020                PROVIDE (__flash_exceptions_start, LOADADDR (.exceptions))

.text           0x008001b8    0x1433c
                0x008001b8                PROVIDE (stext, ABSOLUTE (.))
 *(.interp)
 *(.hash)
 *(.dynsym)
 *(.dynstr)
 *(.gnu.version)
 *(.gnu.version_d)
 *(.gnu.version_r)
 *(.rel.init)
 *(.rela.init)
 *(.rel.text .rel.text.* .rel.gnu.linkonce.t.*)
 *(.rela.text .rela.text.* .rela.gnu.linkonce.t.*)
 *(.rel.fini)
 *(.rela.fini)
 *(.rel.rodata .rel.rodata.* .rel.gnu.linkonce.r.*)
 *(.rela.rodata .rela.rodata.* .rela.gnu.linkonce.r.*)
 *(.rel.data .rel.data.* .rel.gnu.linkonce.d.*)
 *(.rela.data .rela.data.* .rela.gnu.linkonce.d.*)
 *(.rel.tdata .rel.tdata.* .rel.gnu.linkonce.td.*)
 *(.rela.tdata .rela.tdata.* .rela.gnu.linkonce.td.*)
 *(.rel.tbss .rel.tbss.* .rel.gnu.linkonce.tb.*)
 *(.rela.tbss .rela.tbss.* .rela.gnu.linkonce.tb.*)
 *(.rel.ctors)
 *(.rela.ctors)
 *(.rel.dtors)
 *(.rela.dtors)
 *(.rel.got)
 *(.rela.got)
 *(.rel.sdata .rel.sdata.* .rel.gnu.linkonce.s.*)
 *(.rela.sdata .rela.sdata.* .rela.gnu.linkonce.s.*)
 *(.rel.sbss .rel.sbss.* .rel.gnu.linkonce.sb.*)
 *(.rela.sbss .rela.sbss.* .rela.gnu.linkonce.sb.*)
 *(.rel.sdata2 .rel.sdata2.* .rel.gnu.linkonce.s2.*)
 *(.rela.sdata2 .rela.sdata2.* .rela.gnu.linkonce.s2.*)
 *(.rel.sbss2 .rel.sbss2.* .rel.gnu.linkonce.sb2.*)
 *(.rela.sbss2 .rela.sbss2.* .rela.gnu.linkonce.sb2.*)
 *(.rel.bss .rel.bss.* .rel.gnu.linkonce.b.*)
 *(.rela.bss .rela.bss.* .rela.gnu.linkonce.b.*)
 *(.rel.plt)
 *(.rela.plt)
 *(.rel.dyn)
 *(.init)
 *(.plt)
 *(.text .stub .text.* .gnu.linkonce.t.*)
 .text          0x008001b8       0x3c ../tutorial1d//obj/HAL/src/crt0.o
                0x008001b8                _start
 .text          0x008001f4      0x738 obj/default/hello_world.o
                0x0080023c                play_wav
                0x008002dc                stop_sound
                0x0080030c                pause_sound
                0x00800338                resume_sound
                0x00800364                read_wav
                0x0080046c                readWavFromSDCARD
                0x008005d8                configure_audio
                0x00800664                readSongsFromSDCard
                0x00800818                main
 .text          0x0080092c       0x28 c:/381/quartus/nios2eds/bin/gnu/h-i686-mingw32/bin/../lib/gcc/nios2-elf/4.1.2/../../../../nios2-elf/lib/mno-hw-mul\libc.a(lib_a-malloc.o)
                0x0080092c                free
                0x00800940                malloc
 .text          0x00800954      0x740 c:/381/quartus/nios2eds/bin/gnu/h-i686-mingw32/bin/../lib/gcc/nios2-elf/4.1.2/../../../../nios2-elf/lib/mno-hw-mul\libc.a(lib_a-mallocr.o)
                0x00800954                _malloc_r
 .text          0x00801094       0x78 c:/381/quartus/nios2eds/bin/gnu/h-i686-mingw32/bin/../lib/gcc/nios2-elf/4.1.2/../../../../nios2-elf/lib/mno-hw-mul\libc.a(lib_a-printf.o)
                0x00801094                printf
                0x008010d8                _printf_r
 .text          0x0080110c       0xb4 c:/381/quartus/nios2eds/bin/gnu/h-i686-mingw32/bin/../lib/gcc/nios2-elf/4.1.2/../../../../nios2-elf/lib/mno-hw-mul\libc.a(lib_a-puts.o)
                0x0080110c                _puts_r
                0x008011ac                puts
 .text          0x008011c0       0x70 c:/381/quartus/nios2eds/bin/gnu/h-i686-mingw32/bin/../lib/gcc/nios2-elf/4.1.2/../../../../nios2-elf/lib/mno-hw-mul\libc.a(lib_a-sbrkr.o)
                0x008011c0                _sbrk_r
 .text          0x00801230       0x74 c:/381/quartus/nios2eds/bin/gnu/h-i686-mingw32/bin/../lib/gcc/nios2-elf/4.1.2/../../../../nios2-elf/lib/mno-hw-mul\libc.a(lib_a-strlen.o)
                0x00801230                strlen
 .text          0x008012a4      0x794 c:/381/quartus/nios2eds/bin/gnu/h-i686-mingw32/bin/../lib/gcc/nios2-elf/4.1.2/../../../../nios2-elf/lib/mno-hw-mul\libc.a(lib_a-strstr.o)
                0x008013d8                strstr
 .text          0x00801a38     0x1f40 c:/381/quartus/nios2eds/bin/gnu/h-i686-mingw32/bin/../lib/gcc/nios2-elf/4.1.2/../../../../nios2-elf/lib/mno-hw-mul\libc.a(lib_a-vfprintf.o)
                0x00801a90                ___vfprintf_internal_r
                0x00803954                __vfprintf_internal
 .text          0x00803978      0x13c c:/381/quartus/nios2eds/bin/gnu/h-i686-mingw32/bin/../lib/gcc/nios2-elf/4.1.2/../../../../nios2-elf/lib/mno-hw-mul\libc.a(lib_a-wsetup.o)
                0x00803978                __swsetup_r
 .text          0x00803ab4     0x17f8 c:/381/quartus/nios2eds/bin/gnu/h-i686-mingw32/bin/../lib/gcc/nios2-elf/4.1.2/../../../../nios2-elf/lib/mno-hw-mul\libc.a(lib_a-dtoa.o)
                0x00803cf8                _dtoa_r
 .text          0x008052ac      0x230 c:/381/quartus/nios2eds/bin/gnu/h-i686-mingw32/bin/../lib/gcc/nios2-elf/4.1.2/../../../../nios2-elf/lib/mno-hw-mul\libc.a(lib_a-fflush.o)
                0x008052ac                _fflush_r
                0x008054a8                fflush
 .text          0x008054dc      0x2f4 c:/381/quartus/nios2eds/bin/gnu/h-i686-mingw32/bin/../lib/gcc/nios2-elf/4.1.2/../../../../nios2-elf/lib/mno-hw-mul\libc.a(lib_a-findfp.o)
                0x00805534                __sfp_lock_acquire
                0x00805538                __sfp_lock_release
                0x0080553c                __sinit_lock_acquire
                0x00805540                __sinit_lock_release
                0x00805544                __sinit
                0x008055f8                __fp_unlock_all
                0x00805610                __fp_lock_all
                0x00805628                _cleanup_r
                0x00805634                _cleanup
                0x00805644                __sfmoreglue
                0x008056e0                __sfp
 .text          0x008057d0      0x440 c:/381/quartus/nios2eds/bin/gnu/h-i686-mingw32/bin/../lib/gcc/nios2-elf/4.1.2/../../../../nios2-elf/lib/mno-hw-mul\libc.a(lib_a-freer.o)
                0x008057d0                _malloc_trim_r
                0x008058fc                _free_r
 .text          0x00805c10      0x49c c:/381/quartus/nios2eds/bin/gnu/h-i686-mingw32/bin/../lib/gcc/nios2-elf/4.1.2/../../../../nios2-elf/lib/mno-hw-mul\libc.a(lib_a-fvwrite.o)
                0x00805c10                __sfvwrite_r
 .text          0x008060ac      0x180 c:/381/quartus/nios2eds/bin/gnu/h-i686-mingw32/bin/../lib/gcc/nios2-elf/4.1.2/../../../../nios2-elf/lib/mno-hw-mul\libc.a(lib_a-fwalk.o)
                0x008060ac                _fwalk_reent
                0x00806174                _fwalk
 .text          0x0080622c        0x0 c:/381/quartus/nios2eds/bin/gnu/h-i686-mingw32/bin/../lib/gcc/nios2-elf/4.1.2/../../../../nios2-elf/lib/mno-hw-mul\libc.a(lib_a-impure.o)
 .text          0x0080622c        0x0 c:/381/quartus/nios2eds/bin/gnu/h-i686-mingw32/bin/../lib/gcc/nios2-elf/4.1.2/../../../../nios2-elf/lib/mno-hw-mul\libc.a(lib_a-int_errno.o)
 .text          0x0080622c       0xc4 c:/381/quartus/nios2eds/bin/gnu/h-i686-mingw32/bin/../lib/gcc/nios2-elf/4.1.2/../../../../nios2-elf/lib/mno-hw-mul\libc.a(lib_a-locale.o)
                0x0080622c                __locale_charset
                0x00806234                _localeconv_r
                0x00806240                localeconv
                0x00806250                _setlocale_r
                0x008062d4                setlocale
 .text          0x008062f0      0x194 c:/381/quartus/nios2eds/bin/gnu/h-i686-mingw32/bin/../lib/gcc/nios2-elf/4.1.2/../../../../nios2-elf/lib/mno-hw-mul\libc.a(lib_a-makebuf.o)
                0x008062f0                __smakebuf_r
 .text          0x00806484       0xe4 c:/381/quartus/nios2eds/bin/gnu/h-i686-mingw32/bin/../lib/gcc/nios2-elf/4.1.2/../../../../nios2-elf/lib/mno-hw-mul\libc.a(lib_a-memchr.o)
                0x00806484                memchr
 .text          0x00806568       0x74 c:/381/quartus/nios2eds/bin/gnu/h-i686-mingw32/bin/../lib/gcc/nios2-elf/4.1.2/../../../../nios2-elf/lib/mno-hw-mul\libc.a(lib_a-memcmp.o)
                0x00806568                memcmp
 .text          0x008065dc       0xa0 c:/381/quartus/nios2eds/bin/gnu/h-i686-mingw32/bin/../lib/gcc/nios2-elf/4.1.2/../../../../nios2-elf/lib/mno-hw-mul\libc.a(lib_a-memcpy.o)
                0x008065dc                memcpy
 .text          0x0080667c       0xe0 c:/381/quartus/nios2eds/bin/gnu/h-i686-mingw32/bin/../lib/gcc/nios2-elf/4.1.2/../../../../nios2-elf/lib/mno-hw-mul\libc.a(lib_a-memmove.o)
                0x0080667c                memmove
 .text          0x0080675c       0x98 c:/381/quartus/nios2eds/bin/gnu/h-i686-mingw32/bin/../lib/gcc/nios2-elf/4.1.2/../../../../nios2-elf/lib/mno-hw-mul\libc.a(lib_a-memset.o)
                0x0080675c                memset
 .text          0x008067f4     0x108c c:/381/quartus/nios2eds/bin/gnu/h-i686-mingw32/bin/../lib/gcc/nios2-elf/4.1.2/../../../../nios2-elf/lib/mno-hw-mul\libc.a(lib_a-mprec.o)
                0x008067f4                _Bfree
                0x0080681c                __hi0bits
                0x0080688c                __lo0bits
                0x00806950                __mcmp
                0x008069b0                __ulp
                0x00806a30                __b2d
                0x00806b50                __ratio
                0x00806c00                _mprec_log10
                0x00806c94                __copybits
                0x00806cec                __any_on
                0x00806d74                _Balloc
                0x00806e30                __d2b
                0x00806fac                __mdiff
                0x00807138                __lshift
                0x00807284                __multiply
                0x008074d8                __i2b
                0x00807514                __multadd
                0x00807640                __pow5mult
                0x00807760                __s2b
 .text          0x00807880      0x5f4 c:/381/quartus/nios2eds/bin/gnu/h-i686-mingw32/bin/../lib/gcc/nios2-elf/4.1.2/../../../../nios2-elf/lib/mno-hw-mul\libc.a(lib_a-reallocr.o)
                0x00807880                _realloc_r
 .text          0x00807e74       0x40 c:/381/quartus/nios2eds/bin/gnu/h-i686-mingw32/bin/../lib/gcc/nios2-elf/4.1.2/../../../../nios2-elf/lib/mno-hw-mul\libc.a(lib_a-s_isinfd.o)
                0x00807e74                __isinfd
 .text          0x00807eb4       0x30 c:/381/quartus/nios2eds/bin/gnu/h-i686-mingw32/bin/../lib/gcc/nios2-elf/4.1.2/../../../../nios2-elf/lib/mno-hw-mul\libc.a(lib_a-s_isnand.o)
                0x00807eb4                __isnand
 .text          0x00807ee4      0x14c c:/381/quartus/nios2eds/bin/gnu/h-i686-mingw32/bin/../lib/gcc/nios2-elf/4.1.2/../../../../nios2-elf/lib/mno-hw-mul\libc.a(lib_a-stdio.o)
                0x00807ee4                __sclose
                0x00807eec                __sseek
                0x00807f54                __swrite
                0x00807fd0                __sread
 .text          0x00808030       0xe0 c:/381/quartus/nios2eds/bin/gnu/h-i686-mingw32/bin/../lib/gcc/nios2-elf/4.1.2/../../../../nios2-elf/lib/mno-hw-mul\libc.a(lib_a-strchr.o)
                0x00808030                strchr
 .text          0x00808110       0xbc c:/381/quartus/nios2eds/bin/gnu/h-i686-mingw32/bin/../lib/gcc/nios2-elf/4.1.2/../../../../nios2-elf/lib/mno-hw-mul\libc.a(lib_a-strcmp.o)
                0x00808110                strcmp
 .text          0x008081cc       0x78 c:/381/quartus/nios2eds/bin/gnu/h-i686-mingw32/bin/../lib/gcc/nios2-elf/4.1.2/../../../../nios2-elf/lib/mno-hw-mul\libc.a(lib_a-writer.o)
                0x008081cc                _write_r
 .text          0x00808244       0xc8 c:/381/quartus/nios2eds/bin/gnu/h-i686-mingw32/bin/../lib/gcc/nios2-elf/4.1.2/../../../../nios2-elf/lib/mno-hw-mul\libc.a(lib_a-callocr.o)
                0x00808244                _calloc_r
 .text          0x0080830c       0x70 c:/381/quartus/nios2eds/bin/gnu/h-i686-mingw32/bin/../lib/gcc/nios2-elf/4.1.2/../../../../nios2-elf/lib/mno-hw-mul\libc.a(lib_a-closer.o)
                0x0080830c                _close_r
 .text          0x0080837c      0x124 c:/381/quartus/nios2eds/bin/gnu/h-i686-mingw32/bin/../lib/gcc/nios2-elf/4.1.2/../../../../nios2-elf/lib/mno-hw-mul\libc.a(lib_a-fclose.o)
                0x0080837c                _fclose_r
                0x0080848c                fclose
 .text          0x008084a0       0x74 c:/381/quartus/nios2eds/bin/gnu/h-i686-mingw32/bin/../lib/gcc/nios2-elf/4.1.2/../../../../nios2-elf/lib/mno-hw-mul\libc.a(lib_a-fstatr.o)
                0x008084a0                _fstat_r
 .text          0x00808514       0x70 c:/381/quartus/nios2eds/bin/gnu/h-i686-mingw32/bin/../lib/gcc/nios2-elf/4.1.2/../../../../nios2-elf/lib/mno-hw-mul\libc.a(lib_a-isattyr.o)
                0x00808514                _isatty_r
 .text          0x00808584       0x78 c:/381/quartus/nios2eds/bin/gnu/h-i686-mingw32/bin/../lib/gcc/nios2-elf/4.1.2/../../../../nios2-elf/lib/mno-hw-mul\libc.a(lib_a-lseekr.o)
                0x00808584                _lseek_r
 .text          0x008085fc       0x78 c:/381/quartus/nios2eds/bin/gnu/h-i686-mingw32/bin/../lib/gcc/nios2-elf/4.1.2/../../../../nios2-elf/lib/mno-hw-mul\libc.a(lib_a-readr.o)
                0x008085fc                _read_r
 .text          0x00808674      0x66c c:/381/quartus/nios2eds/bin/gnu/h-i686-mingw32/bin/../lib/gcc/nios2-elf/4.1.2/mno-hw-mul\libgcc.a(_udivdi3.o)
                0x00808674                __udivdi3
 .text          0x00808ce0      0x660 c:/381/quartus/nios2eds/bin/gnu/h-i686-mingw32/bin/../lib/gcc/nios2-elf/4.1.2/mno-hw-mul\libgcc.a(_umoddi3.o)
                0x00808ce0                __umoddi3
 .text          0x00809340      0x504 c:/381/quartus/nios2eds/bin/gnu/h-i686-mingw32/bin/../lib/gcc/nios2-elf/4.1.2/mno-hw-mul\libgcc.a(_addsub_df.o)
                0x00809750                __subdf3
                0x008097d0                __adddf3
 .text          0x00809844      0x3c4 c:/381/quartus/nios2eds/bin/gnu/h-i686-mingw32/bin/../lib/gcc/nios2-elf/4.1.2/mno-hw-mul\libgcc.a(_mul_df.o)
                0x00809844                __muldf3
 .text          0x00809c08      0x258 c:/381/quartus/nios2eds/bin/gnu/h-i686-mingw32/bin/../lib/gcc/nios2-elf/4.1.2/mno-hw-mul\libgcc.a(_div_df.o)
                0x00809c08                __divdf3
 .text          0x00809e60       0x88 c:/381/quartus/nios2eds/bin/gnu/h-i686-mingw32/bin/../lib/gcc/nios2-elf/4.1.2/mno-hw-mul\libgcc.a(_eq_df.o)
                0x00809e60                __eqdf2
 .text          0x00809ee8       0x88 c:/381/quartus/nios2eds/bin/gnu/h-i686-mingw32/bin/../lib/gcc/nios2-elf/4.1.2/mno-hw-mul\libgcc.a(_ne_df.o)
                0x00809ee8                __nedf2
 .text          0x00809f70       0x88 c:/381/quartus/nios2eds/bin/gnu/h-i686-mingw32/bin/../lib/gcc/nios2-elf/4.1.2/mno-hw-mul\libgcc.a(_gt_df.o)
                0x00809f70                __gtdf2
 .text          0x00809ff8       0x88 c:/381/quartus/nios2eds/bin/gnu/h-i686-mingw32/bin/../lib/gcc/nios2-elf/4.1.2/mno-hw-mul\libgcc.a(_ge_df.o)
                0x00809ff8                __gedf2
 .text          0x0080a080       0x88 c:/381/quartus/nios2eds/bin/gnu/h-i686-mingw32/bin/../lib/gcc/nios2-elf/4.1.2/mno-hw-mul\libgcc.a(_lt_df.o)
                0x0080a080                __ltdf2
 .text          0x0080a108       0xf8 c:/381/quartus/nios2eds/bin/gnu/h-i686-mingw32/bin/../lib/gcc/nios2-elf/4.1.2/mno-hw-mul\libgcc.a(_si_to_df.o)
                0x0080a108                __floatsidf
 .text          0x0080a200       0xd8 c:/381/quartus/nios2eds/bin/gnu/h-i686-mingw32/bin/../lib/gcc/nios2-elf/4.1.2/mno-hw-mul\libgcc.a(_df_to_si.o)
                0x0080a200                __fixdfsi
 .text          0x0080a2d8        0x0 c:/381/quartus/nios2eds/bin/gnu/h-i686-mingw32/bin/../lib/gcc/nios2-elf/4.1.2/mno-hw-mul\libgcc.a(_thenan_df.o)
 .text          0x0080a2d8      0x194 c:/381/quartus/nios2eds/bin/gnu/h-i686-mingw32/bin/../lib/gcc/nios2-elf/4.1.2/mno-hw-mul\libgcc.a(_usi_to_df.o)
                0x0080a2d8                __floatunsidf
 .text          0x0080a46c      0x14c c:/381/quartus/nios2eds/bin/gnu/h-i686-mingw32/bin/../lib/gcc/nios2-elf/4.1.2/mno-hw-mul\libgcc.a(lib2-divmod.o)
                0x0080a4e8                __divsi3
                0x0080a548                __modsi3
                0x0080a5a8                __udivsi3
                0x0080a5b0                __umodsi3
 .text          0x0080a5b8       0x38 c:/381/quartus/nios2eds/bin/gnu/h-i686-mingw32/bin/../lib/gcc/nios2-elf/4.1.2/mno-hw-mul\libgcc.a(lib2-mul.o)
                0x0080a5b8                __mulsi3
 .text          0x0080a5f0      0x124 c:/381/quartus/nios2eds/bin/gnu/h-i686-mingw32/bin/../lib/gcc/nios2-elf/4.1.2/mno-hw-mul\libgcc.a(_muldi3.o)
                0x0080a5f0                __muldi3
 .text          0x0080a714        0x0 c:/381/quartus/nios2eds/bin/gnu/h-i686-mingw32/bin/../lib/gcc/nios2-elf/4.1.2/mno-hw-mul\libgcc.a(_clz.o)
 .text          0x0080a714       0x80 c:/381/quartus/nios2eds/bin/gnu/h-i686-mingw32/bin/../lib/gcc/nios2-elf/4.1.2/mno-hw-mul\libgcc.a(_clzsi2.o)
                0x0080a714                __clzsi2
 .text          0x0080a794      0x314 c:/381/quartus/nios2eds/bin/gnu/h-i686-mingw32/bin/../lib/gcc/nios2-elf/4.1.2/mno-hw-mul\libgcc.a(_pack_df.o)
                0x0080a794                __pack_d
 .text          0x0080aaa8      0x138 c:/381/quartus/nios2eds/bin/gnu/h-i686-mingw32/bin/../lib/gcc/nios2-elf/4.1.2/mno-hw-mul\libgcc.a(_unpack_df.o)
                0x0080aaa8                __unpack_d
 .text          0x0080abe0       0xc8 c:/381/quartus/nios2eds/bin/gnu/h-i686-mingw32/bin/../lib/gcc/nios2-elf/4.1.2/mno-hw-mul\libgcc.a(_fpcmp_parts_df.o)
                0x0080abe0                __fpcmp_parts_d
 .text          0x0080aca8      0x160 ../tutorial1d/\libhal_bsp.a(alt_close.o)
                0x0080aca8                close
 .text          0x0080ae08       0x2c ../tutorial1d/\libhal_bsp.a(alt_dev.o)
 .text          0x0080ae34        0x0 ../tutorial1d/\libhal_bsp.a(alt_errno.o)
 .text          0x0080ae34      0x138 ../tutorial1d/\libhal_bsp.a(alt_fstat.o)
                0x0080ae34                fstat
 .text          0x0080af6c      0x1c0 ../tutorial1d/\libhal_bsp.a(alt_irq_register.o)
                0x0080af6c                alt_irq_register
 .text          0x0080b12c        0x0 ../tutorial1d/\libhal_bsp.a(alt_irq_vars.o)
 .text          0x0080b12c      0x124 ../tutorial1d/\libhal_bsp.a(alt_isatty.o)
                0x0080b12c                isatty
 .text          0x0080b250       0xec ../tutorial1d/\libhal_bsp.a(alt_load.o)
                0x0080b250                alt_load
 .text          0x0080b33c      0x154 ../tutorial1d/\libhal_bsp.a(alt_lseek.o)
                0x0080b33c                lseek
 .text          0x0080b490       0x6c ../tutorial1d/\libhal_bsp.a(alt_main.o)
                0x0080b490                alt_main
 .text          0x0080b4fc       0x40 ../tutorial1d/\libhal_bsp.a(alt_malloc_lock.o)
                0x0080b4fc                __malloc_lock
                0x0080b51c                __malloc_unlock
 .text          0x0080b53c      0x258 ../tutorial1d/\libhal_bsp.a(alt_printf.o)
                0x0080b53c                alt_printf
 .text          0x0080b794       0x40 ../tutorial1d/\libhal_bsp.a(alt_putchar.o)
                0x0080b794                alt_putchar
 .text          0x0080b7d4      0x184 ../tutorial1d/\libhal_bsp.a(alt_read.o)
                0x0080b7d4                read
 .text          0x0080b958       0x78 ../tutorial1d/\libhal_bsp.a(alt_release_fd.o)
                0x0080b958                alt_release_fd
 .text          0x0080b9d0       0xbc ../tutorial1d/\libhal_bsp.a(alt_sbrk.o)
                0x0080b9d0                sbrk
 .text          0x0080ba8c      0x184 ../tutorial1d/\libhal_bsp.a(alt_write.o)
                0x0080ba8c                write
 .text          0x0080bc10      0x3d0 ../tutorial1d/\libhal_bsp.a(alt_sys_init.o)
                0x0080bc10                alt_irq_init
                0x0080bc44                alt_sys_init
 .text          0x0080bfe0      0x148 ../tutorial1d/\libhal_bsp.a(altera_avalon_jtag_uart_fd.o)
                0x0080bfe0                altera_avalon_jtag_uart_read_fd
                0x0080c038                altera_avalon_jtag_uart_write_fd
                0x0080c090                altera_avalon_jtag_uart_close_fd
                0x0080c0d8                altera_avalon_jtag_uart_ioctl_fd
 .text          0x0080c128      0x408 ../tutorial1d/\libhal_bsp.a(altera_avalon_jtag_uart_init.o)
                0x0080c128                altera_avalon_jtag_uart_init
                0x0080c4bc                altera_avalon_jtag_uart_close
 .text          0x0080c530       0xf4 ../tutorial1d/\libhal_bsp.a(altera_avalon_jtag_uart_ioctl.o)
                0x0080c530                altera_avalon_jtag_uart_ioctl
 .text          0x0080c624      0x224 ../tutorial1d/\libhal_bsp.a(altera_avalon_jtag_uart_read.o)
                0x0080c624                altera_avalon_jtag_uart_read
 .text          0x0080c848      0x240 ../tutorial1d/\libhal_bsp.a(altera_avalon_jtag_uart_write.o)
                0x0080c848                altera_avalon_jtag_uart_write
 .text          0x0080ca88      0x80c ../tutorial1d/\libhal_bsp.a(altera_up_avalon_audio.o)
                0x0080ca88                alt_up_audio_open_dev
                0x0080cac8                alt_up_audio_enable_read_interrupt
                0x0080cb14                alt_up_audio_disable_read_interrupt
                0x0080cb64                alt_up_audio_enable_write_interrupt
                0x0080cbb0                alt_up_audio_disable_write_interrupt
                0x0080cc00                alt_up_audio_read_interrupt_pending
                0x0080cc3c                alt_up_audio_write_interrupt_pending
                0x0080cc78                alt_up_audio_reset_audio_core
                0x0080cd00                alt_up_audio_read_fifo_avail
                0x0080cd70                alt_up_audio_record_r
                0x0080cde0                alt_up_audio_record_l
                0x0080ce50                alt_up_audio_write_fifo_space
                0x0080cec4                alt_up_audio_play_r
                0x0080cf34                alt_up_audio_play_l
                0x0080cfa4                alt_up_audio_read_fifo
                0x0080d0a8                alt_up_audio_write_fifo
                0x0080d1d4                alt_up_audio_read_fifo_head
                0x0080d234                alt_up_audio_write_fifo_head
 .text          0x0080d294      0x788 ../tutorial1d/\libhal_bsp.a(altera_up_avalon_audio_and_video_config.o)
                0x0080d294                alt_up_av_config_open_dev
                0x0080d2f8                alt_up_av_config_write_data
                0x0080d35c                alt_up_av_config_read_data
                0x0080d3e8                alt_up_av_config_reset
                0x0080d420                alt_up_av_config_enable_interrupt
                0x0080d458                alt_up_av_config_disable_interrupt
                0x0080d488                alt_up_av_config_read_acknowledge
                0x0080d4f0                alt_up_av_config_read_ready
                0x0080d528                alt_up_av_config_write_audio_cfg_register
                0x0080d5d4                alt_up_av_config_read_video_cfg_register
                0x0080d6cc                alt_up_av_config_write_video_cfg_register
                0x0080d7c4                alt_up_av_config_read_DC2_cfg_register
                0x0080d828                alt_up_av_config_write_DC2_cfg_register
                0x0080d88c                alt_up_av_config_read_D5M_cfg_register
                0x0080d8f0                alt_up_av_config_write_D5M_cfg_register
                0x0080d954                alt_up_av_config_read_LTM_cfg_register
                0x0080d9b8                alt_up_av_config_write_LTM_cfg_register
 .text          0x0080da1c      0x530 ../tutorial1d/\libhal_bsp.a(altera_up_avalon_character_lcd.o)
                0x0080da1c                get_DDRAM_addr
                0x0080da98                alt_up_character_lcd_send_cmd
                0x0080dacc                alt_up_character_lcd_init
                0x0080db00                alt_up_character_lcd_open_dev
                0x0080db40                alt_up_character_lcd_write
                0x0080dbb8                alt_up_character_lcd_string
                0x0080dc30                alt_up_character_lcd_write_fd
                0x0080dc7c                alt_up_character_lcd_set_cursor_pos
                0x0080dcf4                alt_up_character_lcd_shift_cursor
                0x0080dda4                alt_up_character_lcd_shift_display
                0x0080de54                alt_up_character_lcd_erase_pos
                0x0080dee4                alt_up_character_lcd_cursor_off
                0x0080df18                alt_up_character_lcd_cursor_blink_on
 .text          0x0080df4c      0x700 ../tutorial1d/\libhal_bsp.a(altera_up_avalon_ps2.o)
                0x0080df4c                read_RI_bit
                0x0080df80                read_RE_bit
                0x0080dfb0                read_CE_bit
                0x0080dfe4                read_num_bytes_available
                0x0080e018                read_data_valid
                0x0080e04c                read_data_byte
                0x0080e078                alt_up_ps2_init
                0x0080e144                alt_up_ps2_enable_read_interrupt
                0x0080e198                alt_up_ps2_disable_read_interrupt
                0x0080e1f0                alt_up_ps2_write_data_byte
                0x0080e268                alt_up_ps2_wait_for_ack
                0x0080e2d8                alt_up_ps2_write_data_byte_with_ack
                0x0080e344                alt_up_ps2_read_data_byte_timeout
                0x0080e3f4                alt_up_ps2_read_data_byte
                0x0080e470                alt_up_ps2_clear_fifo
                0x0080e4c8                alt_up_ps2_read_fd
                0x0080e564                alt_up_ps2_write_fd
                0x0080e60c                alt_up_ps2_open_dev
 .text          0x0080e64c      0x398 ../tutorial1d/\libhal_bsp.a(altera_up_avalon_rs232.o)
                0x0080e64c                alt_up_rs232_enable_read_interrupt
                0x0080e6a0                alt_up_rs232_disable_read_interrupt
                0x0080e6f8                alt_up_rs232_get_used_space_in_read_FIFO
                0x0080e734                alt_up_rs232_get_available_space_in_write_FIFO
                0x0080e774                alt_up_rs232_check_parity
                0x0080e7c4                alt_up_rs232_write_data
                0x0080e80c                alt_up_rs232_read_data
                0x0080e880                alt_up_rs232_read_fd
                0x0080e910                alt_up_rs232_write_fd
                0x0080e9a4                alt_up_rs232_open_dev
 .text          0x0080e9e4      0x304 ../tutorial1d/\libhal_bsp.a(altera_up_avalon_video_character_buffer_with_dma.o)
                0x0080e9e4                alt_up_char_buffer_init
                0x0080ea68                alt_up_char_buffer_open_dev
                0x0080eaa8                alt_up_char_buffer_draw
                0x0080eb78                alt_up_char_buffer_string
                0x0080ec8c                alt_up_char_buffer_clear
 .text          0x0080ece8     0x4448 ../tutorial1d/\libhal_bsp.a(altera_up_sd_card_avalon_interface.o)
                0x0080ece8                Write_Sector_Data
                0x0080edb0                Save_Modified_Sector
                0x0080ee00                Read_Sector_Data
                0x0080eefc                get_cluster_flag
                0x0080efb4                mark_cluster
                0x0080f098                Check_for_Master_Boot_Record
                0x0080f248                Read_File_Record_At_Offset
                0x0080f4cc                Write_File_Record_At_Offset
                0x0080f784                Check_for_DOS_FAT
                0x0080fdcc                Look_for_FAT16
                0x0080fec4                filename_to_upper_case
                0x0080ff94                check_file_name_for_FAT16_compliance
                0x00810224                get_dir_divider_location
                0x008102e4                match_file_record_to_name_ext
                0x008105d0                get_home_directory_cluster_for_file
                0x00810ae4                find_file_in_directory
                0x00810f48                find_first_empty_cluster
                0x008110ec                find_first_empty_record_in_a_subdirectory
                0x00811338                find_first_empty_record_in_root_directory
                0x00811464                convert_filename_to_name_extension
                0x0081161c                create_file
                0x008118f8                copy_file_record_name_to_string
                0x00811a4c                alt_up_sd_card_open_dev
                0x00811b10                alt_up_sd_card_is_Present
                0x00811bd8                alt_up_sd_card_is_FAT16
                0x00811c4c                alt_up_sd_card_find_first
                0x00811d20                alt_up_sd_card_find_next
                0x008120d0                alt_up_sd_card_fopen
                0x00812478                alt_up_sd_card_set_attributes
                0x00812508                alt_up_sd_card_get_attributes
                0x00812594                alt_up_sd_card_read
                0x00812938                alt_up_sd_card_write
                0x00812f5c                alt_up_sd_card_fclose
 .text          0x00813130      0x154 ../tutorial1d/\libhal_bsp.a(alt_alarm_start.o)
                0x00813130                alt_alarm_start
 .text          0x00813284       0x1c ../tutorial1d/\libhal_bsp.a(alt_dcache_flush_all.o)
                0x00813284                alt_dcache_flush_all
 .text          0x008132a0      0x114 ../tutorial1d/\libhal_bsp.a(alt_dev_llist_insert.o)
                0x008132a0                alt_dev_llist_insert
 .text          0x008133b4       0x64 ../tutorial1d/\libhal_bsp.a(alt_do_ctors.o)
                0x008133b4                _do_ctors
 .text          0x00813418       0x64 ../tutorial1d/\libhal_bsp.a(alt_do_dtors.o)
                0x00813418                _do_dtors
 .text          0x0081347c       0x94 ../tutorial1d/\libhal_bsp.a(alt_find_dev.o)
                0x0081347c                alt_find_dev
 .text          0x00813510       0x30 ../tutorial1d/\libhal_bsp.a(alt_icache_flush_all.o)
                0x00813510                alt_icache_flush_all
 .text          0x00813540      0x150 ../tutorial1d/\libhal_bsp.a(alt_io_redirect.o)
                0x00813618                alt_io_redirect
 .text          0x00813690        0x0 ../tutorial1d/\libhal_bsp.a(alt_irq_entry.o)
 .text          0x00813690        0x0 ../tutorial1d/\libhal_bsp.a(alt_irq_handler.o)
 .text          0x00813690      0x2e4 ../tutorial1d/\libhal_bsp.a(alt_open.o)
                0x00813788                open
 .text          0x00813974      0x1a4 ../tutorial1d/\libhal_bsp.a(alt_tick.o)
                0x00813974                alt_alarm_stop
                0x00813a0c                alt_tick
 .text          0x00813b18       0x20 ../tutorial1d/\libhal_bsp.a(altera_nios2_qsys_irq.o)
                0x00813b18                altera_nios2_qsys_irq_init
 .text          0x00813b38        0x0 ../tutorial1d/\libhal_bsp.a(alt_exception_entry.o)
 .text          0x00813b38      0x120 ../tutorial1d/\libhal_bsp.a(alt_find_file.o)
                0x00813b38                alt_find_file
 .text          0x00813c58       0xd0 ../tutorial1d/\libhal_bsp.a(alt_get_fd.o)
                0x00813c58                alt_get_fd
 .text          0x00813d28       0x90 ../tutorial1d/\libhal_bsp.a(alt_icache_flush.o)
                0x00813d28                alt_icache_flush
 .text          0x00813db8       0x14 c:/381/quartus/nios2eds/bin/gnu/h-i686-mingw32/bin/../lib/gcc/nios2-elf/4.1.2/../../../../nios2-elf/lib/mno-hw-mul\libc.a(lib_a-atexit.o)
                0x00813db8                atexit
 .text          0x00813dcc       0x38 c:/381/quartus/nios2eds/bin/gnu/h-i686-mingw32/bin/../lib/gcc/nios2-elf/4.1.2/../../../../nios2-elf/lib/mno-hw-mul\libc.a(lib_a-exit.o)
                0x00813dcc                exit
 .text          0x00813e04      0x1ec c:/381/quartus/nios2eds/bin/gnu/h-i686-mingw32/bin/../lib/gcc/nios2-elf/4.1.2/../../../../nios2-elf/lib/mno-hw-mul\libc.a(lib_a-putc.o)
                0x00813e04                putc
                0x00813f08                _putc_r
 .text          0x00813ff0      0x14c c:/381/quartus/nios2eds/bin/gnu/h-i686-mingw32/bin/../lib/gcc/nios2-elf/4.1.2/../../../../nios2-elf/lib/mno-hw-mul\libc.a(lib_a-wbuf.o)
                0x00813ff0                __swbuf_r
                0x00814120                __swbuf
 .text          0x0081413c      0x134 c:/381/quartus/nios2eds/bin/gnu/h-i686-mingw32/bin/../lib/gcc/nios2-elf/4.1.2/../../../../nios2-elf/lib/mno-hw-mul\libc.a(lib_a-__atexit.o)
                0x0081413c                __register_exitproc
 .text          0x00814270      0x1b4 c:/381/quartus/nios2eds/bin/gnu/h-i686-mingw32/bin/../lib/gcc/nios2-elf/4.1.2/../../../../nios2-elf/lib/mno-hw-mul\libc.a(lib_a-__call_atexit.o)
                0x00814274                __call_exitprocs
 .text          0x00814424       0x60 ../tutorial1d/\libhal_bsp.a(alt_exit.o)
                0x00814464                _exit
 *(.gnu.warning.*)
 *(.fini)
                0x00814484                PROVIDE (__etext, ABSOLUTE (.))
                0x00814484                PROVIDE (_etext, ABSOLUTE (.))
                0x00814484                PROVIDE (etext, ABSOLUTE (.))
 *(.eh_frame_hdr)
                0x00814484                . = ALIGN (0x4)
                0x00814484                PROVIDE (__preinit_array_start, ABSOLUTE (.))
 *(.preinit_array)
                0x00814484                PROVIDE (__preinit_array_end, ABSOLUTE (.))
                0x00814484                PROVIDE (__init_array_start, ABSOLUTE (.))
 *(.init_array)
                0x00814484                PROVIDE (__init_array_end, ABSOLUTE (.))
                0x00814484                PROVIDE (__fini_array_start, ABSOLUTE (.))
 *(.fini_array)
                0x00814484                PROVIDE (__fini_array_end, ABSOLUTE (.))
 *(.eh_frame)
 .eh_frame      0x00814484       0x40 c:/381/quartus/nios2eds/bin/gnu/h-i686-mingw32/bin/../lib/gcc/nios2-elf/4.1.2/mno-hw-mul\libgcc.a(_udivdi3.o)
 .eh_frame      0x008144c4       0x2c c:/381/quartus/nios2eds/bin/gnu/h-i686-mingw32/bin/../lib/gcc/nios2-elf/4.1.2/mno-hw-mul\libgcc.a(_umoddi3.o)
                                 0x40 (size before relaxing)
 *(.gcc_except_table)
 *(.dynamic)
                0x008144f0                PROVIDE (__CTOR_LIST__, ABSOLUTE (.))
 *(.ctors)
 *(SORT(.ctors.*))
 .ctors.65535   0x008144f0        0x4 c:/381/quartus/nios2eds/bin/gnu/h-i686-mingw32/bin/../lib/gcc/nios2-elf/4.1.2/../../../../nios2-elf/lib/mno-hw-mul\libc.a(lib_a-__call_atexit.o)
                0x008144f4                PROVIDE (__CTOR_END__, ABSOLUTE (.))
                0x008144f4                PROVIDE (__DTOR_LIST__, ABSOLUTE (.))
 *(.dtors)
 *(SORT(.dtors.*))
                0x008144f4                PROVIDE (__DTOR_END__, ABSOLUTE (.))
 *(.jcr)
                0x008144f4                . = ALIGN (0x4)

.rodata         0x008144f4      0x5dc
                0x008144f4                PROVIDE (__ram_rodata_start, ABSOLUTE (.))
                0x008144f4                . = ALIGN (0x4)
 *(.rodata .rodata.* .gnu.linkonce.r.*)
 .rodata        0x008144f4      0x174 obj/default/hello_world.o
 .rodata.str1.4
                0x00814668        0x2 c:/381/quartus/nios2eds/bin/gnu/h-i686-mingw32/bin/../lib/gcc/nios2-elf/4.1.2/../../../../nios2-elf/lib/mno-hw-mul\libc.a(lib_a-puts.o)
                                  0x4 (size before relaxing)
 *fill*         0x0081466a        0x2 00
 .rodata.str1.4
                0x0081466c       0x5e c:/381/quartus/nios2eds/bin/gnu/h-i686-mingw32/bin/../lib/gcc/nios2-elf/4.1.2/../../../../nios2-elf/lib/mno-hw-mul\libc.a(lib_a-vfprintf.o)
                                 0x60 (size before relaxing)
 .rodata        0x008146ca       0x20 c:/381/quartus/nios2eds/bin/gnu/h-i686-mingw32/bin/../lib/gcc/nios2-elf/4.1.2/../../../../nios2-elf/lib/mno-hw-mul\libc.a(lib_a-vfprintf.o)
 *fill*         0x008146ea        0x2 00
 .rodata.str1.4
                0x008146ec       0x10 c:/381/quartus/nios2eds/bin/gnu/h-i686-mingw32/bin/../lib/gcc/nios2-elf/4.1.2/../../../../nios2-elf/lib/mno-hw-mul\libc.a(lib_a-dtoa.o)
                                 0x14 (size before relaxing)
 .rodata.str1.4
                0x008146fc        0x2 c:/381/quartus/nios2eds/bin/gnu/h-i686-mingw32/bin/../lib/gcc/nios2-elf/4.1.2/../../../../nios2-elf/lib/mno-hw-mul\libc.a(lib_a-impure.o)
                                  0x4 (size before relaxing)
 *fill*         0x008146fe        0x2 00
 .rodata.str1.4
                0x00814700       0x10 c:/381/quartus/nios2eds/bin/gnu/h-i686-mingw32/bin/../lib/gcc/nios2-elf/4.1.2/../../../../nios2-elf/lib/mno-hw-mul\libc.a(lib_a-locale.o)
                                 0x18 (size before relaxing)
 .rodata        0x00814710       0x30 c:/381/quartus/nios2eds/bin/gnu/h-i686-mingw32/bin/../lib/gcc/nios2-elf/4.1.2/../../../../nios2-elf/lib/mno-hw-mul\libc.a(lib_a-locale.o)
 .rodata        0x00814740      0x124 c:/381/quartus/nios2eds/bin/gnu/h-i686-mingw32/bin/../lib/gcc/nios2-elf/4.1.2/../../../../nios2-elf/lib/mno-hw-mul\libc.a(lib_a-mprec.o)
                0x00814740                __mprec_tens
                0x00814808                __mprec_bigtens
                0x00814830                __mprec_tinytens
 .rodata        0x00814864       0x14 c:/381/quartus/nios2eds/bin/gnu/h-i686-mingw32/bin/../lib/gcc/nios2-elf/4.1.2/mno-hw-mul\libgcc.a(_thenan_df.o)
                0x00814864                __thenan_df
 .rodata        0x00814878      0x100 c:/381/quartus/nios2eds/bin/gnu/h-i686-mingw32/bin/../lib/gcc/nios2-elf/4.1.2/mno-hw-mul\libgcc.a(_clz.o)
                0x00814878                __clz_tab
 .rodata        0x00814978        0xc ../tutorial1d/\libhal_bsp.a(alt_dev.o)
 .rodata        0x00814984       0x14 ../tutorial1d/\libhal_bsp.a(alt_main.o)
 .rodata        0x00814998      0x11c ../tutorial1d/\libhal_bsp.a(alt_sys_init.o)
 .rodata        0x00814ab4       0x1c ../tutorial1d/\libhal_bsp.a(altera_up_avalon_video_character_buffer_with_dma.o)
 *(.rodata1)
                0x00814ad0                . = ALIGN (0x4)
                0x00814ad0                PROVIDE (__ram_rodata_end, ABSOLUTE (.))
                0x008144f4                PROVIDE (__flash_rodata_start, LOADADDR (.rodata))

.rwdata         0x00814ad0     0x1c44 load address 0x00816714
                0x00814ad0                PROVIDE (__ram_rwdata_start, ABSOLUTE (.))
                0x00814ad0                . = ALIGN (0x4)
 *(.got.plt)
 *(.got)
 *(.data1)
 *(.data .data.* .gnu.linkonce.d.*)
 .data          0x00814ad0        0x0 ../tutorial1d//obj/HAL/src/crt0.o
 .data          0x00814ad0        0x0 obj/default/hello_world.o
 .data          0x00814ad0        0x0 c:/381/quartus/nios2eds/bin/gnu/h-i686-mingw32/bin/../lib/gcc/nios2-elf/4.1.2/../../../../nios2-elf/lib/mno-hw-mul\libc.a(lib_a-malloc.o)
 .data          0x00814ad0      0x408 c:/381/quartus/nios2eds/bin/gnu/h-i686-mingw32/bin/../lib/gcc/nios2-elf/4.1.2/../../../../nios2-elf/lib/mno-hw-mul\libc.a(lib_a-mallocr.o)
                0x00814ad0                __malloc_av_
 .data          0x00814ed8        0x0 c:/381/quartus/nios2eds/bin/gnu/h-i686-mingw32/bin/../lib/gcc/nios2-elf/4.1.2/../../../../nios2-elf/lib/mno-hw-mul\libc.a(lib_a-printf.o)
 .data          0x00814ed8        0x0 c:/381/quartus/nios2eds/bin/gnu/h-i686-mingw32/bin/../lib/gcc/nios2-elf/4.1.2/../../../../nios2-elf/lib/mno-hw-mul\libc.a(lib_a-puts.o)
 .data          0x00814ed8        0x0 c:/381/quartus/nios2eds/bin/gnu/h-i686-mingw32/bin/../lib/gcc/nios2-elf/4.1.2/../../../../nios2-elf/lib/mno-hw-mul\libc.a(lib_a-sbrkr.o)
 .data          0x00814ed8        0x0 c:/381/quartus/nios2eds/bin/gnu/h-i686-mingw32/bin/../lib/gcc/nios2-elf/4.1.2/../../../../nios2-elf/lib/mno-hw-mul\libc.a(lib_a-strlen.o)
 .data          0x00814ed8        0x0 c:/381/quartus/nios2eds/bin/gnu/h-i686-mingw32/bin/../lib/gcc/nios2-elf/4.1.2/../../../../nios2-elf/lib/mno-hw-mul\libc.a(lib_a-strstr.o)
 .data          0x00814ed8        0x0 c:/381/quartus/nios2eds/bin/gnu/h-i686-mingw32/bin/../lib/gcc/nios2-elf/4.1.2/../../../../nios2-elf/lib/mno-hw-mul\libc.a(lib_a-vfprintf.o)
 .data          0x00814ed8        0x0 c:/381/quartus/nios2eds/bin/gnu/h-i686-mingw32/bin/../lib/gcc/nios2-elf/4.1.2/../../../../nios2-elf/lib/mno-hw-mul\libc.a(lib_a-wsetup.o)
 .data          0x00814ed8        0x0 c:/381/quartus/nios2eds/bin/gnu/h-i686-mingw32/bin/../lib/gcc/nios2-elf/4.1.2/../../../../nios2-elf/lib/mno-hw-mul\libc.a(lib_a-dtoa.o)
 .data          0x00814ed8        0x0 c:/381/quartus/nios2eds/bin/gnu/h-i686-mingw32/bin/../lib/gcc/nios2-elf/4.1.2/../../../../nios2-elf/lib/mno-hw-mul\libc.a(lib_a-fflush.o)
 .data          0x00814ed8        0x0 c:/381/quartus/nios2eds/bin/gnu/h-i686-mingw32/bin/../lib/gcc/nios2-elf/4.1.2/../../../../nios2-elf/lib/mno-hw-mul\libc.a(lib_a-findfp.o)
 .data          0x00814ed8        0x0 c:/381/quartus/nios2eds/bin/gnu/h-i686-mingw32/bin/../lib/gcc/nios2-elf/4.1.2/../../../../nios2-elf/lib/mno-hw-mul\libc.a(lib_a-freer.o)
 .data          0x00814ed8        0x0 c:/381/quartus/nios2eds/bin/gnu/h-i686-mingw32/bin/../lib/gcc/nios2-elf/4.1.2/../../../../nios2-elf/lib/mno-hw-mul\libc.a(lib_a-fvwrite.o)
 .data          0x00814ed8        0x0 c:/381/quartus/nios2eds/bin/gnu/h-i686-mingw32/bin/../lib/gcc/nios2-elf/4.1.2/../../../../nios2-elf/lib/mno-hw-mul\libc.a(lib_a-fwalk.o)
 .data          0x00814ed8      0x400 c:/381/quartus/nios2eds/bin/gnu/h-i686-mingw32/bin/../lib/gcc/nios2-elf/4.1.2/../../../../nios2-elf/lib/mno-hw-mul\libc.a(lib_a-impure.o)
 .data          0x008152d8        0x0 c:/381/quartus/nios2eds/bin/gnu/h-i686-mingw32/bin/../lib/gcc/nios2-elf/4.1.2/../../../../nios2-elf/lib/mno-hw-mul\libc.a(lib_a-int_errno.o)
 .data          0x008152d8        0xc c:/381/quartus/nios2eds/bin/gnu/h-i686-mingw32/bin/../lib/gcc/nios2-elf/4.1.2/../../../../nios2-elf/lib/mno-hw-mul\libc.a(lib_a-locale.o)
                0x008152d8                __lc_ctype
 .data          0x008152e4        0x0 c:/381/quartus/nios2eds/bin/gnu/h-i686-mingw32/bin/../lib/gcc/nios2-elf/4.1.2/../../../../nios2-elf/lib/mno-hw-mul\libc.a(lib_a-makebuf.o)
 .data          0x008152e4        0x0 c:/381/quartus/nios2eds/bin/gnu/h-i686-mingw32/bin/../lib/gcc/nios2-elf/4.1.2/../../../../nios2-elf/lib/mno-hw-mul\libc.a(lib_a-memchr.o)
 .data          0x008152e4        0x0 c:/381/quartus/nios2eds/bin/gnu/h-i686-mingw32/bin/../lib/gcc/nios2-elf/4.1.2/../../../../nios2-elf/lib/mno-hw-mul\libc.a(lib_a-memcmp.o)
 .data          0x008152e4        0x0 c:/381/quartus/nios2eds/bin/gnu/h-i686-mingw32/bin/../lib/gcc/nios2-elf/4.1.2/../../../../nios2-elf/lib/mno-hw-mul\libc.a(lib_a-memcpy.o)
 .data          0x008152e4        0x0 c:/381/quartus/nios2eds/bin/gnu/h-i686-mingw32/bin/../lib/gcc/nios2-elf/4.1.2/../../../../nios2-elf/lib/mno-hw-mul\libc.a(lib_a-memmove.o)
 .data          0x008152e4        0x0 c:/381/quartus/nios2eds/bin/gnu/h-i686-mingw32/bin/../lib/gcc/nios2-elf/4.1.2/../../../../nios2-elf/lib/mno-hw-mul\libc.a(lib_a-memset.o)
 .data          0x008152e4        0x0 c:/381/quartus/nios2eds/bin/gnu/h-i686-mingw32/bin/../lib/gcc/nios2-elf/4.1.2/../../../../nios2-elf/lib/mno-hw-mul\libc.a(lib_a-mprec.o)
 .data          0x008152e4        0x0 c:/381/quartus/nios2eds/bin/gnu/h-i686-mingw32/bin/../lib/gcc/nios2-elf/4.1.2/../../../../nios2-elf/lib/mno-hw-mul\libc.a(lib_a-reallocr.o)
 .data          0x008152e4        0x0 c:/381/quartus/nios2eds/bin/gnu/h-i686-mingw32/bin/../lib/gcc/nios2-elf/4.1.2/../../../../nios2-elf/lib/mno-hw-mul\libc.a(lib_a-s_isinfd.o)
 .data          0x008152e4        0x0 c:/381/quartus/nios2eds/bin/gnu/h-i686-mingw32/bin/../lib/gcc/nios2-elf/4.1.2/../../../../nios2-elf/lib/mno-hw-mul\libc.a(lib_a-s_isnand.o)
 .data          0x008152e4        0x0 c:/381/quartus/nios2eds/bin/gnu/h-i686-mingw32/bin/../lib/gcc/nios2-elf/4.1.2/../../../../nios2-elf/lib/mno-hw-mul\libc.a(lib_a-stdio.o)
 .data          0x008152e4        0x0 c:/381/quartus/nios2eds/bin/gnu/h-i686-mingw32/bin/../lib/gcc/nios2-elf/4.1.2/../../../../nios2-elf/lib/mno-hw-mul\libc.a(lib_a-strchr.o)
 .data          0x008152e4        0x0 c:/381/quartus/nios2eds/bin/gnu/h-i686-mingw32/bin/../lib/gcc/nios2-elf/4.1.2/../../../../nios2-elf/lib/mno-hw-mul\libc.a(lib_a-strcmp.o)
 .data          0x008152e4        0x0 c:/381/quartus/nios2eds/bin/gnu/h-i686-mingw32/bin/../lib/gcc/nios2-elf/4.1.2/../../../../nios2-elf/lib/mno-hw-mul\libc.a(lib_a-writer.o)
 .data          0x008152e4        0x0 c:/381/quartus/nios2eds/bin/gnu/h-i686-mingw32/bin/../lib/gcc/nios2-elf/4.1.2/../../../../nios2-elf/lib/mno-hw-mul\libc.a(lib_a-callocr.o)
 .data          0x008152e4        0x0 c:/381/quartus/nios2eds/bin/gnu/h-i686-mingw32/bin/../lib/gcc/nios2-elf/4.1.2/../../../../nios2-elf/lib/mno-hw-mul\libc.a(lib_a-closer.o)
 .data          0x008152e4        0x0 c:/381/quartus/nios2eds/bin/gnu/h-i686-mingw32/bin/../lib/gcc/nios2-elf/4.1.2/../../../../nios2-elf/lib/mno-hw-mul\libc.a(lib_a-fclose.o)
 .data          0x008152e4        0x0 c:/381/quartus/nios2eds/bin/gnu/h-i686-mingw32/bin/../lib/gcc/nios2-elf/4.1.2/../../../../nios2-elf/lib/mno-hw-mul\libc.a(lib_a-fstatr.o)
 .data          0x008152e4        0x0 c:/381/quartus/nios2eds/bin/gnu/h-i686-mingw32/bin/../lib/gcc/nios2-elf/4.1.2/../../../../nios2-elf/lib/mno-hw-mul\libc.a(lib_a-isattyr.o)
 .data          0x008152e4        0x0 c:/381/quartus/nios2eds/bin/gnu/h-i686-mingw32/bin/../lib/gcc/nios2-elf/4.1.2/../../../../nios2-elf/lib/mno-hw-mul\libc.a(lib_a-lseekr.o)
 .data          0x008152e4        0x0 c:/381/quartus/nios2eds/bin/gnu/h-i686-mingw32/bin/../lib/gcc/nios2-elf/4.1.2/../../../../nios2-elf/lib/mno-hw-mul\libc.a(lib_a-readr.o)
 .data          0x008152e4        0x0 c:/381/quartus/nios2eds/bin/gnu/h-i686-mingw32/bin/../lib/gcc/nios2-elf/4.1.2/mno-hw-mul\libgcc.a(_udivdi3.o)
 .data          0x008152e4        0x0 c:/381/quartus/nios2eds/bin/gnu/h-i686-mingw32/bin/../lib/gcc/nios2-elf/4.1.2/mno-hw-mul\libgcc.a(_umoddi3.o)
 .data          0x008152e4        0x0 c:/381/quartus/nios2eds/bin/gnu/h-i686-mingw32/bin/../lib/gcc/nios2-elf/4.1.2/mno-hw-mul\libgcc.a(_addsub_df.o)
 .data          0x008152e4        0x0 c:/381/quartus/nios2eds/bin/gnu/h-i686-mingw32/bin/../lib/gcc/nios2-elf/4.1.2/mno-hw-mul\libgcc.a(_mul_df.o)
 .data          0x008152e4        0x0 c:/381/quartus/nios2eds/bin/gnu/h-i686-mingw32/bin/../lib/gcc/nios2-elf/4.1.2/mno-hw-mul\libgcc.a(_div_df.o)
 .data          0x008152e4        0x0 c:/381/quartus/nios2eds/bin/gnu/h-i686-mingw32/bin/../lib/gcc/nios2-elf/4.1.2/mno-hw-mul\libgcc.a(_eq_df.o)
 .data          0x008152e4        0x0 c:/381/quartus/nios2eds/bin/gnu/h-i686-mingw32/bin/../lib/gcc/nios2-elf/4.1.2/mno-hw-mul\libgcc.a(_ne_df.o)
 .data          0x008152e4        0x0 c:/381/quartus/nios2eds/bin/gnu/h-i686-mingw32/bin/../lib/gcc/nios2-elf/4.1.2/mno-hw-mul\libgcc.a(_gt_df.o)
 .data          0x008152e4        0x0 c:/381/quartus/nios2eds/bin/gnu/h-i686-mingw32/bin/../lib/gcc/nios2-elf/4.1.2/mno-hw-mul\libgcc.a(_ge_df.o)
 .data          0x008152e4        0x0 c:/381/quartus/nios2eds/bin/gnu/h-i686-mingw32/bin/../lib/gcc/nios2-elf/4.1.2/mno-hw-mul\libgcc.a(_lt_df.o)
 .data          0x008152e4        0x0 c:/381/quartus/nios2eds/bin/gnu/h-i686-mingw32/bin/../lib/gcc/nios2-elf/4.1.2/mno-hw-mul\libgcc.a(_si_to_df.o)
 .data          0x008152e4        0x0 c:/381/quartus/nios2eds/bin/gnu/h-i686-mingw32/bin/../lib/gcc/nios2-elf/4.1.2/mno-hw-mul\libgcc.a(_df_to_si.o)
 .data          0x008152e4        0x0 c:/381/quartus/nios2eds/bin/gnu/h-i686-mingw32/bin/../lib/gcc/nios2-elf/4.1.2/mno-hw-mul\libgcc.a(_thenan_df.o)
 .data          0x008152e4        0x0 c:/381/quartus/nios2eds/bin/gnu/h-i686-mingw32/bin/../lib/gcc/nios2-elf/4.1.2/mno-hw-mul\libgcc.a(_usi_to_df.o)
 .data          0x008152e4        0x0 c:/381/quartus/nios2eds/bin/gnu/h-i686-mingw32/bin/../lib/gcc/nios2-elf/4.1.2/mno-hw-mul\libgcc.a(lib2-divmod.o)
 .data          0x008152e4        0x0 c:/381/quartus/nios2eds/bin/gnu/h-i686-mingw32/bin/../lib/gcc/nios2-elf/4.1.2/mno-hw-mul\libgcc.a(lib2-mul.o)
 .data          0x008152e4        0x0 c:/381/quartus/nios2eds/bin/gnu/h-i686-mingw32/bin/../lib/gcc/nios2-elf/4.1.2/mno-hw-mul\libgcc.a(_muldi3.o)
 .data          0x008152e4        0x0 c:/381/quartus/nios2eds/bin/gnu/h-i686-mingw32/bin/../lib/gcc/nios2-elf/4.1.2/mno-hw-mul\libgcc.a(_clz.o)
 .data          0x008152e4        0x0 c:/381/quartus/nios2eds/bin/gnu/h-i686-mingw32/bin/../lib/gcc/nios2-elf/4.1.2/mno-hw-mul\libgcc.a(_clzsi2.o)
 .data          0x008152e4        0x0 c:/381/quartus/nios2eds/bin/gnu/h-i686-mingw32/bin/../lib/gcc/nios2-elf/4.1.2/mno-hw-mul\libgcc.a(_pack_df.o)
 .data          0x008152e4        0x0 c:/381/quartus/nios2eds/bin/gnu/h-i686-mingw32/bin/../lib/gcc/nios2-elf/4.1.2/mno-hw-mul\libgcc.a(_unpack_df.o)
 .data          0x008152e4        0x0 c:/381/quartus/nios2eds/bin/gnu/h-i686-mingw32/bin/../lib/gcc/nios2-elf/4.1.2/mno-hw-mul\libgcc.a(_fpcmp_parts_df.o)
 .data          0x008152e4        0x0 ../tutorial1d/\libhal_bsp.a(alt_close.o)
 .data          0x008152e4      0x1a8 ../tutorial1d/\libhal_bsp.a(alt_dev.o)
                0x008152e4                alt_dev_null
                0x0081530c                alt_fd_list
 .data          0x0081548c        0x0 ../tutorial1d/\libhal_bsp.a(alt_errno.o)
 .data          0x0081548c        0x0 ../tutorial1d/\libhal_bsp.a(alt_fstat.o)
 .data          0x0081548c        0x0 ../tutorial1d/\libhal_bsp.a(alt_irq_register.o)
 .data          0x0081548c        0x0 ../tutorial1d/\libhal_bsp.a(alt_irq_vars.o)
 .data          0x0081548c        0x0 ../tutorial1d/\libhal_bsp.a(alt_isatty.o)
 .data          0x0081548c        0x0 ../tutorial1d/\libhal_bsp.a(alt_load.o)
 .data          0x0081548c        0x0 ../tutorial1d/\libhal_bsp.a(alt_lseek.o)
 .data          0x0081548c        0x0 ../tutorial1d/\libhal_bsp.a(alt_main.o)
 .data          0x0081548c        0x0 ../tutorial1d/\libhal_bsp.a(alt_malloc_lock.o)
 .data          0x0081548c        0x0 ../tutorial1d/\libhal_bsp.a(alt_printf.o)
 .data          0x0081548c        0x0 ../tutorial1d/\libhal_bsp.a(alt_putchar.o)
 .data          0x0081548c        0x0 ../tutorial1d/\libhal_bsp.a(alt_read.o)
 .data          0x0081548c        0x0 ../tutorial1d/\libhal_bsp.a(alt_release_fd.o)
 .data          0x0081548c        0x0 ../tutorial1d/\libhal_bsp.a(alt_sbrk.o)
 .data          0x0081548c        0x0 ../tutorial1d/\libhal_bsp.a(alt_write.o)
 .data          0x0081548c     0x1244 ../tutorial1d/\libhal_bsp.a(alt_sys_init.o)
 .data          0x008166d0        0x0 ../tutorial1d/\libhal_bsp.a(altera_avalon_jtag_uart_fd.o)
 .data          0x008166d0        0x0 ../tutorial1d/\libhal_bsp.a(altera_avalon_jtag_uart_init.o)
 .data          0x008166d0        0x0 ../tutorial1d/\libhal_bsp.a(altera_avalon_jtag_uart_ioctl.o)
 .data          0x008166d0        0x0 ../tutorial1d/\libhal_bsp.a(altera_avalon_jtag_uart_read.o)
 .data          0x008166d0        0x0 ../tutorial1d/\libhal_bsp.a(altera_avalon_jtag_uart_write.o)
 .data          0x008166d0        0x0 ../tutorial1d/\libhal_bsp.a(altera_up_avalon_audio.o)
 .data          0x008166d0        0x0 ../tutorial1d/\libhal_bsp.a(altera_up_avalon_audio_and_video_config.o)
 .data          0x008166d0        0x0 ../tutorial1d/\libhal_bsp.a(altera_up_avalon_character_lcd.o)
 .data          0x008166d0        0x0 ../tutorial1d/\libhal_bsp.a(altera_up_avalon_ps2.o)
 .data          0x008166d0        0x0 ../tutorial1d/\libhal_bsp.a(altera_up_avalon_rs232.o)
 .data          0x008166d0        0x0 ../tutorial1d/\libhal_bsp.a(altera_up_avalon_video_character_buffer_with_dma.o)
 .data          0x008166d0        0x0 ../tutorial1d/\libhal_bsp.a(altera_up_sd_card_avalon_interface.o)
 .data          0x008166d0        0x0 ../tutorial1d/\libhal_bsp.a(alt_alarm_start.o)
 .data          0x008166d0        0x0 ../tutorial1d/\libhal_bsp.a(alt_dcache_flush_all.o)
 .data          0x008166d0        0x0 ../tutorial1d/\libhal_bsp.a(alt_dev_llist_insert.o)
 .data          0x008166d0        0x0 ../tutorial1d/\libhal_bsp.a(alt_do_ctors.o)
 .data          0x008166d0        0x0 ../tutorial1d/\libhal_bsp.a(alt_do_dtors.o)
 .data          0x008166d0        0x0 ../tutorial1d/\libhal_bsp.a(alt_find_dev.o)
 .data          0x008166d0        0x0 ../tutorial1d/\libhal_bsp.a(alt_icache_flush_all.o)
 .data          0x008166d0        0x0 ../tutorial1d/\libhal_bsp.a(alt_io_redirect.o)
 .data          0x008166d0        0x0 ../tutorial1d/\libhal_bsp.a(alt_irq_entry.o)
 .data          0x008166d0        0x0 ../tutorial1d/\libhal_bsp.a(alt_irq_handler.o)
 .data          0x008166d0        0x0 ../tutorial1d/\libhal_bsp.a(alt_open.o)
 .data          0x008166d0        0x0 ../tutorial1d/\libhal_bsp.a(alt_tick.o)
 .data          0x008166d0        0x0 ../tutorial1d/\libhal_bsp.a(altera_nios2_qsys_irq.o)
 .data          0x008166d0        0x0 ../tutorial1d/\libhal_bsp.a(alt_exception_entry.o)
 .data          0x008166d0        0x0 ../tutorial1d/\libhal_bsp.a(alt_find_file.o)
 .data          0x008166d0        0x0 ../tutorial1d/\libhal_bsp.a(alt_get_fd.o)
 .data          0x008166d0        0x0 ../tutorial1d/\libhal_bsp.a(alt_icache_flush.o)
 .data          0x008166d0        0x0 c:/381/quartus/nios2eds/bin/gnu/h-i686-mingw32/bin/../lib/gcc/nios2-elf/4.1.2/../../../../nios2-elf/lib/mno-hw-mul\libc.a(lib_a-atexit.o)
 .data          0x008166d0        0x0 c:/381/quartus/nios2eds/bin/gnu/h-i686-mingw32/bin/../lib/gcc/nios2-elf/4.1.2/../../../../nios2-elf/lib/mno-hw-mul\libc.a(lib_a-exit.o)
 .data          0x008166d0        0x0 c:/381/quartus/nios2eds/bin/gnu/h-i686-mingw32/bin/../lib/gcc/nios2-elf/4.1.2/../../../../nios2-elf/lib/mno-hw-mul\libc.a(lib_a-putc.o)
 .data          0x008166d0        0x0 c:/381/quartus/nios2eds/bin/gnu/h-i686-mingw32/bin/../lib/gcc/nios2-elf/4.1.2/../../../../nios2-elf/lib/mno-hw-mul\libc.a(lib_a-wbuf.o)
 .data          0x008166d0        0x0 c:/381/quartus/nios2eds/bin/gnu/h-i686-mingw32/bin/../lib/gcc/nios2-elf/4.1.2/../../../../nios2-elf/lib/mno-hw-mul\libc.a(lib_a-__atexit.o)
 .data          0x008166d0        0x0 c:/381/quartus/nios2eds/bin/gnu/h-i686-mingw32/bin/../lib/gcc/nios2-elf/4.1.2/../../../../nios2-elf/lib/mno-hw-mul\libc.a(lib_a-__call_atexit.o)
 .data          0x008166d0        0x0 ../tutorial1d/\libhal_bsp.a(alt_exit.o)
                0x0081e6d0                _gp = ABSOLUTE ((. + 0x8000))
                0x0081e6d0                PROVIDE (gp, _gp)
 *(.rwdata .rwdata.*)
 *(.sdata .sdata.* .gnu.linkonce.s.*)
 .sdata         0x008166d0        0x4 obj/default/hello_world.o
                0x008166d0                i
 .sdata         0x008166d4        0x8 c:/381/quartus/nios2eds/bin/gnu/h-i686-mingw32/bin/../lib/gcc/nios2-elf/4.1.2/../../../../nios2-elf/lib/mno-hw-mul\libc.a(lib_a-mallocr.o)
                0x008166d4                __malloc_trim_threshold
                0x008166d8                __malloc_sbrk_base
 .sdata         0x008166dc        0x8 c:/381/quartus/nios2eds/bin/gnu/h-i686-mingw32/bin/../lib/gcc/nios2-elf/4.1.2/../../../../nios2-elf/lib/mno-hw-mul\libc.a(lib_a-impure.o)
                0x008166dc                _impure_ptr
                0x008166e0                _global_impure_ptr
 .sdata         0x008166e4        0x8 c:/381/quartus/nios2eds/bin/gnu/h-i686-mingw32/bin/../lib/gcc/nios2-elf/4.1.2/../../../../nios2-elf/lib/mno-hw-mul\libc.a(lib_a-locale.o)
                0x008166e4                __mb_cur_max
 .sdata         0x008166ec       0x14 ../tutorial1d/\libhal_bsp.a(alt_dev.o)
                0x008166ec                alt_fs_list
                0x008166f4                alt_dev_list
                0x008166fc                alt_max_fd
 .sdata         0x00816700        0x4 ../tutorial1d/\libhal_bsp.a(alt_errno.o)
                0x00816700                alt_errno
 .sdata         0x00816704        0x4 ../tutorial1d/\libhal_bsp.a(alt_irq_vars.o)
                0x00816704                alt_priority_mask
 .sdata         0x00816708        0x4 ../tutorial1d/\libhal_bsp.a(alt_sbrk.o)
 .sdata         0x0081670c        0x8 ../tutorial1d/\libhal_bsp.a(alt_tick.o)
                0x0081670c                alt_alarm_list
 *(.sdata2 .sdata2.* .gnu.linkonce.s2.*)
                0x00816714                . = ALIGN (0x4)
                0x00816714                _edata = ABSOLUTE (.)
                0x00816714                PROVIDE (edata, ABSOLUTE (.))
                0x00816714                PROVIDE (__ram_rwdata_end, ABSOLUTE (.))
                0x00816714                PROVIDE (__flash_rwdata_start, LOADADDR (.rwdata))

.bss            0x00818358      0x8b8
                0x00818358                __bss_start = ABSOLUTE (.)
                0x00818358                PROVIDE (__sbss_start, ABSOLUTE (.))
                0x00818358                PROVIDE (___sbss_start, ABSOLUTE (.))
 *(.dynsbss)
 *(.sbss .sbss.* .gnu.linkonce.sb.*)
 .sbss          0x00818358       0x18 obj/default/hello_world.o
                0x00818358                k
                0x0081835c                audio_dev
                0x00818360                number_bytes
                0x00818364                size
                0x00818368                size_wav
                0x0081836c                temp_array_play
 .sbss          0x00818370       0x18 obj/default/hello_world.o
                0x00818370                ding
                0x00818374                song_list
                0x00818378                bricks
                0x0081837c                laser
                0x00818380                paddle
                0x00818384                num_songs
 .sbss          0x00818388        0xc c:/381/quartus/nios2eds/bin/gnu/h-i686-mingw32/bin/../lib/gcc/nios2-elf/4.1.2/../../../../nios2-elf/lib/mno-hw-mul\libc.a(lib_a-mallocr.o)
                0x00818388                __malloc_top_pad
                0x0081838c                __malloc_max_sbrked_mem
                0x00818390                __malloc_max_total_mem
 .sbss          0x00818394        0x4 c:/381/quartus/nios2eds/bin/gnu/h-i686-mingw32/bin/../lib/gcc/nios2-elf/4.1.2/../../../../nios2-elf/lib/mno-hw-mul\libc.a(lib_a-int_errno.o)
                0x00818394                errno
 .sbss          0x00818398        0xc c:/381/quartus/nios2eds/bin/gnu/h-i686-mingw32/bin/../lib/gcc/nios2-elf/4.1.2/../../../../nios2-elf/lib/mno-hw-mul\libc.a(lib_a-locale.o)
                0x00818398                __nlocale_changed
                0x0081839c                __mlocale_changed
                0x008183a0                _PathLocale
 .sbss          0x008183a4        0x4 ../tutorial1d/\libhal_bsp.a(alt_irq_vars.o)
                0x008183a4                alt_irq_active
 .sbss          0x008183a8        0xc ../tutorial1d/\libhal_bsp.a(alt_main.o)
                0x008183a8                alt_argc
                0x008183ac                alt_argv
                0x008183b0                alt_envp
 .sbss          0x008183b4       0x34 ../tutorial1d/\libhal_bsp.a(altera_up_sd_card_avalon_interface.o)
                0x008183b4                initialized
                0x008183b8                is_sd_card_formated_as_FAT16
                0x008183bc                aux_status_register
                0x008183c0                status_register
                0x008183c4                CSD_register_w0
                0x008183c8                command_register
                0x008183cc                command_argument_register
                0x008183d0                buffer_memory
                0x008183d4                fat_partition_offset_in_512_byte_sectors
                0x008183d8                fat_partition_size_in_512_byte_sectors
                0x008183dc                device_pointer
                0x008183e0                current_sector_modified
                0x008183e4                current_sector_index
 .sbss          0x008183e8        0x8 ../tutorial1d/\libhal_bsp.a(alt_tick.o)
                0x008183e8                _alt_tick_rate
                0x008183ec                _alt_nticks
 *(.sbss2 .sbss2.* .gnu.linkonce.sb2.*)
 *(.scommon)
                0x008183f0                PROVIDE (__sbss_end, ABSOLUTE (.))
                0x008183f0                PROVIDE (___sbss_end, ABSOLUTE (.))
 *(.dynbss)
 *(.bss .bss.* .gnu.linkonce.b.*)
 .bss           0x008183f0        0x0 ../tutorial1d//obj/HAL/src/crt0.o
 .bss           0x008183f0        0x0 obj/default/hello_world.o
 .bss           0x008183f0        0x0 c:/381/quartus/nios2eds/bin/gnu/h-i686-mingw32/bin/../lib/gcc/nios2-elf/4.1.2/../../../../nios2-elf/lib/mno-hw-mul\libc.a(lib_a-malloc.o)
 .bss           0x008183f0       0x28 c:/381/quartus/nios2eds/bin/gnu/h-i686-mingw32/bin/../lib/gcc/nios2-elf/4.1.2/../../../../nios2-elf/lib/mno-hw-mul\libc.a(lib_a-mallocr.o)
                0x008183f0                __malloc_current_mallinfo
 .bss           0x00818418        0x0 c:/381/quartus/nios2eds/bin/gnu/h-i686-mingw32/bin/../lib/gcc/nios2-elf/4.1.2/../../../../nios2-elf/lib/mno-hw-mul\libc.a(lib_a-printf.o)
 .bss           0x00818418        0x0 c:/381/quartus/nios2eds/bin/gnu/h-i686-mingw32/bin/../lib/gcc/nios2-elf/4.1.2/../../../../nios2-elf/lib/mno-hw-mul\libc.a(lib_a-puts.o)
 .bss           0x00818418        0x0 c:/381/quartus/nios2eds/bin/gnu/h-i686-mingw32/bin/../lib/gcc/nios2-elf/4.1.2/../../../../nios2-elf/lib/mno-hw-mul\libc.a(lib_a-sbrkr.o)
 .bss           0x00818418        0x0 c:/381/quartus/nios2eds/bin/gnu/h-i686-mingw32/bin/../lib/gcc/nios2-elf/4.1.2/../../../../nios2-elf/lib/mno-hw-mul\libc.a(lib_a-strlen.o)
 .bss           0x00818418        0x0 c:/381/quartus/nios2eds/bin/gnu/h-i686-mingw32/bin/../lib/gcc/nios2-elf/4.1.2/../../../../nios2-elf/lib/mno-hw-mul\libc.a(lib_a-strstr.o)
 .bss           0x00818418        0x0 c:/381/quartus/nios2eds/bin/gnu/h-i686-mingw32/bin/../lib/gcc/nios2-elf/4.1.2/../../../../nios2-elf/lib/mno-hw-mul\libc.a(lib_a-vfprintf.o)
 .bss           0x00818418        0x0 c:/381/quartus/nios2eds/bin/gnu/h-i686-mingw32/bin/../lib/gcc/nios2-elf/4.1.2/../../../../nios2-elf/lib/mno-hw-mul\libc.a(lib_a-wsetup.o)
 .bss           0x00818418        0x0 c:/381/quartus/nios2eds/bin/gnu/h-i686-mingw32/bin/../lib/gcc/nios2-elf/4.1.2/../../../../nios2-elf/lib/mno-hw-mul\libc.a(lib_a-dtoa.o)
 .bss           0x00818418        0x0 c:/381/quartus/nios2eds/bin/gnu/h-i686-mingw32/bin/../lib/gcc/nios2-elf/4.1.2/../../../../nios2-elf/lib/mno-hw-mul\libc.a(lib_a-fflush.o)
 .bss           0x00818418        0x0 c:/381/quartus/nios2eds/bin/gnu/h-i686-mingw32/bin/../lib/gcc/nios2-elf/4.1.2/../../../../nios2-elf/lib/mno-hw-mul\libc.a(lib_a-findfp.o)
 .bss           0x00818418        0x0 c:/381/quartus/nios2eds/bin/gnu/h-i686-mingw32/bin/../lib/gcc/nios2-elf/4.1.2/../../../../nios2-elf/lib/mno-hw-mul\libc.a(lib_a-freer.o)
 .bss           0x00818418        0x0 c:/381/quartus/nios2eds/bin/gnu/h-i686-mingw32/bin/../lib/gcc/nios2-elf/4.1.2/../../../../nios2-elf/lib/mno-hw-mul\libc.a(lib_a-fvwrite.o)
 .bss           0x00818418        0x0 c:/381/quartus/nios2eds/bin/gnu/h-i686-mingw32/bin/../lib/gcc/nios2-elf/4.1.2/../../../../nios2-elf/lib/mno-hw-mul\libc.a(lib_a-fwalk.o)
 .bss           0x00818418        0x0 c:/381/quartus/nios2eds/bin/gnu/h-i686-mingw32/bin/../lib/gcc/nios2-elf/4.1.2/../../../../nios2-elf/lib/mno-hw-mul\libc.a(lib_a-impure.o)
 .bss           0x00818418        0x0 c:/381/quartus/nios2eds/bin/gnu/h-i686-mingw32/bin/../lib/gcc/nios2-elf/4.1.2/../../../../nios2-elf/lib/mno-hw-mul\libc.a(lib_a-int_errno.o)
 .bss           0x00818418        0x0 c:/381/quartus/nios2eds/bin/gnu/h-i686-mingw32/bin/../lib/gcc/nios2-elf/4.1.2/../../../../nios2-elf/lib/mno-hw-mul\libc.a(lib_a-locale.o)
 .bss           0x00818418        0x0 c:/381/quartus/nios2eds/bin/gnu/h-i686-mingw32/bin/../lib/gcc/nios2-elf/4.1.2/../../../../nios2-elf/lib/mno-hw-mul\libc.a(lib_a-makebuf.o)
 .bss           0x00818418        0x0 c:/381/quartus/nios2eds/bin/gnu/h-i686-mingw32/bin/../lib/gcc/nios2-elf/4.1.2/../../../../nios2-elf/lib/mno-hw-mul\libc.a(lib_a-memchr.o)
 .bss           0x00818418        0x0 c:/381/quartus/nios2eds/bin/gnu/h-i686-mingw32/bin/../lib/gcc/nios2-elf/4.1.2/../../../../nios2-elf/lib/mno-hw-mul\libc.a(lib_a-memcmp.o)
 .bss           0x00818418        0x0 c:/381/quartus/nios2eds/bin/gnu/h-i686-mingw32/bin/../lib/gcc/nios2-elf/4.1.2/../../../../nios2-elf/lib/mno-hw-mul\libc.a(lib_a-memcpy.o)
 .bss           0x00818418        0x0 c:/381/quartus/nios2eds/bin/gnu/h-i686-mingw32/bin/../lib/gcc/nios2-elf/4.1.2/../../../../nios2-elf/lib/mno-hw-mul\libc.a(lib_a-memmove.o)
 .bss           0x00818418        0x0 c:/381/quartus/nios2eds/bin/gnu/h-i686-mingw32/bin/../lib/gcc/nios2-elf/4.1.2/../../../../nios2-elf/lib/mno-hw-mul\libc.a(lib_a-memset.o)
 .bss           0x00818418        0x0 c:/381/quartus/nios2eds/bin/gnu/h-i686-mingw32/bin/../lib/gcc/nios2-elf/4.1.2/../../../../nios2-elf/lib/mno-hw-mul\libc.a(lib_a-mprec.o)
 .bss           0x00818418        0x0 c:/381/quartus/nios2eds/bin/gnu/h-i686-mingw32/bin/../lib/gcc/nios2-elf/4.1.2/../../../../nios2-elf/lib/mno-hw-mul\libc.a(lib_a-reallocr.o)
 .bss           0x00818418        0x0 c:/381/quartus/nios2eds/bin/gnu/h-i686-mingw32/bin/../lib/gcc/nios2-elf/4.1.2/../../../../nios2-elf/lib/mno-hw-mul\libc.a(lib_a-s_isinfd.o)
 .bss           0x00818418        0x0 c:/381/quartus/nios2eds/bin/gnu/h-i686-mingw32/bin/../lib/gcc/nios2-elf/4.1.2/../../../../nios2-elf/lib/mno-hw-mul\libc.a(lib_a-s_isnand.o)
 .bss           0x00818418        0x0 c:/381/quartus/nios2eds/bin/gnu/h-i686-mingw32/bin/../lib/gcc/nios2-elf/4.1.2/../../../../nios2-elf/lib/mno-hw-mul\libc.a(lib_a-stdio.o)
 .bss           0x00818418        0x0 c:/381/quartus/nios2eds/bin/gnu/h-i686-mingw32/bin/../lib/gcc/nios2-elf/4.1.2/../../../../nios2-elf/lib/mno-hw-mul\libc.a(lib_a-strchr.o)
 .bss           0x00818418        0x0 c:/381/quartus/nios2eds/bin/gnu/h-i686-mingw32/bin/../lib/gcc/nios2-elf/4.1.2/../../../../nios2-elf/lib/mno-hw-mul\libc.a(lib_a-strcmp.o)
 .bss           0x00818418        0x0 c:/381/quartus/nios2eds/bin/gnu/h-i686-mingw32/bin/../lib/gcc/nios2-elf/4.1.2/../../../../nios2-elf/lib/mno-hw-mul\libc.a(lib_a-writer.o)
 .bss           0x00818418        0x0 c:/381/quartus/nios2eds/bin/gnu/h-i686-mingw32/bin/../lib/gcc/nios2-elf/4.1.2/../../../../nios2-elf/lib/mno-hw-mul\libc.a(lib_a-callocr.o)
 .bss           0x00818418        0x0 c:/381/quartus/nios2eds/bin/gnu/h-i686-mingw32/bin/../lib/gcc/nios2-elf/4.1.2/../../../../nios2-elf/lib/mno-hw-mul\libc.a(lib_a-closer.o)
 .bss           0x00818418        0x0 c:/381/quartus/nios2eds/bin/gnu/h-i686-mingw32/bin/../lib/gcc/nios2-elf/4.1.2/../../../../nios2-elf/lib/mno-hw-mul\libc.a(lib_a-fclose.o)
 .bss           0x00818418        0x0 c:/381/quartus/nios2eds/bin/gnu/h-i686-mingw32/bin/../lib/gcc/nios2-elf/4.1.2/../../../../nios2-elf/lib/mno-hw-mul\libc.a(lib_a-fstatr.o)
 .bss           0x00818418        0x0 c:/381/quartus/nios2eds/bin/gnu/h-i686-mingw32/bin/../lib/gcc/nios2-elf/4.1.2/../../../../nios2-elf/lib/mno-hw-mul\libc.a(lib_a-isattyr.o)
 .bss           0x00818418        0x0 c:/381/quartus/nios2eds/bin/gnu/h-i686-mingw32/bin/../lib/gcc/nios2-elf/4.1.2/../../../../nios2-elf/lib/mno-hw-mul\libc.a(lib_a-lseekr.o)
 .bss           0x00818418        0x0 c:/381/quartus/nios2eds/bin/gnu/h-i686-mingw32/bin/../lib/gcc/nios2-elf/4.1.2/../../../../nios2-elf/lib/mno-hw-mul\libc.a(lib_a-readr.o)
 .bss           0x00818418        0x0 c:/381/quartus/nios2eds/bin/gnu/h-i686-mingw32/bin/../lib/gcc/nios2-elf/4.1.2/mno-hw-mul\libgcc.a(_udivdi3.o)
 .bss           0x00818418        0x0 c:/381/quartus/nios2eds/bin/gnu/h-i686-mingw32/bin/../lib/gcc/nios2-elf/4.1.2/mno-hw-mul\libgcc.a(_umoddi3.o)
 .bss           0x00818418        0x0 c:/381/quartus/nios2eds/bin/gnu/h-i686-mingw32/bin/../lib/gcc/nios2-elf/4.1.2/mno-hw-mul\libgcc.a(_addsub_df.o)
 .bss           0x00818418        0x0 c:/381/quartus/nios2eds/bin/gnu/h-i686-mingw32/bin/../lib/gcc/nios2-elf/4.1.2/mno-hw-mul\libgcc.a(_mul_df.o)
 .bss           0x00818418        0x0 c:/381/quartus/nios2eds/bin/gnu/h-i686-mingw32/bin/../lib/gcc/nios2-elf/4.1.2/mno-hw-mul\libgcc.a(_div_df.o)
 .bss           0x00818418        0x0 c:/381/quartus/nios2eds/bin/gnu/h-i686-mingw32/bin/../lib/gcc/nios2-elf/4.1.2/mno-hw-mul\libgcc.a(_eq_df.o)
 .bss           0x00818418        0x0 c:/381/quartus/nios2eds/bin/gnu/h-i686-mingw32/bin/../lib/gcc/nios2-elf/4.1.2/mno-hw-mul\libgcc.a(_ne_df.o)
 .bss           0x00818418        0x0 c:/381/quartus/nios2eds/bin/gnu/h-i686-mingw32/bin/../lib/gcc/nios2-elf/4.1.2/mno-hw-mul\libgcc.a(_gt_df.o)
 .bss           0x00818418        0x0 c:/381/quartus/nios2eds/bin/gnu/h-i686-mingw32/bin/../lib/gcc/nios2-elf/4.1.2/mno-hw-mul\libgcc.a(_ge_df.o)
 .bss           0x00818418        0x0 c:/381/quartus/nios2eds/bin/gnu/h-i686-mingw32/bin/../lib/gcc/nios2-elf/4.1.2/mno-hw-mul\libgcc.a(_lt_df.o)
 .bss           0x00818418        0x0 c:/381/quartus/nios2eds/bin/gnu/h-i686-mingw32/bin/../lib/gcc/nios2-elf/4.1.2/mno-hw-mul\libgcc.a(_si_to_df.o)
 .bss           0x00818418        0x0 c:/381/quartus/nios2eds/bin/gnu/h-i686-mingw32/bin/../lib/gcc/nios2-elf/4.1.2/mno-hw-mul\libgcc.a(_df_to_si.o)
 .bss           0x00818418        0x0 c:/381/quartus/nios2eds/bin/gnu/h-i686-mingw32/bin/../lib/gcc/nios2-elf/4.1.2/mno-hw-mul\libgcc.a(_thenan_df.o)
 .bss           0x00818418        0x0 c:/381/quartus/nios2eds/bin/gnu/h-i686-mingw32/bin/../lib/gcc/nios2-elf/4.1.2/mno-hw-mul\libgcc.a(_usi_to_df.o)
 .bss           0x00818418        0x0 c:/381/quartus/nios2eds/bin/gnu/h-i686-mingw32/bin/../lib/gcc/nios2-elf/4.1.2/mno-hw-mul\libgcc.a(lib2-divmod.o)
 .bss           0x00818418        0x0 c:/381/quartus/nios2eds/bin/gnu/h-i686-mingw32/bin/../lib/gcc/nios2-elf/4.1.2/mno-hw-mul\libgcc.a(lib2-mul.o)
 .bss           0x00818418        0x0 c:/381/quartus/nios2eds/bin/gnu/h-i686-mingw32/bin/../lib/gcc/nios2-elf/4.1.2/mno-hw-mul\libgcc.a(_muldi3.o)
 .bss           0x00818418        0x0 c:/381/quartus/nios2eds/bin/gnu/h-i686-mingw32/bin/../lib/gcc/nios2-elf/4.1.2/mno-hw-mul\libgcc.a(_clz.o)
 .bss           0x00818418        0x0 c:/381/quartus/nios2eds/bin/gnu/h-i686-mingw32/bin/../lib/gcc/nios2-elf/4.1.2/mno-hw-mul\libgcc.a(_clzsi2.o)
 .bss           0x00818418        0x0 c:/381/quartus/nios2eds/bin/gnu/h-i686-mingw32/bin/../lib/gcc/nios2-elf/4.1.2/mno-hw-mul\libgcc.a(_pack_df.o)
 .bss           0x00818418        0x0 c:/381/quartus/nios2eds/bin/gnu/h-i686-mingw32/bin/../lib/gcc/nios2-elf/4.1.2/mno-hw-mul\libgcc.a(_unpack_df.o)
 .bss           0x00818418        0x0 c:/381/quartus/nios2eds/bin/gnu/h-i686-mingw32/bin/../lib/gcc/nios2-elf/4.1.2/mno-hw-mul\libgcc.a(_fpcmp_parts_df.o)
 .bss           0x00818418        0x0 ../tutorial1d/\libhal_bsp.a(alt_close.o)
 .bss           0x00818418        0x0 ../tutorial1d/\libhal_bsp.a(alt_dev.o)
 .bss           0x00818418        0x0 ../tutorial1d/\libhal_bsp.a(alt_errno.o)
 .bss           0x00818418        0x0 ../tutorial1d/\libhal_bsp.a(alt_fstat.o)
 .bss           0x00818418        0x0 ../tutorial1d/\libhal_bsp.a(alt_irq_register.o)
 .bss           0x00818418        0x0 ../tutorial1d/\libhal_bsp.a(alt_irq_vars.o)
 .bss           0x00818418        0x0 ../tutorial1d/\libhal_bsp.a(alt_isatty.o)
 .bss           0x00818418        0x0 ../tutorial1d/\libhal_bsp.a(alt_load.o)
 .bss           0x00818418        0x0 ../tutorial1d/\libhal_bsp.a(alt_lseek.o)
 .bss           0x00818418        0x0 ../tutorial1d/\libhal_bsp.a(alt_main.o)
 .bss           0x00818418        0x0 ../tutorial1d/\libhal_bsp.a(alt_malloc_lock.o)
 .bss           0x00818418        0x0 ../tutorial1d/\libhal_bsp.a(alt_printf.o)
 .bss           0x00818418        0x0 ../tutorial1d/\libhal_bsp.a(alt_putchar.o)
 .bss           0x00818418        0x0 ../tutorial1d/\libhal_bsp.a(alt_read.o)
 .bss           0x00818418        0x0 ../tutorial1d/\libhal_bsp.a(alt_release_fd.o)
 .bss           0x00818418        0x0 ../tutorial1d/\libhal_bsp.a(alt_sbrk.o)
 .bss           0x00818418        0x0 ../tutorial1d/\libhal_bsp.a(alt_write.o)
 .bss           0x00818418        0x0 ../tutorial1d/\libhal_bsp.a(alt_sys_init.o)
 .bss           0x00818418        0x0 ../tutorial1d/\libhal_bsp.a(altera_avalon_jtag_uart_fd.o)
 .bss           0x00818418        0x0 ../tutorial1d/\libhal_bsp.a(altera_avalon_jtag_uart_init.o)
 .bss           0x00818418        0x0 ../tutorial1d/\libhal_bsp.a(altera_avalon_jtag_uart_ioctl.o)
 .bss           0x00818418        0x0 ../tutorial1d/\libhal_bsp.a(altera_avalon_jtag_uart_read.o)
 .bss           0x00818418        0x0 ../tutorial1d/\libhal_bsp.a(altera_avalon_jtag_uart_write.o)
 .bss           0x00818418        0x0 ../tutorial1d/\libhal_bsp.a(altera_up_avalon_audio.o)
 .bss           0x00818418        0x0 ../tutorial1d/\libhal_bsp.a(altera_up_avalon_audio_and_video_config.o)
 .bss           0x00818418        0x0 ../tutorial1d/\libhal_bsp.a(altera_up_avalon_character_lcd.o)
 .bss           0x00818418        0x0 ../tutorial1d/\libhal_bsp.a(altera_up_avalon_ps2.o)
 .bss           0x00818418        0x0 ../tutorial1d/\libhal_bsp.a(altera_up_avalon_rs232.o)
 .bss           0x00818418        0x0 ../tutorial1d/\libhal_bsp.a(altera_up_avalon_video_character_buffer_with_dma.o)
 .bss           0x00818418        0x0 ../tutorial1d/\libhal_bsp.a(altera_up_sd_card_avalon_interface.o)
 .bss           0x00818418        0x0 ../tutorial1d/\libhal_bsp.a(alt_alarm_start.o)
 .bss           0x00818418        0x0 ../tutorial1d/\libhal_bsp.a(alt_dcache_flush_all.o)
 .bss           0x00818418        0x0 ../tutorial1d/\libhal_bsp.a(alt_dev_llist_insert.o)
 .bss           0x00818418        0x0 ../tutorial1d/\libhal_bsp.a(alt_do_ctors.o)
 .bss           0x00818418        0x0 ../tutorial1d/\libhal_bsp.a(alt_do_dtors.o)
 .bss           0x00818418        0x0 ../tutorial1d/\libhal_bsp.a(alt_find_dev.o)
 .bss           0x00818418        0x0 ../tutorial1d/\libhal_bsp.a(alt_icache_flush_all.o)
 .bss           0x00818418        0x0 ../tutorial1d/\libhal_bsp.a(alt_io_redirect.o)
 .bss           0x00818418        0x0 ../tutorial1d/\libhal_bsp.a(alt_irq_entry.o)
 .bss           0x00818418        0x0 ../tutorial1d/\libhal_bsp.a(alt_irq_handler.o)
 .bss           0x00818418        0x0 ../tutorial1d/\libhal_bsp.a(alt_open.o)
 .bss           0x00818418        0x0 ../tutorial1d/\libhal_bsp.a(alt_tick.o)
 .bss           0x00818418        0x0 ../tutorial1d/\libhal_bsp.a(altera_nios2_qsys_irq.o)
 .bss           0x00818418        0x0 ../tutorial1d/\libhal_bsp.a(alt_exception_entry.o)
 .bss           0x00818418        0x0 ../tutorial1d/\libhal_bsp.a(alt_find_file.o)
 .bss           0x00818418        0x0 ../tutorial1d/\libhal_bsp.a(alt_get_fd.o)
 .bss           0x00818418        0x0 ../tutorial1d/\libhal_bsp.a(alt_icache_flush.o)
 .bss           0x00818418        0x0 c:/381/quartus/nios2eds/bin/gnu/h-i686-mingw32/bin/../lib/gcc/nios2-elf/4.1.2/../../../../nios2-elf/lib/mno-hw-mul\libc.a(lib_a-atexit.o)
 .bss           0x00818418        0x0 c:/381/quartus/nios2eds/bin/gnu/h-i686-mingw32/bin/../lib/gcc/nios2-elf/4.1.2/../../../../nios2-elf/lib/mno-hw-mul\libc.a(lib_a-exit.o)
 .bss           0x00818418        0x0 c:/381/quartus/nios2eds/bin/gnu/h-i686-mingw32/bin/../lib/gcc/nios2-elf/4.1.2/../../../../nios2-elf/lib/mno-hw-mul\libc.a(lib_a-putc.o)
 .bss           0x00818418        0x0 c:/381/quartus/nios2eds/bin/gnu/h-i686-mingw32/bin/../lib/gcc/nios2-elf/4.1.2/../../../../nios2-elf/lib/mno-hw-mul\libc.a(lib_a-wbuf.o)
 .bss           0x00818418        0x0 c:/381/quartus/nios2eds/bin/gnu/h-i686-mingw32/bin/../lib/gcc/nios2-elf/4.1.2/../../../../nios2-elf/lib/mno-hw-mul\libc.a(lib_a-__atexit.o)
 .bss           0x00818418        0x0 c:/381/quartus/nios2eds/bin/gnu/h-i686-mingw32/bin/../lib/gcc/nios2-elf/4.1.2/../../../../nios2-elf/lib/mno-hw-mul\libc.a(lib_a-__call_atexit.o)
 .bss           0x00818418        0x0 ../tutorial1d/\libhal_bsp.a(alt_exit.o)
 *(COMMON)
 COMMON         0x00818418      0x568 ../tutorial1d/\libhal_bsp.a(altera_up_sd_card_avalon_interface.o)
                0x00818418                search_data
                0x0081842c                boot_sector_data
                0x00818480                active_files
 COMMON         0x00818980      0x100 ../tutorial1d/\libhal_bsp.a(alt_irq_handler.o)
                0x00818980                alt_irq
 COMMON         0x00818a80      0x190 c:/381/quartus/nios2eds/bin/gnu/h-i686-mingw32/bin/../lib/gcc/nios2-elf/4.1.2/../../../../nios2-elf/lib/mno-hw-mul\libc.a(lib_a-atexit.o)
                0x00818a80                _atexit0
                0x00818c10                . = ALIGN (0x4)
                0x00818c10                __bss_end = ABSOLUTE (.)

.sdram          0x00818c10        0x0
                0x00818c10                PROVIDE (_alt_partition_sdram_start, ABSOLUTE (.))
 *(.sdram. sdram.*)
                0x00818c10                . = ALIGN (0x4)
                0x00818c10                PROVIDE (_alt_partition_sdram_end, ABSOLUTE (.))
                0x00818c10                _end = ABSOLUTE (.)
                0x00818c10                end = ABSOLUTE (.)
                0x00818c10                __alt_stack_base = ABSOLUTE (.)
                0x00818c10                PROVIDE (_alt_partition_sdram_load_addr, LOADADDR (.sdram))

.onchip_memory2_0
                0x01083000        0x0 load address 0x00818c10
                0x01083000                PROVIDE (_alt_partition_onchip_memory2_0_start, ABSOLUTE (.))
 *(.onchip_memory2_0. onchip_memory2_0.*)
                0x01083000                . = ALIGN (0x4)
                0x01083000                PROVIDE (_alt_partition_onchip_memory2_0_end, ABSOLUTE (.))
                0x00818c10                PROVIDE (_alt_partition_onchip_memory2_0_load_addr, LOADADDR (.onchip_memory2_0))

.stab
 *(.stab)

.stabstr
 *(.stabstr)

.stab.excl
 *(.stab.excl)

.stab.exclstr
 *(.stab.exclstr)

.stab.index
 *(.stab.index)

.stab.indexstr
 *(.stab.indexstr)

.comment        0x00000000       0x26
 *(.comment)
 .comment       0x00000000       0x26 obj/default/hello_world.o
                                 0x27 (size before relaxing)
 .comment       0x00000000       0x27 c:/381/quartus/nios2eds/bin/gnu/h-i686-mingw32/bin/../lib/gcc/nios2-elf/4.1.2/../../../../nios2-elf/lib/mno-hw-mul\libc.a(lib_a-malloc.o)
 .comment       0x00000000       0x27 c:/381/quartus/nios2eds/bin/gnu/h-i686-mingw32/bin/../lib/gcc/nios2-elf/4.1.2/../../../../nios2-elf/lib/mno-hw-mul\libc.a(lib_a-mallocr.o)
 .comment       0x00000000       0x27 c:/381/quartus/nios2eds/bin/gnu/h-i686-mingw32/bin/../lib/gcc/nios2-elf/4.1.2/../../../../nios2-elf/lib/mno-hw-mul\libc.a(lib_a-printf.o)
 .comment       0x00000000       0x27 c:/381/quartus/nios2eds/bin/gnu/h-i686-mingw32/bin/../lib/gcc/nios2-elf/4.1.2/../../../../nios2-elf/lib/mno-hw-mul\libc.a(lib_a-puts.o)
 .comment       0x00000000       0x27 c:/381/quartus/nios2eds/bin/gnu/h-i686-mingw32/bin/../lib/gcc/nios2-elf/4.1.2/../../../../nios2-elf/lib/mno-hw-mul\libc.a(lib_a-sbrkr.o)
 .comment       0x00000000       0x27 c:/381/quartus/nios2eds/bin/gnu/h-i686-mingw32/bin/../lib/gcc/nios2-elf/4.1.2/../../../../nios2-elf/lib/mno-hw-mul\libc.a(lib_a-strlen.o)
 .comment       0x00000000       0x27 c:/381/quartus/nios2eds/bin/gnu/h-i686-mingw32/bin/../lib/gcc/nios2-elf/4.1.2/../../../../nios2-elf/lib/mno-hw-mul\libc.a(lib_a-strstr.o)
 .comment       0x00000000       0x27 c:/381/quartus/nios2eds/bin/gnu/h-i686-mingw32/bin/../lib/gcc/nios2-elf/4.1.2/../../../../nios2-elf/lib/mno-hw-mul\libc.a(lib_a-vfprintf.o)
 .comment       0x00000000       0x27 c:/381/quartus/nios2eds/bin/gnu/h-i686-mingw32/bin/../lib/gcc/nios2-elf/4.1.2/../../../../nios2-elf/lib/mno-hw-mul\libc.a(lib_a-wsetup.o)
 .comment       0x00000000       0x27 c:/381/quartus/nios2eds/bin/gnu/h-i686-mingw32/bin/../lib/gcc/nios2-elf/4.1.2/../../../../nios2-elf/lib/mno-hw-mul\libc.a(lib_a-dtoa.o)
 .comment       0x00000000       0x27 c:/381/quartus/nios2eds/bin/gnu/h-i686-mingw32/bin/../lib/gcc/nios2-elf/4.1.2/../../../../nios2-elf/lib/mno-hw-mul\libc.a(lib_a-fflush.o)
 .comment       0x00000000       0x27 c:/381/quartus/nios2eds/bin/gnu/h-i686-mingw32/bin/../lib/gcc/nios2-elf/4.1.2/../../../../nios2-elf/lib/mno-hw-mul\libc.a(lib_a-findfp.o)
 .comment       0x00000000       0x27 c:/381/quartus/nios2eds/bin/gnu/h-i686-mingw32/bin/../lib/gcc/nios2-elf/4.1.2/../../../../nios2-elf/lib/mno-hw-mul\libc.a(lib_a-freer.o)
 .comment       0x00000000       0x27 c:/381/quartus/nios2eds/bin/gnu/h-i686-mingw32/bin/../lib/gcc/nios2-elf/4.1.2/../../../../nios2-elf/lib/mno-hw-mul\libc.a(lib_a-fvwrite.o)
 .comment       0x00000000       0x27 c:/381/quartus/nios2eds/bin/gnu/h-i686-mingw32/bin/../lib/gcc/nios2-elf/4.1.2/../../../../nios2-elf/lib/mno-hw-mul\libc.a(lib_a-fwalk.o)
 .comment       0x00000000       0x27 c:/381/quartus/nios2eds/bin/gnu/h-i686-mingw32/bin/../lib/gcc/nios2-elf/4.1.2/../../../../nios2-elf/lib/mno-hw-mul\libc.a(lib_a-impure.o)
 .comment       0x00000000       0x27 c:/381/quartus/nios2eds/bin/gnu/h-i686-mingw32/bin/../lib/gcc/nios2-elf/4.1.2/../../../../nios2-elf/lib/mno-hw-mul\libc.a(lib_a-int_errno.o)
 .comment       0x00000000       0x27 c:/381/quartus/nios2eds/bin/gnu/h-i686-mingw32/bin/../lib/gcc/nios2-elf/4.1.2/../../../../nios2-elf/lib/mno-hw-mul\libc.a(lib_a-locale.o)
 .comment       0x00000000       0x27 c:/381/quartus/nios2eds/bin/gnu/h-i686-mingw32/bin/../lib/gcc/nios2-elf/4.1.2/../../../../nios2-elf/lib/mno-hw-mul\libc.a(lib_a-makebuf.o)
 .comment       0x00000000       0x27 c:/381/quartus/nios2eds/bin/gnu/h-i686-mingw32/bin/../lib/gcc/nios2-elf/4.1.2/../../../../nios2-elf/lib/mno-hw-mul\libc.a(lib_a-memchr.o)
 .comment       0x00000000       0x27 c:/381/quartus/nios2eds/bin/gnu/h-i686-mingw32/bin/../lib/gcc/nios2-elf/4.1.2/../../../../nios2-elf/lib/mno-hw-mul\libc.a(lib_a-memcmp.o)
 .comment       0x00000000       0x27 c:/381/quartus/nios2eds/bin/gnu/h-i686-mingw32/bin/../lib/gcc/nios2-elf/4.1.2/../../../../nios2-elf/lib/mno-hw-mul\libc.a(lib_a-memcpy.o)
 .comment       0x00000000       0x27 c:/381/quartus/nios2eds/bin/gnu/h-i686-mingw32/bin/../lib/gcc/nios2-elf/4.1.2/../../../../nios2-elf/lib/mno-hw-mul\libc.a(lib_a-memmove.o)
 .comment       0x00000000       0x27 c:/381/quartus/nios2eds/bin/gnu/h-i686-mingw32/bin/../lib/gcc/nios2-elf/4.1.2/../../../../nios2-elf/lib/mno-hw-mul\libc.a(lib_a-memset.o)
 .comment       0x00000000       0x27 c:/381/quartus/nios2eds/bin/gnu/h-i686-mingw32/bin/../lib/gcc/nios2-elf/4.1.2/../../../../nios2-elf/lib/mno-hw-mul\libc.a(lib_a-mprec.o)
 .comment       0x00000000       0x27 c:/381/quartus/nios2eds/bin/gnu/h-i686-mingw32/bin/../lib/gcc/nios2-elf/4.1.2/../../../../nios2-elf/lib/mno-hw-mul\libc.a(lib_a-reallocr.o)
 .comment       0x00000000       0x27 c:/381/quartus/nios2eds/bin/gnu/h-i686-mingw32/bin/../lib/gcc/nios2-elf/4.1.2/../../../../nios2-elf/lib/mno-hw-mul\libc.a(lib_a-s_isinfd.o)
 .comment       0x00000000       0x27 c:/381/quartus/nios2eds/bin/gnu/h-i686-mingw32/bin/../lib/gcc/nios2-elf/4.1.2/../../../../nios2-elf/lib/mno-hw-mul\libc.a(lib_a-s_isnand.o)
 .comment       0x00000000       0x27 c:/381/quartus/nios2eds/bin/gnu/h-i686-mingw32/bin/../lib/gcc/nios2-elf/4.1.2/../../../../nios2-elf/lib/mno-hw-mul\libc.a(lib_a-stdio.o)
 .comment       0x00000000       0x27 c:/381/quartus/nios2eds/bin/gnu/h-i686-mingw32/bin/../lib/gcc/nios2-elf/4.1.2/../../../../nios2-elf/lib/mno-hw-mul\libc.a(lib_a-strchr.o)
 .comment       0x00000000       0x27 c:/381/quartus/nios2eds/bin/gnu/h-i686-mingw32/bin/../lib/gcc/nios2-elf/4.1.2/../../../../nios2-elf/lib/mno-hw-mul\libc.a(lib_a-strcmp.o)
 .comment       0x00000000       0x27 c:/381/quartus/nios2eds/bin/gnu/h-i686-mingw32/bin/../lib/gcc/nios2-elf/4.1.2/../../../../nios2-elf/lib/mno-hw-mul\libc.a(lib_a-writer.o)
 .comment       0x00000000       0x27 c:/381/quartus/nios2eds/bin/gnu/h-i686-mingw32/bin/../lib/gcc/nios2-elf/4.1.2/../../../../nios2-elf/lib/mno-hw-mul\libc.a(lib_a-callocr.o)
 .comment       0x00000000       0x27 c:/381/quartus/nios2eds/bin/gnu/h-i686-mingw32/bin/../lib/gcc/nios2-elf/4.1.2/../../../../nios2-elf/lib/mno-hw-mul\libc.a(lib_a-closer.o)
 .comment       0x00000000       0x27 c:/381/quartus/nios2eds/bin/gnu/h-i686-mingw32/bin/../lib/gcc/nios2-elf/4.1.2/../../../../nios2-elf/lib/mno-hw-mul\libc.a(lib_a-fclose.o)
 .comment       0x00000000       0x27 c:/381/quartus/nios2eds/bin/gnu/h-i686-mingw32/bin/../lib/gcc/nios2-elf/4.1.2/../../../../nios2-elf/lib/mno-hw-mul\libc.a(lib_a-fstatr.o)
 .comment       0x00000000       0x27 c:/381/quartus/nios2eds/bin/gnu/h-i686-mingw32/bin/../lib/gcc/nios2-elf/4.1.2/../../../../nios2-elf/lib/mno-hw-mul\libc.a(lib_a-isattyr.o)
 .comment       0x00000000       0x27 c:/381/quartus/nios2eds/bin/gnu/h-i686-mingw32/bin/../lib/gcc/nios2-elf/4.1.2/../../../../nios2-elf/lib/mno-hw-mul\libc.a(lib_a-lseekr.o)
 .comment       0x00000000       0x27 c:/381/quartus/nios2eds/bin/gnu/h-i686-mingw32/bin/../lib/gcc/nios2-elf/4.1.2/../../../../nios2-elf/lib/mno-hw-mul\libc.a(lib_a-readr.o)
 .comment       0x00000000       0x27 c:/381/quartus/nios2eds/bin/gnu/h-i686-mingw32/bin/../lib/gcc/nios2-elf/4.1.2/mno-hw-mul\libgcc.a(_udivdi3.o)
 .comment       0x00000000       0x27 c:/381/quartus/nios2eds/bin/gnu/h-i686-mingw32/bin/../lib/gcc/nios2-elf/4.1.2/mno-hw-mul\libgcc.a(_umoddi3.o)
 .comment       0x00000000       0x27 c:/381/quartus/nios2eds/bin/gnu/h-i686-mingw32/bin/../lib/gcc/nios2-elf/4.1.2/mno-hw-mul\libgcc.a(_addsub_df.o)
 .comment       0x00000000       0x27 c:/381/quartus/nios2eds/bin/gnu/h-i686-mingw32/bin/../lib/gcc/nios2-elf/4.1.2/mno-hw-mul\libgcc.a(_mul_df.o)
 .comment       0x00000000       0x27 c:/381/quartus/nios2eds/bin/gnu/h-i686-mingw32/bin/../lib/gcc/nios2-elf/4.1.2/mno-hw-mul\libgcc.a(_div_df.o)
 .comment       0x00000000       0x27 c:/381/quartus/nios2eds/bin/gnu/h-i686-mingw32/bin/../lib/gcc/nios2-elf/4.1.2/mno-hw-mul\libgcc.a(_eq_df.o)
 .comment       0x00000000       0x27 c:/381/quartus/nios2eds/bin/gnu/h-i686-mingw32/bin/../lib/gcc/nios2-elf/4.1.2/mno-hw-mul\libgcc.a(_ne_df.o)
 .comment       0x00000000       0x27 c:/381/quartus/nios2eds/bin/gnu/h-i686-mingw32/bin/../lib/gcc/nios2-elf/4.1.2/mno-hw-mul\libgcc.a(_gt_df.o)
 .comment       0x00000000       0x27 c:/381/quartus/nios2eds/bin/gnu/h-i686-mingw32/bin/../lib/gcc/nios2-elf/4.1.2/mno-hw-mul\libgcc.a(_ge_df.o)
 .comment       0x00000000       0x27 c:/381/quartus/nios2eds/bin/gnu/h-i686-mingw32/bin/../lib/gcc/nios2-elf/4.1.2/mno-hw-mul\libgcc.a(_lt_df.o)
 .comment       0x00000000       0x27 c:/381/quartus/nios2eds/bin/gnu/h-i686-mingw32/bin/../lib/gcc/nios2-elf/4.1.2/mno-hw-mul\libgcc.a(_si_to_df.o)
 .comment       0x00000000       0x27 c:/381/quartus/nios2eds/bin/gnu/h-i686-mingw32/bin/../lib/gcc/nios2-elf/4.1.2/mno-hw-mul\libgcc.a(_df_to_si.o)
 .comment       0x00000000       0x27 c:/381/quartus/nios2eds/bin/gnu/h-i686-mingw32/bin/../lib/gcc/nios2-elf/4.1.2/mno-hw-mul\libgcc.a(_thenan_df.o)
 .comment       0x00000000       0x27 c:/381/quartus/nios2eds/bin/gnu/h-i686-mingw32/bin/../lib/gcc/nios2-elf/4.1.2/mno-hw-mul\libgcc.a(_usi_to_df.o)
 .comment       0x00000000       0x27 c:/381/quartus/nios2eds/bin/gnu/h-i686-mingw32/bin/../lib/gcc/nios2-elf/4.1.2/mno-hw-mul\libgcc.a(lib2-divmod.o)
 .comment       0x00000000       0x27 c:/381/quartus/nios2eds/bin/gnu/h-i686-mingw32/bin/../lib/gcc/nios2-elf/4.1.2/mno-hw-mul\libgcc.a(lib2-mul.o)
 .comment       0x00000000       0x27 c:/381/quartus/nios2eds/bin/gnu/h-i686-mingw32/bin/../lib/gcc/nios2-elf/4.1.2/mno-hw-mul\libgcc.a(_muldi3.o)
 .comment       0x00000000       0x27 c:/381/quartus/nios2eds/bin/gnu/h-i686-mingw32/bin/../lib/gcc/nios2-elf/4.1.2/mno-hw-mul\libgcc.a(_clz.o)
 .comment       0x00000000       0x27 c:/381/quartus/nios2eds/bin/gnu/h-i686-mingw32/bin/../lib/gcc/nios2-elf/4.1.2/mno-hw-mul\libgcc.a(_clzsi2.o)
 .comment       0x00000000       0x27 c:/381/quartus/nios2eds/bin/gnu/h-i686-mingw32/bin/../lib/gcc/nios2-elf/4.1.2/mno-hw-mul\libgcc.a(_pack_df.o)
 .comment       0x00000000       0x27 c:/381/quartus/nios2eds/bin/gnu/h-i686-mingw32/bin/../lib/gcc/nios2-elf/4.1.2/mno-hw-mul\libgcc.a(_unpack_df.o)
 .comment       0x00000000       0x27 c:/381/quartus/nios2eds/bin/gnu/h-i686-mingw32/bin/../lib/gcc/nios2-elf/4.1.2/mno-hw-mul\libgcc.a(_fpcmp_parts_df.o)
 .comment       0x00000000       0x27 ../tutorial1d/\libhal_bsp.a(alt_close.o)
 .comment       0x00000000       0x27 ../tutorial1d/\libhal_bsp.a(alt_dev.o)
 .comment       0x00000000       0x27 ../tutorial1d/\libhal_bsp.a(alt_errno.o)
 .comment       0x00000000       0x27 ../tutorial1d/\libhal_bsp.a(alt_fstat.o)
 .comment       0x00000000       0x27 ../tutorial1d/\libhal_bsp.a(alt_irq_register.o)
 .comment       0x00000000       0x27 ../tutorial1d/\libhal_bsp.a(alt_irq_vars.o)
 .comment       0x00000000       0x27 ../tutorial1d/\libhal_bsp.a(alt_isatty.o)
 .comment       0x00000000       0x27 ../tutorial1d/\libhal_bsp.a(alt_load.o)
 .comment       0x00000000       0x27 ../tutorial1d/\libhal_bsp.a(alt_lseek.o)
 .comment       0x00000000       0x27 ../tutorial1d/\libhal_bsp.a(alt_main.o)
 .comment       0x00000000       0x27 ../tutorial1d/\libhal_bsp.a(alt_malloc_lock.o)
 .comment       0x00000000       0x27 ../tutorial1d/\libhal_bsp.a(alt_printf.o)
 .comment       0x00000000       0x27 ../tutorial1d/\libhal_bsp.a(alt_putchar.o)
 .comment       0x00000000       0x27 ../tutorial1d/\libhal_bsp.a(alt_read.o)
 .comment       0x00000000       0x27 ../tutorial1d/\libhal_bsp.a(alt_release_fd.o)
 .comment       0x00000000       0x27 ../tutorial1d/\libhal_bsp.a(alt_sbrk.o)
 .comment       0x00000000       0x27 ../tutorial1d/\libhal_bsp.a(alt_write.o)
 .comment       0x00000000       0x27 ../tutorial1d/\libhal_bsp.a(alt_sys_init.o)
 .comment       0x00000000       0x27 ../tutorial1d/\libhal_bsp.a(altera_avalon_jtag_uart_fd.o)
 .comment       0x00000000       0x27 ../tutorial1d/\libhal_bsp.a(altera_avalon_jtag_uart_init.o)
 .comment       0x00000000       0x27 ../tutorial1d/\libhal_bsp.a(altera_avalon_jtag_uart_ioctl.o)
 .comment       0x00000000       0x27 ../tutorial1d/\libhal_bsp.a(altera_avalon_jtag_uart_read.o)
 .comment       0x00000000       0x27 ../tutorial1d/\libhal_bsp.a(altera_avalon_jtag_uart_write.o)
 .comment       0x00000000       0x27 ../tutorial1d/\libhal_bsp.a(altera_up_avalon_audio.o)
 .comment       0x00000000       0x27 ../tutorial1d/\libhal_bsp.a(altera_up_avalon_audio_and_video_config.o)